
===== cycle 2026-08-21 00:00:01 UTC (host local 2026-08-20 17:00:01) =====
DEMO GATE OK -> 1514166963 FTMO-Demo equity 99430.84
  bar-vs-tick gap 2s (diagnostic only; freshness is decided by clock_state after exits and reconciliation)
PREFLIGHT OK -- account, clock, data, state, ledgers all verified
  CLOCK FEED_FRESH: feed advancing, age in band, host within tolerance
profit -0.51%  daily headroom 5.00%  total headroom 9.49%  trading days 2

  DESK CLOCK 2026-08-21 01:00 London (broker)
  MARKET EURUSD      STRONG_TREND,EXTENDED,AT_HTF_LEVEL,RISK_ON
  MARKET US100.cash  TRANSITION,COMPRESSION,AT_HTF_LEVEL,RISK_ON
  MARKET US500.cash  WEAK_TREND,COMPRESSION,AT_HTF_LEVEL,RISK_OFF
  MARKET XAUUSD      STRONG_TREND,EXTENDED,AT_HTF_LEVEL,RISK_OFF
  BOT_A_gold_0630_breakout: no trade -- outside window: 01:00 London, opens 06:30 closes 16:00
  BOT_B_nas100_usopen_breakout: NOT ELIGIBLE -- regime TRANSITION is structurally wrong for this bot
  BOT_C_sp500_london_breakout: no trade -- outside window: 01:00 London, opens 08:00 closes 16:30
  BOT_D_gold_ny_breakout: no trade -- outside window: 01:00 London, opens 14:30 closes 20:00
  BOT_E_eurusd_london_breakout: no trade -- outside window: 01:00 London, opens 08:00 closes 17:00
  BOT_F_nas100_vwap_reversion: NOT ELIGIBLE -- regime TRANSITION is structurally wrong for this bot
  BOT_G_nas100_h4_pullback: NOT ELIGIBLE -- regime TRANSITION is structurally wrong for this bot
  BOT_H_gold_sweep_reclaim: NOT ELIGIBLE -- regime STRONG_TREND is structurally wrong for this bot

  CIO: 0 candidate(s); 0 funded, 0.000% total risk
