
===== cycle 2026-09-09 00:00:02 UTC (host local 2026-09-08 17:00:02) =====
DEMO GATE OK -> 1514487471 FTMO-Demo equity 99995.90
  bar-vs-tick gap 3s (diagnostic only; freshness is decided by clock_state after exits and reconciliation)
PREFLIGHT OK -- account, clock, data, state, ledgers all verified
  CLOCK FEED_FRESH: feed advancing, age in band, host within tolerance
profit +0.05%  daily headroom 5.00%  total headroom 10.05%  trading days 4

  DESK CLOCK 2026-09-09 01:00 London (broker)
  MARKET EURUSD      WEAK_TREND,AT_HTF_LEVEL,RISK_OFF
  MARKET US100.cash  TRANSITION,AT_HTF_LEVEL,RISK_OFF
  MARKET US500.cash  TRANSITION,AT_HTF_LEVEL,RISK_OFF
  MARKET XAUUSD      TRANSITION,AT_HTF_LEVEL,RISK_OFF
  BOT_A_gold_0630_breakout: no trade -- outside window: 01:00 London, opens 06:30 closes 16:00
  BOT_B_nas100_usopen_breakout: NOT ELIGIBLE -- regime TRANSITION is structurally wrong for this bot
  BOT_C_sp500_london_breakout: no trade -- outside window: 01:00 London, opens 08:00 closes 16:30
  BOT_D_gold_ny_breakout: no trade -- outside window: 01:00 London, opens 14:30 closes 20:00
  BOT_E_eurusd_london_breakout: no trade -- outside window: 01:00 London, opens 08:00 closes 17:00
  BOT_F_nas100_vwap_reversion: NOT ELIGIBLE -- regime TRANSITION is structurally wrong for this bot
  BOT_G_nas100_h4_pullback: NOT ELIGIBLE -- regime TRANSITION is structurally wrong for this bot
  BOT_H_gold_sweep_reclaim: no trade -- outside window: 01:00 London

  CIO: 0 candidate(s); 0 funded, 0.000% total risk
