
===== cycle 2026-09-08 00:00:01 UTC (host local 2026-09-07 17:00:01) =====
DEMO GATE OK -> 1514487471 FTMO-Demo equity 99995.90
  bar-vs-tick gap 2s (diagnostic only; freshness is decided by clock_state after exits and reconciliation)
  ! HOST CLOCK is 180.0 min from the broker's. Session windows are UNAFFECTED (offset is hour-rounded), but fix it: the hypervisor time provider usually needs disabling before w32time will hold.
PREFLIGHT OK -- account, clock, data, state, ledgers all verified
  CLOCK BOOTSTRAPPING: awaiting advancement proof
  NO NEW ENTRIES THIS CYCLE -- a trustworthy current market clock could not be established. Open positions keep their broker stops; exits and reconciliation have already run.

===== cycle 2026-09-08 00:00:03 UTC (host local 2026-09-07 17:00:03) =====
DEMO GATE OK -> 1514487471 FTMO-Demo equity 99995.90
  bar-vs-tick gap 4s (diagnostic only; freshness is decided by clock_state after exits and reconciliation)
  ! HOST CLOCK is 180.0 min from the broker's. Session windows are UNAFFECTED (offset is hour-rounded), but fix it: the hypervisor time provider usually needs disabling before w32time will hold.
PREFLIGHT OK -- account, clock, data, state, ledgers all verified
  CLOCK BOOTSTRAPPING: awaiting advancement proof
  NO NEW ENTRIES THIS CYCLE -- a trustworthy current market clock could not be established. Open positions keep their broker stops; exits and reconciliation have already run.

===== cycle 2026-09-08 00:01:01 UTC (host local 2026-09-07 17:01:01) =====
DEMO GATE OK -> 1514487471 FTMO-Demo equity 99995.90
  bar-vs-tick gap 2s (diagnostic only; freshness is decided by clock_state after exits and reconciliation)
  ! HOST CLOCK is 180.0 min from the broker's. Session windows are UNAFFECTED (offset is hour-rounded), but fix it: the hypervisor time provider usually needs disabling before w32time will hold.
PREFLIGHT OK -- account, clock, data, state, ledgers all verified
  CLOCK BOOTSTRAPPING: awaiting advancement proof
  NO NEW ENTRIES THIS CYCLE -- a trustworthy current market clock could not be established. Open positions keep their broker stops; exits and reconciliation have already run.

===== cycle 2026-09-08 00:01:04 UTC (host local 2026-09-07 17:01:04) =====
DEMO GATE OK -> 1514487471 FTMO-Demo equity 99995.90
  bar-vs-tick gap 5s (diagnostic only; freshness is decided by clock_state after exits and reconciliation)
  ! HOST CLOCK is 180.0 min from the broker's. Session windows are UNAFFECTED (offset is hour-rounded), but fix it: the hypervisor time provider usually needs disabling before w32time will hold.
PREFLIGHT OK -- account, clock, data, state, ledgers all verified
  CLOCK BOOTSTRAPPING: awaiting advancement proof
  NO NEW ENTRIES THIS CYCLE -- a trustworthy current market clock could not be established. Open positions keep their broker stops; exits and reconciliation have already run.

===== cycle 2026-09-08 00:02:01 UTC (host local 2026-09-07 17:02:01) =====
DEMO GATE OK -> 1514487471 FTMO-Demo equity 99995.90
  bar-vs-tick gap 2s (diagnostic only; freshness is decided by clock_state after exits and reconciliation)
  ! HOST CLOCK is 180.0 min from the broker's. Session windows are UNAFFECTED (offset is hour-rounded), but fix it: the hypervisor time provider usually needs disabling before w32time will hold.
PREFLIGHT OK -- account, clock, data, state, ledgers all verified
  CLOCK BOOTSTRAPPING: awaiting advancement proof
  NO NEW ENTRIES THIS CYCLE -- a trustworthy current market clock could not be established. Open positions keep their broker stops; exits and reconciliation have already run.

===== cycle 2026-09-08 00:02:05 UTC (host local 2026-09-07 17:02:05) =====
DEMO GATE OK -> 1514487471 FTMO-Demo equity 99995.90
  bar-vs-tick gap 6s (diagnostic only; freshness is decided by clock_state after exits and reconciliation)
  ! HOST CLOCK is 180.0 min from the broker's. Session windows are UNAFFECTED (offset is hour-rounded), but fix it: the hypervisor time provider usually needs disabling before w32time will hold.
PREFLIGHT OK -- account, clock, data, state, ledgers all verified
  CLOCK BOOTSTRAPPING: awaiting advancement proof
  NO NEW ENTRIES THIS CYCLE -- a trustworthy current market clock could not be established. Open positions keep their broker stops; exits and reconciliation have already run.

===== cycle 2026-09-08 00:03:01 UTC (host local 2026-09-07 17:03:01) =====
DEMO GATE OK -> 1514487471 FTMO-Demo equity 99995.90
  bar-vs-tick gap 2s (diagnostic only; freshness is decided by clock_state after exits and reconciliation)
  ! HOST CLOCK is 180.0 min from the broker's. Session windows are UNAFFECTED (offset is hour-rounded), but fix it: the hypervisor time provider usually needs disabling before w32time will hold.
PREFLIGHT OK -- account, clock, data, state, ledgers all verified
  CLOCK BOOTSTRAPPING: awaiting advancement proof
  NO NEW ENTRIES THIS CYCLE -- a trustworthy current market clock could not be established. Open positions keep their broker stops; exits and reconciliation have already run.

===== cycle 2026-09-08 00:03:06 UTC (host local 2026-09-07 17:03:06) =====
DEMO GATE OK -> 1514487471 FTMO-Demo equity 99995.90
  bar-vs-tick gap 7s (diagnostic only; freshness is decided by clock_state after exits and reconciliation)
  ! HOST CLOCK is 180.0 min from the broker's. Session windows are UNAFFECTED (offset is hour-rounded), but fix it: the hypervisor time provider usually needs disabling before w32time will hold.
PREFLIGHT OK -- account, clock, data, state, ledgers all verified
  CLOCK BOOTSTRAPPING: awaiting advancement proof
  NO NEW ENTRIES THIS CYCLE -- a trustworthy current market clock could not be established. Open positions keep their broker stops; exits and reconciliation have already run.

===== cycle 2026-09-08 00:04:01 UTC (host local 2026-09-07 17:04:01) =====
DEMO GATE OK -> 1514487471 FTMO-Demo equity 99995.90
  bar-vs-tick gap 2s (diagnostic only; freshness is decided by clock_state after exits and reconciliation)
  ! HOST CLOCK is 180.0 min from the broker's. Session windows are UNAFFECTED (offset is hour-rounded), but fix it: the hypervisor time provider usually needs disabling before w32time will hold.
PREFLIGHT OK -- account, clock, data, state, ledgers all verified
  CLOCK BOOTSTRAPPING: awaiting advancement proof
  NO NEW ENTRIES THIS CYCLE -- a trustworthy current market clock could not be established. Open positions keep their broker stops; exits and reconciliation have already run.

===== cycle 2026-09-08 00:04:07 UTC (host local 2026-09-07 17:04:07) =====
DEMO GATE OK -> 1514487471 FTMO-Demo equity 99995.90
  bar-vs-tick gap 8s (diagnostic only; freshness is decided by clock_state after exits and reconciliation)
  ! HOST CLOCK is 180.0 min from the broker's. Session windows are UNAFFECTED (offset is hour-rounded), but fix it: the hypervisor time provider usually needs disabling before w32time will hold.
PREFLIGHT OK -- account, clock, data, state, ledgers all verified
  CLOCK BOOTSTRAPPING: awaiting advancement proof
  NO NEW ENTRIES THIS CYCLE -- a trustworthy current market clock could not be established. Open positions keep their broker stops; exits and reconciliation have already run.

===== cycle 2026-09-08 00:05:01 UTC (host local 2026-09-07 17:05:01) =====
DEMO GATE OK -> 1514487471 FTMO-Demo equity 99995.90
  bar-vs-tick gap 2s (diagnostic only; freshness is decided by clock_state after exits and reconciliation)
  ! HOST CLOCK is 180.0 min from the broker's. Session windows are UNAFFECTED (offset is hour-rounded), but fix it: the hypervisor time provider usually needs disabling before w32time will hold.
PREFLIGHT OK -- account, clock, data, state, ledgers all verified
  CLOCK BOOTSTRAPPING: awaiting advancement proof
  NO NEW ENTRIES THIS CYCLE -- a trustworthy current market clock could not be established. Open positions keep their broker stops; exits and reconciliation have already run.

===== cycle 2026-09-08 00:05:08 UTC (host local 2026-09-07 17:05:08) =====
DEMO GATE OK -> 1514487471 FTMO-Demo equity 99995.90
  bar-vs-tick gap 9s (diagnostic only; freshness is decided by clock_state after exits and reconciliation)
  ! HOST CLOCK is 180.0 min from the broker's. Session windows are UNAFFECTED (offset is hour-rounded), but fix it: the hypervisor time provider usually needs disabling before w32time will hold.
PREFLIGHT OK -- account, clock, data, state, ledgers all verified
  CLOCK BOOTSTRAPPING: awaiting advancement proof
  NO NEW ENTRIES THIS CYCLE -- a trustworthy current market clock could not be established. Open positions keep their broker stops; exits and reconciliation have already run.

===== cycle 2026-09-08 00:06:01 UTC (host local 2026-09-07 17:06:01) =====
DEMO GATE OK -> 1514487471 FTMO-Demo equity 99995.90
  bar-vs-tick gap 2s (diagnostic only; freshness is decided by clock_state after exits and reconciliation)
  ! HOST CLOCK is 180.0 min from the broker's. Session windows are UNAFFECTED (offset is hour-rounded), but fix it: the hypervisor time provider usually needs disabling before w32time will hold.
PREFLIGHT OK -- account, clock, data, state, ledgers all verified
  CLOCK BOOTSTRAPPING: awaiting advancement proof
  NO NEW ENTRIES THIS CYCLE -- a trustworthy current market clock could not be established. Open positions keep their broker stops; exits and reconciliation have already run.

===== cycle 2026-09-08 00:06:10 UTC (host local 2026-09-07 17:06:10) =====
DEMO GATE OK -> 1514487471 FTMO-Demo equity 99995.90
  bar-vs-tick gap 10s (diagnostic only; freshness is decided by clock_state after exits and reconciliation)
  ! HOST CLOCK is 180.0 min from the broker's. Session windows are UNAFFECTED (offset is hour-rounded), but fix it: the hypervisor time provider usually needs disabling before w32time will hold.
PREFLIGHT OK -- account, clock, data, state, ledgers all verified
  CLOCK BOOTSTRAPPING: awaiting advancement proof
  NO NEW ENTRIES THIS CYCLE -- a trustworthy current market clock could not be established. Open positions keep their broker stops; exits and reconciliation have already run.

===== cycle 2026-09-08 00:07:01 UTC (host local 2026-09-07 17:07:01) =====
DEMO GATE OK -> 1514487471 FTMO-Demo equity 99995.90
  bar-vs-tick gap 2s (diagnostic only; freshness is decided by clock_state after exits and reconciliation)
  ! HOST CLOCK is 180.0 min from the broker's. Session windows are UNAFFECTED (offset is hour-rounded), but fix it: the hypervisor time provider usually needs disabling before w32time will hold.
PREFLIGHT OK -- account, clock, data, state, ledgers all verified
  CLOCK BOOTSTRAPPING: awaiting advancement proof
  NO NEW ENTRIES THIS CYCLE -- a trustworthy current market clock could not be established. Open positions keep their broker stops; exits and reconciliation have already run.

===== cycle 2026-09-08 00:07:11 UTC (host local 2026-09-07 17:07:11) =====
DEMO GATE OK -> 1514487471 FTMO-Demo equity 99995.90
  bar-vs-tick gap 11s (diagnostic only; freshness is decided by clock_state after exits and reconciliation)
  ! HOST CLOCK is 180.0 min from the broker's. Session windows are UNAFFECTED (offset is hour-rounded), but fix it: the hypervisor time provider usually needs disabling before w32time will hold.
PREFLIGHT OK -- account, clock, data, state, ledgers all verified
  CLOCK BOOTSTRAPPING: awaiting advancement proof
  NO NEW ENTRIES THIS CYCLE -- a trustworthy current market clock could not be established. Open positions keep their broker stops; exits and reconciliation have already run.

===== cycle 2026-09-08 00:08:01 UTC (host local 2026-09-07 17:08:01) =====
DEMO GATE OK -> 1514487471 FTMO-Demo equity 99995.90
  bar-vs-tick gap 2s (diagnostic only; freshness is decided by clock_state after exits and reconciliation)
  ! HOST CLOCK is 180.0 min from the broker's. Session windows are UNAFFECTED (offset is hour-rounded), but fix it: the hypervisor time provider usually needs disabling before w32time will hold.
PREFLIGHT OK -- account, clock, data, state, ledgers all verified
  CLOCK BOOTSTRAPPING: awaiting advancement proof
  NO NEW ENTRIES THIS CYCLE -- a trustworthy current market clock could not be established. Open positions keep their broker stops; exits and reconciliation have already run.

===== cycle 2026-09-08 00:08:12 UTC (host local 2026-09-07 17:08:12) =====
DEMO GATE OK -> 1514487471 FTMO-Demo equity 99995.90
  bar-vs-tick gap 12s (diagnostic only; freshness is decided by clock_state after exits and reconciliation)
  ! HOST CLOCK is 180.0 min from the broker's. Session windows are UNAFFECTED (offset is hour-rounded), but fix it: the hypervisor time provider usually needs disabling before w32time will hold.
PREFLIGHT OK -- account, clock, data, state, ledgers all verified
  CLOCK BOOTSTRAPPING: awaiting advancement proof
  NO NEW ENTRIES THIS CYCLE -- a trustworthy current market clock could not be established. Open positions keep their broker stops; exits and reconciliation have already run.

===== cycle 2026-09-08 00:09:01 UTC (host local 2026-09-07 17:09:01) =====
DEMO GATE OK -> 1514487471 FTMO-Demo equity 99995.90
  bar-vs-tick gap 2s (diagnostic only; freshness is decided by clock_state after exits and reconciliation)
  ! HOST CLOCK is 180.0 min from the broker's. Session windows are UNAFFECTED (offset is hour-rounded), but fix it: the hypervisor time provider usually needs disabling before w32time will hold.
PREFLIGHT OK -- account, clock, data, state, ledgers all verified
  CLOCK BOOTSTRAPPING: awaiting advancement proof
  NO NEW ENTRIES THIS CYCLE -- a trustworthy current market clock could not be established. Open positions keep their broker stops; exits and reconciliation have already run.

===== cycle 2026-09-08 00:09:13 UTC (host local 2026-09-07 17:09:13) =====
DEMO GATE OK -> 1514487471 FTMO-Demo equity 99995.90
  bar-vs-tick gap 13s (diagnostic only; freshness is decided by clock_state after exits and reconciliation)
  ! HOST CLOCK is 180.0 min from the broker's. Session windows are UNAFFECTED (offset is hour-rounded), but fix it: the hypervisor time provider usually needs disabling before w32time will hold.
PREFLIGHT OK -- account, clock, data, state, ledgers all verified
  CLOCK BOOTSTRAPPING: awaiting advancement proof
  NO NEW ENTRIES THIS CYCLE -- a trustworthy current market clock could not be established. Open positions keep their broker stops; exits and reconciliation have already run.

===== cycle 2026-09-08 00:10:01 UTC (host local 2026-09-07 17:10:01) =====
DEMO GATE OK -> 1514487471 FTMO-Demo equity 99995.90
  bar-vs-tick gap 2s (diagnostic only; freshness is decided by clock_state after exits and reconciliation)
  ! HOST CLOCK is 180.0 min from the broker's. Session windows are UNAFFECTED (offset is hour-rounded), but fix it: the hypervisor time provider usually needs disabling before w32time will hold.
PREFLIGHT OK -- account, clock, data, state, ledgers all verified
  CLOCK BOOTSTRAPPING: awaiting advancement proof
  NO NEW ENTRIES THIS CYCLE -- a trustworthy current market clock could not be established. Open positions keep their broker stops; exits and reconciliation have already run.

===== cycle 2026-09-08 00:10:14 UTC (host local 2026-09-07 17:10:14) =====
DEMO GATE OK -> 1514487471 FTMO-Demo equity 99995.90
  bar-vs-tick gap 14s (diagnostic only; freshness is decided by clock_state after exits and reconciliation)
  ! HOST CLOCK is 180.0 min from the broker's. Session windows are UNAFFECTED (offset is hour-rounded), but fix it: the hypervisor time provider usually needs disabling before w32time will hold.
PREFLIGHT OK -- account, clock, data, state, ledgers all verified
  CLOCK BOOTSTRAPPING: awaiting advancement proof
  NO NEW ENTRIES THIS CYCLE -- a trustworthy current market clock could not be established. Open positions keep their broker stops; exits and reconciliation have already run.

===== cycle 2026-09-08 00:11:01 UTC (host local 2026-09-07 17:11:01) =====
DEMO GATE OK -> 1514487471 FTMO-Demo equity 99995.90
  bar-vs-tick gap 2s (diagnostic only; freshness is decided by clock_state after exits and reconciliation)
  ! HOST CLOCK is 180.0 min from the broker's. Session windows are UNAFFECTED (offset is hour-rounded), but fix it: the hypervisor time provider usually needs disabling before w32time will hold.
PREFLIGHT OK -- account, clock, data, state, ledgers all verified
  CLOCK BOOTSTRAPPING: awaiting advancement proof
  NO NEW ENTRIES THIS CYCLE -- a trustworthy current market clock could not be established. Open positions keep their broker stops; exits and reconciliation have already run.

===== cycle 2026-09-08 00:11:15 UTC (host local 2026-09-07 17:11:15) =====
DEMO GATE OK -> 1514487471 FTMO-Demo equity 99995.90
  bar-vs-tick gap 16s (diagnostic only; freshness is decided by clock_state after exits and reconciliation)
  ! HOST CLOCK is 180.0 min from the broker's. Session windows are UNAFFECTED (offset is hour-rounded), but fix it: the hypervisor time provider usually needs disabling before w32time will hold.
PREFLIGHT OK -- account, clock, data, state, ledgers all verified
  CLOCK BOOTSTRAPPING: awaiting advancement proof
  NO NEW ENTRIES THIS CYCLE -- a trustworthy current market clock could not be established. Open positions keep their broker stops; exits and reconciliation have already run.

===== cycle 2026-09-08 00:12:01 UTC (host local 2026-09-07 17:12:01) =====
DEMO GATE OK -> 1514487471 FTMO-Demo equity 99995.90
  bar-vs-tick gap 2s (diagnostic only; freshness is decided by clock_state after exits and reconciliation)
  ! HOST CLOCK is 180.0 min from the broker's. Session windows are UNAFFECTED (offset is hour-rounded), but fix it: the hypervisor time provider usually needs disabling before w32time will hold.
PREFLIGHT OK -- account, clock, data, state, ledgers all verified
  CLOCK BOOTSTRAPPING: awaiting advancement proof
  NO NEW ENTRIES THIS CYCLE -- a trustworthy current market clock could not be established. Open positions keep their broker stops; exits and reconciliation have already run.

===== cycle 2026-09-08 00:12:16 UTC (host local 2026-09-07 17:12:16) =====
DEMO GATE OK -> 1514487471 FTMO-Demo equity 99995.90
  bar-vs-tick gap 17s (diagnostic only; freshness is decided by clock_state after exits and reconciliation)
  ! HOST CLOCK is 180.0 min from the broker's. Session windows are UNAFFECTED (offset is hour-rounded), but fix it: the hypervisor time provider usually needs disabling before w32time will hold.
PREFLIGHT OK -- account, clock, data, state, ledgers all verified
  CLOCK BOOTSTRAPPING: awaiting advancement proof
  NO NEW ENTRIES THIS CYCLE -- a trustworthy current market clock could not be established. Open positions keep their broker stops; exits and reconciliation have already run.

===== cycle 2026-09-08 00:13:01 UTC (host local 2026-09-07 17:13:01) =====
DEMO GATE OK -> 1514487471 FTMO-Demo equity 99995.90
  bar-vs-tick gap 2s (diagnostic only; freshness is decided by clock_state after exits and reconciliation)
  ! HOST CLOCK is 180.0 min from the broker's. Session windows are UNAFFECTED (offset is hour-rounded), but fix it: the hypervisor time provider usually needs disabling before w32time will hold.
PREFLIGHT OK -- account, clock, data, state, ledgers all verified
  CLOCK BOOTSTRAPPING: awaiting advancement proof
  NO NEW ENTRIES THIS CYCLE -- a trustworthy current market clock could not be established. Open positions keep their broker stops; exits and reconciliation have already run.

===== cycle 2026-09-08 00:13:17 UTC (host local 2026-09-07 17:13:17) =====
DEMO GATE OK -> 1514487471 FTMO-Demo equity 99995.90
  bar-vs-tick gap 18s (diagnostic only; freshness is decided by clock_state after exits and reconciliation)
  ! HOST CLOCK is 180.0 min from the broker's. Session windows are UNAFFECTED (offset is hour-rounded), but fix it: the hypervisor time provider usually needs disabling before w32time will hold.
PREFLIGHT OK -- account, clock, data, state, ledgers all verified
  CLOCK BOOTSTRAPPING: awaiting advancement proof
  NO NEW ENTRIES THIS CYCLE -- a trustworthy current market clock could not be established. Open positions keep their broker stops; exits and reconciliation have already run.

===== cycle 2026-09-08 00:14:01 UTC (host local 2026-09-07 17:14:01) =====
DEMO GATE OK -> 1514487471 FTMO-Demo equity 99995.90
  bar-vs-tick gap 2s (diagnostic only; freshness is decided by clock_state after exits and reconciliation)
  ! HOST CLOCK is 180.0 min from the broker's. Session windows are UNAFFECTED (offset is hour-rounded), but fix it: the hypervisor time provider usually needs disabling before w32time will hold.
PREFLIGHT OK -- account, clock, data, state, ledgers all verified
  CLOCK BOOTSTRAPPING: awaiting advancement proof
  NO NEW ENTRIES THIS CYCLE -- a trustworthy current market clock could not be established. Open positions keep their broker stops; exits and reconciliation have already run.

===== cycle 2026-09-08 00:14:18 UTC (host local 2026-09-07 17:14:18) =====
DEMO GATE OK -> 1514487471 FTMO-Demo equity 99995.90
  bar-vs-tick gap 19s (diagnostic only; freshness is decided by clock_state after exits and reconciliation)
  ! HOST CLOCK is 180.0 min from the broker's. Session windows are UNAFFECTED (offset is hour-rounded), but fix it: the hypervisor time provider usually needs disabling before w32time will hold.
PREFLIGHT OK -- account, clock, data, state, ledgers all verified
  CLOCK BOOTSTRAPPING: awaiting advancement proof
  NO NEW ENTRIES THIS CYCLE -- a trustworthy current market clock could not be established. Open positions keep their broker stops; exits and reconciliation have already run.

===== cycle 2026-09-08 00:15:01 UTC (host local 2026-09-07 17:15:01) =====
DEMO GATE OK -> 1514487471 FTMO-Demo equity 99995.90
  bar-vs-tick gap 2s (diagnostic only; freshness is decided by clock_state after exits and reconciliation)
  ! HOST CLOCK is 180.0 min from the broker's. Session windows are UNAFFECTED (offset is hour-rounded), but fix it: the hypervisor time provider usually needs disabling before w32time will hold.
PREFLIGHT OK -- account, clock, data, state, ledgers all verified
  CLOCK BOOTSTRAPPING: awaiting advancement proof
  NO NEW ENTRIES THIS CYCLE -- a trustworthy current market clock could not be established. Open positions keep their broker stops; exits and reconciliation have already run.
