
===== cycle 2026-09-05 00:00:01 UTC (host local 2026-09-04 17:00:01) =====
DEMO GATE OK -> 1514487471 FTMO-Demo equity 99995.90
  bar-vs-tick gap 359s (diagnostic only; freshness is decided by clock_state after exits and reconciliation)
  ! HOST CLOCK is 185.1 min from the broker's. Session windows are UNAFFECTED (offset is hour-rounded), but fix it: the hypervisor time provider usually needs disabling before w32time will hold.
PREFLIGHT OK -- account, clock, data, state, ledgers all verified
  CLOCK FEED_STALE: no advancement for 11100s
  NO NEW ENTRIES THIS CYCLE -- a trustworthy current market clock could not be established. Open positions keep their broker stops; exits and reconciliation have already run.

===== cycle 2026-09-05 00:00:44 UTC (host local 2026-09-04 17:00:44) =====
DEMO GATE OK -> 1514487471 FTMO-Demo equity 99995.90
  bar-vs-tick gap 359s (diagnostic only; freshness is decided by clock_state after exits and reconciliation)
  ! HOST CLOCK is 185.8 min from the broker's. Session windows are UNAFFECTED (offset is hour-rounded), but fix it: the hypervisor time provider usually needs disabling before w32time will hold.
PREFLIGHT OK -- account, clock, data, state, ledgers all verified
  CLOCK FEED_STALE: no advancement for 11143s
  NO NEW ENTRIES THIS CYCLE -- a trustworthy current market clock could not be established. Open positions keep their broker stops; exits and reconciliation have already run.

===== cycle 2026-09-05 00:01:01 UTC (host local 2026-09-04 17:01:01) =====
DEMO GATE OK -> 1514487471 FTMO-Demo equity 99995.90
  bar-vs-tick gap 359s (diagnostic only; freshness is decided by clock_state after exits and reconciliation)
  ! HOST CLOCK is 186.1 min from the broker's. Session windows are UNAFFECTED (offset is hour-rounded), but fix it: the hypervisor time provider usually needs disabling before w32time will hold.
PREFLIGHT OK -- account, clock, data, state, ledgers all verified
  CLOCK FEED_STALE: no advancement for 11160s
  NO NEW ENTRIES THIS CYCLE -- a trustworthy current market clock could not be established. Open positions keep their broker stops; exits and reconciliation have already run.

===== cycle 2026-09-05 00:01:46 UTC (host local 2026-09-04 17:01:46) =====
DEMO GATE OK -> 1514487471 FTMO-Demo equity 99995.90
  bar-vs-tick gap 359s (diagnostic only; freshness is decided by clock_state after exits and reconciliation)
  ! HOST CLOCK is 186.8 min from the broker's. Session windows are UNAFFECTED (offset is hour-rounded), but fix it: the hypervisor time provider usually needs disabling before w32time will hold.
PREFLIGHT OK -- account, clock, data, state, ledgers all verified
  CLOCK FEED_STALE: no advancement for 11204s
  NO NEW ENTRIES THIS CYCLE -- a trustworthy current market clock could not be established. Open positions keep their broker stops; exits and reconciliation have already run.

===== cycle 2026-09-05 00:02:01 UTC (host local 2026-09-04 17:02:01) =====
DEMO GATE OK -> 1514487471 FTMO-Demo equity 99995.90
  bar-vs-tick gap 359s (diagnostic only; freshness is decided by clock_state after exits and reconciliation)
  ! HOST CLOCK is 187.1 min from the broker's. Session windows are UNAFFECTED (offset is hour-rounded), but fix it: the hypervisor time provider usually needs disabling before w32time will hold.
PREFLIGHT OK -- account, clock, data, state, ledgers all verified
  CLOCK FEED_STALE: no advancement for 11220s
  NO NEW ENTRIES THIS CYCLE -- a trustworthy current market clock could not be established. Open positions keep their broker stops; exits and reconciliation have already run.

===== cycle 2026-09-05 00:02:47 UTC (host local 2026-09-04 17:02:47) =====
DEMO GATE OK -> 1514487471 FTMO-Demo equity 99995.90
  bar-vs-tick gap 359s (diagnostic only; freshness is decided by clock_state after exits and reconciliation)
  ! HOST CLOCK is 187.8 min from the broker's. Session windows are UNAFFECTED (offset is hour-rounded), but fix it: the hypervisor time provider usually needs disabling before w32time will hold.
PREFLIGHT OK -- account, clock, data, state, ledgers all verified
  CLOCK FEED_STALE: no advancement for 11265s
  NO NEW ENTRIES THIS CYCLE -- a trustworthy current market clock could not be established. Open positions keep their broker stops; exits and reconciliation have already run.

===== cycle 2026-09-05 00:03:01 UTC (host local 2026-09-04 17:03:01) =====
DEMO GATE OK -> 1514487471 FTMO-Demo equity 99995.90
  bar-vs-tick gap 359s (diagnostic only; freshness is decided by clock_state after exits and reconciliation)
  ! HOST CLOCK is 188.1 min from the broker's. Session windows are UNAFFECTED (offset is hour-rounded), but fix it: the hypervisor time provider usually needs disabling before w32time will hold.
PREFLIGHT OK -- account, clock, data, state, ledgers all verified
  CLOCK FEED_STALE: no advancement for 11280s
  NO NEW ENTRIES THIS CYCLE -- a trustworthy current market clock could not be established. Open positions keep their broker stops; exits and reconciliation have already run.

===== cycle 2026-09-05 00:03:48 UTC (host local 2026-09-04 17:03:48) =====
DEMO GATE OK -> 1514487471 FTMO-Demo equity 99995.90
  bar-vs-tick gap 359s (diagnostic only; freshness is decided by clock_state after exits and reconciliation)
  ! HOST CLOCK is 188.8 min from the broker's. Session windows are UNAFFECTED (offset is hour-rounded), but fix it: the hypervisor time provider usually needs disabling before w32time will hold.
PREFLIGHT OK -- account, clock, data, state, ledgers all verified
  CLOCK FEED_STALE: no advancement for 11326s
  NO NEW ENTRIES THIS CYCLE -- a trustworthy current market clock could not be established. Open positions keep their broker stops; exits and reconciliation have already run.

===== cycle 2026-09-05 00:04:01 UTC (host local 2026-09-04 17:04:01) =====
DEMO GATE OK -> 1514487471 FTMO-Demo equity 99995.90
  bar-vs-tick gap 359s (diagnostic only; freshness is decided by clock_state after exits and reconciliation)
  ! HOST CLOCK is 189.1 min from the broker's. Session windows are UNAFFECTED (offset is hour-rounded), but fix it: the hypervisor time provider usually needs disabling before w32time will hold.
PREFLIGHT OK -- account, clock, data, state, ledgers all verified
  CLOCK FEED_STALE: no advancement for 11340s
  NO NEW ENTRIES THIS CYCLE -- a trustworthy current market clock could not be established. Open positions keep their broker stops; exits and reconciliation have already run.

===== cycle 2026-09-05 00:04:49 UTC (host local 2026-09-04 17:04:49) =====
DEMO GATE OK -> 1514487471 FTMO-Demo equity 99995.90
  bar-vs-tick gap 359s (diagnostic only; freshness is decided by clock_state after exits and reconciliation)
  ! HOST CLOCK is 189.8 min from the broker's. Session windows are UNAFFECTED (offset is hour-rounded), but fix it: the hypervisor time provider usually needs disabling before w32time will hold.
PREFLIGHT OK -- account, clock, data, state, ledgers all verified
  CLOCK FEED_STALE: no advancement for 11387s
  NO NEW ENTRIES THIS CYCLE -- a trustworthy current market clock could not be established. Open positions keep their broker stops; exits and reconciliation have already run.

===== cycle 2026-09-05 00:05:01 UTC (host local 2026-09-04 17:05:01) =====
DEMO GATE OK -> 1514487471 FTMO-Demo equity 99995.90
  bar-vs-tick gap 359s (diagnostic only; freshness is decided by clock_state after exits and reconciliation)
  ! HOST CLOCK is 190.1 min from the broker's. Session windows are UNAFFECTED (offset is hour-rounded), but fix it: the hypervisor time provider usually needs disabling before w32time will hold.
PREFLIGHT OK -- account, clock, data, state, ledgers all verified
  CLOCK FEED_STALE: no advancement for 11400s
  NO NEW ENTRIES THIS CYCLE -- a trustworthy current market clock could not be established. Open positions keep their broker stops; exits and reconciliation have already run.

===== cycle 2026-09-05 00:05:50 UTC (host local 2026-09-04 17:05:50) =====
DEMO GATE OK -> 1514487471 FTMO-Demo equity 99995.90
  bar-vs-tick gap 359s (diagnostic only; freshness is decided by clock_state after exits and reconciliation)
  ! HOST CLOCK is 190.9 min from the broker's. Session windows are UNAFFECTED (offset is hour-rounded), but fix it: the hypervisor time provider usually needs disabling before w32time will hold.
PREFLIGHT OK -- account, clock, data, state, ledgers all verified
  CLOCK FEED_STALE: no advancement for 11449s
  NO NEW ENTRIES THIS CYCLE -- a trustworthy current market clock could not be established. Open positions keep their broker stops; exits and reconciliation have already run.

===== cycle 2026-09-05 00:06:01 UTC (host local 2026-09-04 17:06:01) =====
DEMO GATE OK -> 1514487471 FTMO-Demo equity 99995.90
  bar-vs-tick gap 359s (diagnostic only; freshness is decided by clock_state after exits and reconciliation)
  ! HOST CLOCK is 191.1 min from the broker's. Session windows are UNAFFECTED (offset is hour-rounded), but fix it: the hypervisor time provider usually needs disabling before w32time will hold.
PREFLIGHT OK -- account, clock, data, state, ledgers all verified
  CLOCK FEED_STALE: no advancement for 11460s
  NO NEW ENTRIES THIS CYCLE -- a trustworthy current market clock could not be established. Open positions keep their broker stops; exits and reconciliation have already run.

===== cycle 2026-09-05 00:06:51 UTC (host local 2026-09-04 17:06:51) =====
DEMO GATE OK -> 1514487471 FTMO-Demo equity 99995.90
  bar-vs-tick gap 359s (diagnostic only; freshness is decided by clock_state after exits and reconciliation)
  ! HOST CLOCK is 191.9 min from the broker's. Session windows are UNAFFECTED (offset is hour-rounded), but fix it: the hypervisor time provider usually needs disabling before w32time will hold.
PREFLIGHT OK -- account, clock, data, state, ledgers all verified
  CLOCK FEED_STALE: no advancement for 11510s
  NO NEW ENTRIES THIS CYCLE -- a trustworthy current market clock could not be established. Open positions keep their broker stops; exits and reconciliation have already run.

===== cycle 2026-09-05 00:07:01 UTC (host local 2026-09-04 17:07:01) =====
DEMO GATE OK -> 1514487471 FTMO-Demo equity 99995.90
  bar-vs-tick gap 359s (diagnostic only; freshness is decided by clock_state after exits and reconciliation)
  ! HOST CLOCK is 192.1 min from the broker's. Session windows are UNAFFECTED (offset is hour-rounded), but fix it: the hypervisor time provider usually needs disabling before w32time will hold.
PREFLIGHT OK -- account, clock, data, state, ledgers all verified
  CLOCK FEED_STALE: no advancement for 11520s
  NO NEW ENTRIES THIS CYCLE -- a trustworthy current market clock could not be established. Open positions keep their broker stops; exits and reconciliation have already run.

===== cycle 2026-09-05 00:07:52 UTC (host local 2026-09-04 17:07:52) =====
DEMO GATE OK -> 1514487471 FTMO-Demo equity 99995.90
  bar-vs-tick gap 359s (diagnostic only; freshness is decided by clock_state after exits and reconciliation)
  ! HOST CLOCK is 192.9 min from the broker's. Session windows are UNAFFECTED (offset is hour-rounded), but fix it: the hypervisor time provider usually needs disabling before w32time will hold.
PREFLIGHT OK -- account, clock, data, state, ledgers all verified
  CLOCK FEED_STALE: no advancement for 11571s
  NO NEW ENTRIES THIS CYCLE -- a trustworthy current market clock could not be established. Open positions keep their broker stops; exits and reconciliation have already run.

===== cycle 2026-09-05 00:08:02 UTC (host local 2026-09-04 17:08:02) =====
DEMO GATE OK -> 1514487471 FTMO-Demo equity 99995.90
  bar-vs-tick gap 359s (diagnostic only; freshness is decided by clock_state after exits and reconciliation)
  ! HOST CLOCK is 193.1 min from the broker's. Session windows are UNAFFECTED (offset is hour-rounded), but fix it: the hypervisor time provider usually needs disabling before w32time will hold.
PREFLIGHT OK -- account, clock, data, state, ledgers all verified
  CLOCK FEED_STALE: no advancement for 11580s
  NO NEW ENTRIES THIS CYCLE -- a trustworthy current market clock could not be established. Open positions keep their broker stops; exits and reconciliation have already run.

===== cycle 2026-09-05 00:08:53 UTC (host local 2026-09-04 17:08:53) =====
DEMO GATE OK -> 1514487471 FTMO-Demo equity 99995.90
  bar-vs-tick gap 359s (diagnostic only; freshness is decided by clock_state after exits and reconciliation)
  ! HOST CLOCK is 193.9 min from the broker's. Session windows are UNAFFECTED (offset is hour-rounded), but fix it: the hypervisor time provider usually needs disabling before w32time will hold.
PREFLIGHT OK -- account, clock, data, state, ledgers all verified
  CLOCK FEED_STALE: no advancement for 11632s
  NO NEW ENTRIES THIS CYCLE -- a trustworthy current market clock could not be established. Open positions keep their broker stops; exits and reconciliation have already run.

===== cycle 2026-09-05 00:09:02 UTC (host local 2026-09-04 17:09:02) =====
DEMO GATE OK -> 1514487471 FTMO-Demo equity 99995.90
  bar-vs-tick gap 359s (diagnostic only; freshness is decided by clock_state after exits and reconciliation)
  ! HOST CLOCK is 194.1 min from the broker's. Session windows are UNAFFECTED (offset is hour-rounded), but fix it: the hypervisor time provider usually needs disabling before w32time will hold.
PREFLIGHT OK -- account, clock, data, state, ledgers all verified
  CLOCK FEED_STALE: no advancement for 11640s
  NO NEW ENTRIES THIS CYCLE -- a trustworthy current market clock could not be established. Open positions keep their broker stops; exits and reconciliation have already run.

===== cycle 2026-09-05 00:09:54 UTC (host local 2026-09-04 17:09:54) =====
DEMO GATE OK -> 1514487471 FTMO-Demo equity 99995.90
  bar-vs-tick gap 359s (diagnostic only; freshness is decided by clock_state after exits and reconciliation)
  ! HOST CLOCK is 194.9 min from the broker's. Session windows are UNAFFECTED (offset is hour-rounded), but fix it: the hypervisor time provider usually needs disabling before w32time will hold.
PREFLIGHT OK -- account, clock, data, state, ledgers all verified
  CLOCK FEED_STALE: no advancement for 11693s
  NO NEW ENTRIES THIS CYCLE -- a trustworthy current market clock could not be established. Open positions keep their broker stops; exits and reconciliation have already run.

===== cycle 2026-09-05 00:10:02 UTC (host local 2026-09-04 17:10:02) =====
DEMO GATE OK -> 1514487471 FTMO-Demo equity 99995.90
  bar-vs-tick gap 359s (diagnostic only; freshness is decided by clock_state after exits and reconciliation)
  ! HOST CLOCK is 195.1 min from the broker's. Session windows are UNAFFECTED (offset is hour-rounded), but fix it: the hypervisor time provider usually needs disabling before w32time will hold.
PREFLIGHT OK -- account, clock, data, state, ledgers all verified
  CLOCK FEED_STALE: no advancement for 11700s
  NO NEW ENTRIES THIS CYCLE -- a trustworthy current market clock could not be established. Open positions keep their broker stops; exits and reconciliation have already run.

===== cycle 2026-09-05 00:10:55 UTC (host local 2026-09-04 17:10:55) =====
DEMO GATE OK -> 1514487471 FTMO-Demo equity 99995.90
  bar-vs-tick gap 359s (diagnostic only; freshness is decided by clock_state after exits and reconciliation)
  ! HOST CLOCK is 196.0 min from the broker's. Session windows are UNAFFECTED (offset is hour-rounded), but fix it: the hypervisor time provider usually needs disabling before w32time will hold.
PREFLIGHT OK -- account, clock, data, state, ledgers all verified
  CLOCK FEED_STALE: no advancement for 11754s
  NO NEW ENTRIES THIS CYCLE -- a trustworthy current market clock could not be established. Open positions keep their broker stops; exits and reconciliation have already run.

===== cycle 2026-09-05 00:11:02 UTC (host local 2026-09-04 17:11:02) =====
DEMO GATE OK -> 1514487471 FTMO-Demo equity 99995.90
  bar-vs-tick gap 359s (diagnostic only; freshness is decided by clock_state after exits and reconciliation)
  ! HOST CLOCK is 196.1 min from the broker's. Session windows are UNAFFECTED (offset is hour-rounded), but fix it: the hypervisor time provider usually needs disabling before w32time will hold.
PREFLIGHT OK -- account, clock, data, state, ledgers all verified
  CLOCK FEED_STALE: no advancement for 11760s
  NO NEW ENTRIES THIS CYCLE -- a trustworthy current market clock could not be established. Open positions keep their broker stops; exits and reconciliation have already run.

===== cycle 2026-09-05 00:11:57 UTC (host local 2026-09-04 17:11:57) =====
DEMO GATE OK -> 1514487471 FTMO-Demo equity 99995.90
  bar-vs-tick gap 359s (diagnostic only; freshness is decided by clock_state after exits and reconciliation)
  ! HOST CLOCK is 197.0 min from the broker's. Session windows are UNAFFECTED (offset is hour-rounded), but fix it: the hypervisor time provider usually needs disabling before w32time will hold.
PREFLIGHT OK -- account, clock, data, state, ledgers all verified
  CLOCK FEED_STALE: no advancement for 11816s
  NO NEW ENTRIES THIS CYCLE -- a trustworthy current market clock could not be established. Open positions keep their broker stops; exits and reconciliation have already run.

===== cycle 2026-09-05 00:12:01 UTC (host local 2026-09-04 17:12:01) =====
DEMO GATE OK -> 1514487471 FTMO-Demo equity 99995.90
  bar-vs-tick gap 359s (diagnostic only; freshness is decided by clock_state after exits and reconciliation)
  ! HOST CLOCK is 197.1 min from the broker's. Session windows are UNAFFECTED (offset is hour-rounded), but fix it: the hypervisor time provider usually needs disabling before w32time will hold.
PREFLIGHT OK -- account, clock, data, state, ledgers all verified
  CLOCK FEED_STALE: no advancement for 11820s
  NO NEW ENTRIES THIS CYCLE -- a trustworthy current market clock could not be established. Open positions keep their broker stops; exits and reconciliation have already run.

===== cycle 2026-09-05 00:12:58 UTC (host local 2026-09-04 17:12:58) =====
DEMO GATE OK -> 1514487471 FTMO-Demo equity 99995.90
  bar-vs-tick gap 359s (diagnostic only; freshness is decided by clock_state after exits and reconciliation)
  ! HOST CLOCK is 198.0 min from the broker's. Session windows are UNAFFECTED (offset is hour-rounded), but fix it: the hypervisor time provider usually needs disabling before w32time will hold.
PREFLIGHT OK -- account, clock, data, state, ledgers all verified
  CLOCK FEED_STALE: no advancement for 11877s
  NO NEW ENTRIES THIS CYCLE -- a trustworthy current market clock could not be established. Open positions keep their broker stops; exits and reconciliation have already run.

===== cycle 2026-09-05 00:13:01 UTC (host local 2026-09-04 17:13:01) =====
DEMO GATE OK -> 1514487471 FTMO-Demo equity 99995.90
  bar-vs-tick gap 359s (diagnostic only; freshness is decided by clock_state after exits and reconciliation)
  ! HOST CLOCK is 198.1 min from the broker's. Session windows are UNAFFECTED (offset is hour-rounded), but fix it: the hypervisor time provider usually needs disabling before w32time will hold.
PREFLIGHT OK -- account, clock, data, state, ledgers all verified
  CLOCK FEED_STALE: no advancement for 11880s
  NO NEW ENTRIES THIS CYCLE -- a trustworthy current market clock could not be established. Open positions keep their broker stops; exits and reconciliation have already run.

===== cycle 2026-09-05 00:13:59 UTC (host local 2026-09-04 17:13:59) =====
DEMO GATE OK -> 1514487471 FTMO-Demo equity 99995.90
  bar-vs-tick gap 359s (diagnostic only; freshness is decided by clock_state after exits and reconciliation)
  ! HOST CLOCK is 199.0 min from the broker's. Session windows are UNAFFECTED (offset is hour-rounded), but fix it: the hypervisor time provider usually needs disabling before w32time will hold.
PREFLIGHT OK -- account, clock, data, state, ledgers all verified
  CLOCK FEED_STALE: no advancement for 11938s
  NO NEW ENTRIES THIS CYCLE -- a trustworthy current market clock could not be established. Open positions keep their broker stops; exits and reconciliation have already run.

===== cycle 2026-09-05 00:14:02 UTC (host local 2026-09-04 17:14:02) =====
DEMO GATE OK -> 1514487471 FTMO-Demo equity 99995.90
  bar-vs-tick gap 359s (diagnostic only; freshness is decided by clock_state after exits and reconciliation)
  ! HOST CLOCK is 199.1 min from the broker's. Session windows are UNAFFECTED (offset is hour-rounded), but fix it: the hypervisor time provider usually needs disabling before w32time will hold.
PREFLIGHT OK -- account, clock, data, state, ledgers all verified
  CLOCK FEED_STALE: no advancement for 11940s
  NO NEW ENTRIES THIS CYCLE -- a trustworthy current market clock could not be established. Open positions keep their broker stops; exits and reconciliation have already run.

===== cycle 2026-09-05 00:15:00 UTC (host local 2026-09-04 17:15:00) =====
DEMO GATE OK -> 1514487471 FTMO-Demo equity 99995.90
  bar-vs-tick gap 359s (diagnostic only; freshness is decided by clock_state after exits and reconciliation)
  ! HOST CLOCK is 200.0 min from the broker's. Session windows are UNAFFECTED (offset is hour-rounded), but fix it: the hypervisor time provider usually needs disabling before w32time will hold.
PREFLIGHT OK -- account, clock, data, state, ledgers all verified
  CLOCK FEED_STALE: no advancement for 11999s
  NO NEW ENTRIES THIS CYCLE -- a trustworthy current market clock could not be established. Open positions keep their broker stops; exits and reconciliation have already run.

===== cycle 2026-09-05 00:15:02 UTC (host local 2026-09-04 17:15:02) =====
DEMO GATE OK -> 1514487471 FTMO-Demo equity 99995.90
  bar-vs-tick gap 359s (diagnostic only; freshness is decided by clock_state after exits and reconciliation)
  ! HOST CLOCK is 200.1 min from the broker's. Session windows are UNAFFECTED (offset is hour-rounded), but fix it: the hypervisor time provider usually needs disabling before w32time will hold.
PREFLIGHT OK -- account, clock, data, state, ledgers all verified
  CLOCK FEED_STALE: no advancement for 12000s
  NO NEW ENTRIES THIS CYCLE -- a trustworthy current market clock could not be established. Open positions keep their broker stops; exits and reconciliation have already run.

===== cycle 2026-09-05 00:16:01 UTC (host local 2026-09-04 17:16:01) =====

===== cycle 2026-09-05 00:16:02 UTC (host local 2026-09-04 17:16:02) =====
DEMO GATE OK -> 1514487471 FTMO-Demo equity 99995.90
  bar-vs-tick gap 359s (diagnostic only; freshness is decided by clock_state after exits and reconciliation)
  ! HOST CLOCK is 201.1 min from the broker's. Session windows are UNAFFECTED (offset is hour-rounded), but fix it: the hypervisor time provider usually needs disabling before w32time will hold.
PREFLIGHT OK -- account, clock, data, state, ledgers all verified
  CLOCK FEED_STALE: no advancement for 12060s
  NO NEW ENTRIES THIS CYCLE -- a trustworthy current market clock could not be established. Open positions keep their broker stops; exits and reconciliation have already run.
DEMO GATE OK -> 1514487471 FTMO-Demo equity 99995.90
  bar-vs-tick gap 359s (diagnostic only; freshness is decided by clock_state after exits and reconciliation)
  ! HOST CLOCK is 201.1 min from the broker's. Session windows are UNAFFECTED (offset is hour-rounded), but fix it: the hypervisor time provider usually needs disabling before w32time will hold.
PREFLIGHT OK -- account, clock, data, state, ledgers all verified
  CLOCK FEED_STALE: no advancement for 12060s
  NO NEW ENTRIES THIS CYCLE -- a trustworthy current market clock could not be established. Open positions keep their broker stops; exits and reconciliation have already run.

===== cycle 2026-09-05 00:17:01 UTC (host local 2026-09-04 17:17:01) =====

===== cycle 2026-09-05 00:17:02 UTC (host local 2026-09-04 17:17:02) =====
DEMO GATE OK -> 1514487471 FTMO-Demo equity 99995.90
  bar-vs-tick gap 359s (diagnostic only; freshness is decided by clock_state after exits and reconciliation)
  ! HOST CLOCK is 202.1 min from the broker's. Session windows are UNAFFECTED (offset is hour-rounded), but fix it: the hypervisor time provider usually needs disabling before w32time will hold.
PREFLIGHT OK -- account, clock, data, state, ledgers all verified
  CLOCK FEED_STALE: no advancement for 12120s
  NO NEW ENTRIES THIS CYCLE -- a trustworthy current market clock could not be established. Open positions keep their broker stops; exits and reconciliation have already run.
DEMO GATE OK -> 1514487471 FTMO-Demo equity 99995.90
  bar-vs-tick gap 359s (diagnostic only; freshness is decided by clock_state after exits and reconciliation)
  ! HOST CLOCK is 202.1 min from the broker's. Session windows are UNAFFECTED (offset is hour-rounded), but fix it: the hypervisor time provider usually needs disabling before w32time will hold.
PREFLIGHT OK -- account, clock, data, state, ledgers all verified
  CLOCK FEED_STALE: no advancement for 12121s
  NO NEW ENTRIES THIS CYCLE -- a trustworthy current market clock could not be established. Open positions keep their broker stops; exits and reconciliation have already run.

===== cycle 2026-09-05 00:18:02 UTC (host local 2026-09-04 17:18:02) =====
DEMO GATE OK -> 1514487471 FTMO-Demo equity 99995.90
  bar-vs-tick gap 359s (diagnostic only; freshness is decided by clock_state after exits and reconciliation)
  ! HOST CLOCK is 203.1 min from the broker's. Session windows are UNAFFECTED (offset is hour-rounded), but fix it: the hypervisor time provider usually needs disabling before w32time will hold.
PREFLIGHT OK -- account, clock, data, state, ledgers all verified
  CLOCK FEED_STALE: no advancement for 12180s
  NO NEW ENTRIES THIS CYCLE -- a trustworthy current market clock could not be established. Open positions keep their broker stops; exits and reconciliation have already run.

===== cycle 2026-09-05 00:18:03 UTC (host local 2026-09-04 17:18:03) =====
DEMO GATE OK -> 1514487471 FTMO-Demo equity 99995.90
  bar-vs-tick gap 359s (diagnostic only; freshness is decided by clock_state after exits and reconciliation)
  ! HOST CLOCK is 203.1 min from the broker's. Session windows are UNAFFECTED (offset is hour-rounded), but fix it: the hypervisor time provider usually needs disabling before w32time will hold.
PREFLIGHT OK -- account, clock, data, state, ledgers all verified
  CLOCK FEED_STALE: no advancement for 12182s
  NO NEW ENTRIES THIS CYCLE -- a trustworthy current market clock could not be established. Open positions keep their broker stops; exits and reconciliation have already run.

===== cycle 2026-09-05 00:19:02 UTC (host local 2026-09-04 17:19:02) =====
DEMO GATE OK -> 1514487471 FTMO-Demo equity 99995.90
  bar-vs-tick gap 359s (diagnostic only; freshness is decided by clock_state after exits and reconciliation)
  ! HOST CLOCK is 204.1 min from the broker's. Session windows are UNAFFECTED (offset is hour-rounded), but fix it: the hypervisor time provider usually needs disabling before w32time will hold.
PREFLIGHT OK -- account, clock, data, state, ledgers all verified
  CLOCK FEED_STALE: no advancement for 12240s
  NO NEW ENTRIES THIS CYCLE -- a trustworthy current market clock could not be established. Open positions keep their broker stops; exits and reconciliation have already run.

===== cycle 2026-09-05 00:19:04 UTC (host local 2026-09-04 17:19:04) =====
DEMO GATE OK -> 1514487471 FTMO-Demo equity 99995.90
  bar-vs-tick gap 359s (diagnostic only; freshness is decided by clock_state after exits and reconciliation)
  ! HOST CLOCK is 204.1 min from the broker's. Session windows are UNAFFECTED (offset is hour-rounded), but fix it: the hypervisor time provider usually needs disabling before w32time will hold.
PREFLIGHT OK -- account, clock, data, state, ledgers all verified
  CLOCK FEED_STALE: no advancement for 12243s
  NO NEW ENTRIES THIS CYCLE -- a trustworthy current market clock could not be established. Open positions keep their broker stops; exits and reconciliation have already run.

===== cycle 2026-09-05 00:20:02 UTC (host local 2026-09-04 17:20:02) =====
DEMO GATE OK -> 1514487471 FTMO-Demo equity 99995.90
  bar-vs-tick gap 359s (diagnostic only; freshness is decided by clock_state after exits and reconciliation)
  ! HOST CLOCK is 205.1 min from the broker's. Session windows are UNAFFECTED (offset is hour-rounded), but fix it: the hypervisor time provider usually needs disabling before w32time will hold.
PREFLIGHT OK -- account, clock, data, state, ledgers all verified
  CLOCK FEED_STALE: no advancement for 12300s
  NO NEW ENTRIES THIS CYCLE -- a trustworthy current market clock could not be established. Open positions keep their broker stops; exits and reconciliation have already run.

===== cycle 2026-09-05 00:20:05 UTC (host local 2026-09-04 17:20:05) =====
DEMO GATE OK -> 1514487471 FTMO-Demo equity 99995.90
  bar-vs-tick gap 359s (diagnostic only; freshness is decided by clock_state after exits and reconciliation)
  ! HOST CLOCK is 205.1 min from the broker's. Session windows are UNAFFECTED (offset is hour-rounded), but fix it: the hypervisor time provider usually needs disabling before w32time will hold.
PREFLIGHT OK -- account, clock, data, state, ledgers all verified
  CLOCK FEED_STALE: no advancement for 12304s
  NO NEW ENTRIES THIS CYCLE -- a trustworthy current market clock could not be established. Open positions keep their broker stops; exits and reconciliation have already run.

===== cycle 2026-09-05 00:21:02 UTC (host local 2026-09-04 17:21:02) =====
DEMO GATE OK -> 1514487471 FTMO-Demo equity 99995.90
  bar-vs-tick gap 359s (diagnostic only; freshness is decided by clock_state after exits and reconciliation)
  ! HOST CLOCK is 206.1 min from the broker's. Session windows are UNAFFECTED (offset is hour-rounded), but fix it: the hypervisor time provider usually needs disabling before w32time will hold.
PREFLIGHT OK -- account, clock, data, state, ledgers all verified
  CLOCK FEED_STALE: no advancement for 12361s
  NO NEW ENTRIES THIS CYCLE -- a trustworthy current market clock could not be established. Open positions keep their broker stops; exits and reconciliation have already run.

===== cycle 2026-09-05 00:21:06 UTC (host local 2026-09-04 17:21:06) =====
DEMO GATE OK -> 1514487471 FTMO-Demo equity 99995.90
  bar-vs-tick gap 359s (diagnostic only; freshness is decided by clock_state after exits and reconciliation)
  ! HOST CLOCK is 206.1 min from the broker's. Session windows are UNAFFECTED (offset is hour-rounded), but fix it: the hypervisor time provider usually needs disabling before w32time will hold.
PREFLIGHT OK -- account, clock, data, state, ledgers all verified
  CLOCK FEED_STALE: no advancement for 12365s
  NO NEW ENTRIES THIS CYCLE -- a trustworthy current market clock could not be established. Open positions keep their broker stops; exits and reconciliation have already run.

===== cycle 2026-09-05 00:22:02 UTC (host local 2026-09-04 17:22:02) =====
DEMO GATE OK -> 1514487471 FTMO-Demo equity 99995.90
  bar-vs-tick gap 359s (diagnostic only; freshness is decided by clock_state after exits and reconciliation)
  ! HOST CLOCK is 207.1 min from the broker's. Session windows are UNAFFECTED (offset is hour-rounded), but fix it: the hypervisor time provider usually needs disabling before w32time will hold.
PREFLIGHT OK -- account, clock, data, state, ledgers all verified
  CLOCK FEED_STALE: no advancement for 12420s
  NO NEW ENTRIES THIS CYCLE -- a trustworthy current market clock could not be established. Open positions keep their broker stops; exits and reconciliation have already run.

===== cycle 2026-09-05 00:22:07 UTC (host local 2026-09-04 17:22:07) =====
DEMO GATE OK -> 1514487471 FTMO-Demo equity 99995.90
  bar-vs-tick gap 359s (diagnostic only; freshness is decided by clock_state after exits and reconciliation)
  ! HOST CLOCK is 207.2 min from the broker's. Session windows are UNAFFECTED (offset is hour-rounded), but fix it: the hypervisor time provider usually needs disabling before w32time will hold.
PREFLIGHT OK -- account, clock, data, state, ledgers all verified
  CLOCK FEED_STALE: no advancement for 12426s
  NO NEW ENTRIES THIS CYCLE -- a trustworthy current market clock could not be established. Open positions keep their broker stops; exits and reconciliation have already run.

===== cycle 2026-09-05 00:23:02 UTC (host local 2026-09-04 17:23:02) =====
DEMO GATE OK -> 1514487471 FTMO-Demo equity 99995.90
  bar-vs-tick gap 359s (diagnostic only; freshness is decided by clock_state after exits and reconciliation)
  ! HOST CLOCK is 208.1 min from the broker's. Session windows are UNAFFECTED (offset is hour-rounded), but fix it: the hypervisor time provider usually needs disabling before w32time will hold.
PREFLIGHT OK -- account, clock, data, state, ledgers all verified
  CLOCK FEED_STALE: no advancement for 12480s
  NO NEW ENTRIES THIS CYCLE -- a trustworthy current market clock could not be established. Open positions keep their broker stops; exits and reconciliation have already run.

===== cycle 2026-09-05 00:23:09 UTC (host local 2026-09-04 17:23:09) =====
DEMO GATE OK -> 1514487471 FTMO-Demo equity 99995.90
  bar-vs-tick gap 359s (diagnostic only; freshness is decided by clock_state after exits and reconciliation)
  ! HOST CLOCK is 208.2 min from the broker's. Session windows are UNAFFECTED (offset is hour-rounded), but fix it: the hypervisor time provider usually needs disabling before w32time will hold.
PREFLIGHT OK -- account, clock, data, state, ledgers all verified
  CLOCK FEED_STALE: no advancement for 12487s
  NO NEW ENTRIES THIS CYCLE -- a trustworthy current market clock could not be established. Open positions keep their broker stops; exits and reconciliation have already run.

===== cycle 2026-09-05 00:24:02 UTC (host local 2026-09-04 17:24:02) =====
DEMO GATE OK -> 1514487471 FTMO-Demo equity 99995.90
  bar-vs-tick gap 359s (diagnostic only; freshness is decided by clock_state after exits and reconciliation)
  ! HOST CLOCK is 209.1 min from the broker's. Session windows are UNAFFECTED (offset is hour-rounded), but fix it: the hypervisor time provider usually needs disabling before w32time will hold.
PREFLIGHT OK -- account, clock, data, state, ledgers all verified
  CLOCK FEED_STALE: no advancement for 12540s
  NO NEW ENTRIES THIS CYCLE -- a trustworthy current market clock could not be established. Open positions keep their broker stops; exits and reconciliation have already run.

===== cycle 2026-09-05 00:24:10 UTC (host local 2026-09-04 17:24:10) =====
DEMO GATE OK -> 1514487471 FTMO-Demo equity 99995.90
  bar-vs-tick gap 359s (diagnostic only; freshness is decided by clock_state after exits and reconciliation)
  ! HOST CLOCK is 209.2 min from the broker's. Session windows are UNAFFECTED (offset is hour-rounded), but fix it: the hypervisor time provider usually needs disabling before w32time will hold.
PREFLIGHT OK -- account, clock, data, state, ledgers all verified
  CLOCK FEED_STALE: no advancement for 12548s
  NO NEW ENTRIES THIS CYCLE -- a trustworthy current market clock could not be established. Open positions keep their broker stops; exits and reconciliation have already run.

===== cycle 2026-09-05 00:25:02 UTC (host local 2026-09-04 17:25:02) =====
DEMO GATE OK -> 1514487471 FTMO-Demo equity 99995.90
  bar-vs-tick gap 359s (diagnostic only; freshness is decided by clock_state after exits and reconciliation)
  ! HOST CLOCK is 210.1 min from the broker's. Session windows are UNAFFECTED (offset is hour-rounded), but fix it: the hypervisor time provider usually needs disabling before w32time will hold.
PREFLIGHT OK -- account, clock, data, state, ledgers all verified
  CLOCK FEED_STALE: no advancement for 12600s
  NO NEW ENTRIES THIS CYCLE -- a trustworthy current market clock could not be established. Open positions keep their broker stops; exits and reconciliation have already run.

===== cycle 2026-09-05 00:25:11 UTC (host local 2026-09-04 17:25:11) =====
DEMO GATE OK -> 1514487471 FTMO-Demo equity 99995.90
  bar-vs-tick gap 359s (diagnostic only; freshness is decided by clock_state after exits and reconciliation)
  ! HOST CLOCK is 210.2 min from the broker's. Session windows are UNAFFECTED (offset is hour-rounded), but fix it: the hypervisor time provider usually needs disabling before w32time will hold.
PREFLIGHT OK -- account, clock, data, state, ledgers all verified
  CLOCK FEED_STALE: no advancement for 12610s
  NO NEW ENTRIES THIS CYCLE -- a trustworthy current market clock could not be established. Open positions keep their broker stops; exits and reconciliation have already run.

===== cycle 2026-09-05 00:26:02 UTC (host local 2026-09-04 17:26:02) =====
DEMO GATE OK -> 1514487471 FTMO-Demo equity 99995.90
  bar-vs-tick gap 359s (diagnostic only; freshness is decided by clock_state after exits and reconciliation)
  ! HOST CLOCK is 211.1 min from the broker's. Session windows are UNAFFECTED (offset is hour-rounded), but fix it: the hypervisor time provider usually needs disabling before w32time will hold.
PREFLIGHT OK -- account, clock, data, state, ledgers all verified
  CLOCK FEED_STALE: no advancement for 12661s
  NO NEW ENTRIES THIS CYCLE -- a trustworthy current market clock could not be established. Open positions keep their broker stops; exits and reconciliation have already run.

===== cycle 2026-09-05 00:26:12 UTC (host local 2026-09-04 17:26:12) =====
DEMO GATE OK -> 1514487471 FTMO-Demo equity 99995.90
  bar-vs-tick gap 359s (diagnostic only; freshness is decided by clock_state after exits and reconciliation)
  ! HOST CLOCK is 211.2 min from the broker's. Session windows are UNAFFECTED (offset is hour-rounded), but fix it: the hypervisor time provider usually needs disabling before w32time will hold.
PREFLIGHT OK -- account, clock, data, state, ledgers all verified
  CLOCK FEED_STALE: no advancement for 12671s
  NO NEW ENTRIES THIS CYCLE -- a trustworthy current market clock could not be established. Open positions keep their broker stops; exits and reconciliation have already run.

===== cycle 2026-09-05 00:27:02 UTC (host local 2026-09-04 17:27:02) =====
DEMO GATE OK -> 1514487471 FTMO-Demo equity 99995.90
  bar-vs-tick gap 359s (diagnostic only; freshness is decided by clock_state after exits and reconciliation)
  ! HOST CLOCK is 212.1 min from the broker's. Session windows are UNAFFECTED (offset is hour-rounded), but fix it: the hypervisor time provider usually needs disabling before w32time will hold.
PREFLIGHT OK -- account, clock, data, state, ledgers all verified
  CLOCK FEED_STALE: no advancement for 12721s
  NO NEW ENTRIES THIS CYCLE -- a trustworthy current market clock could not be established. Open positions keep their broker stops; exits and reconciliation have already run.

===== cycle 2026-09-05 00:27:13 UTC (host local 2026-09-04 17:27:13) =====
DEMO GATE OK -> 1514487471 FTMO-Demo equity 99995.90
  bar-vs-tick gap 359s (diagnostic only; freshness is decided by clock_state after exits and reconciliation)
  ! HOST CLOCK is 212.3 min from the broker's. Session windows are UNAFFECTED (offset is hour-rounded), but fix it: the hypervisor time provider usually needs disabling before w32time will hold.
PREFLIGHT OK -- account, clock, data, state, ledgers all verified
  CLOCK FEED_STALE: no advancement for 12732s
  NO NEW ENTRIES THIS CYCLE -- a trustworthy current market clock could not be established. Open positions keep their broker stops; exits and reconciliation have already run.

===== cycle 2026-09-05 00:28:02 UTC (host local 2026-09-04 17:28:02) =====
DEMO GATE OK -> 1514487471 FTMO-Demo equity 99995.90
  bar-vs-tick gap 359s (diagnostic only; freshness is decided by clock_state after exits and reconciliation)
  ! HOST CLOCK is 213.1 min from the broker's. Session windows are UNAFFECTED (offset is hour-rounded), but fix it: the hypervisor time provider usually needs disabling before w32time will hold.
PREFLIGHT OK -- account, clock, data, state, ledgers all verified
  CLOCK FEED_STALE: no advancement for 12781s
  NO NEW ENTRIES THIS CYCLE -- a trustworthy current market clock could not be established. Open positions keep their broker stops; exits and reconciliation have already run.

===== cycle 2026-09-05 00:28:14 UTC (host local 2026-09-04 17:28:14) =====
DEMO GATE OK -> 1514487471 FTMO-Demo equity 99995.90
  bar-vs-tick gap 359s (diagnostic only; freshness is decided by clock_state after exits and reconciliation)
  ! HOST CLOCK is 213.3 min from the broker's. Session windows are UNAFFECTED (offset is hour-rounded), but fix it: the hypervisor time provider usually needs disabling before w32time will hold.
PREFLIGHT OK -- account, clock, data, state, ledgers all verified
  CLOCK FEED_STALE: no advancement for 12793s
  NO NEW ENTRIES THIS CYCLE -- a trustworthy current market clock could not be established. Open positions keep their broker stops; exits and reconciliation have already run.

===== cycle 2026-09-05 00:29:02 UTC (host local 2026-09-04 17:29:02) =====
DEMO GATE OK -> 1514487471 FTMO-Demo equity 99995.90
  bar-vs-tick gap 359s (diagnostic only; freshness is decided by clock_state after exits and reconciliation)
  ! HOST CLOCK is 214.1 min from the broker's. Session windows are UNAFFECTED (offset is hour-rounded), but fix it: the hypervisor time provider usually needs disabling before w32time will hold.
PREFLIGHT OK -- account, clock, data, state, ledgers all verified
  CLOCK FEED_STALE: no advancement for 12840s
  NO NEW ENTRIES THIS CYCLE -- a trustworthy current market clock could not be established. Open positions keep their broker stops; exits and reconciliation have already run.

===== cycle 2026-09-05 00:29:15 UTC (host local 2026-09-04 17:29:15) =====
DEMO GATE OK -> 1514487471 FTMO-Demo equity 99995.90
  bar-vs-tick gap 359s (diagnostic only; freshness is decided by clock_state after exits and reconciliation)
  ! HOST CLOCK is 214.3 min from the broker's. Session windows are UNAFFECTED (offset is hour-rounded), but fix it: the hypervisor time provider usually needs disabling before w32time will hold.
PREFLIGHT OK -- account, clock, data, state, ledgers all verified
  CLOCK FEED_STALE: no advancement for 12854s
  NO NEW ENTRIES THIS CYCLE -- a trustworthy current market clock could not be established. Open positions keep their broker stops; exits and reconciliation have already run.

===== cycle 2026-09-05 00:30:02 UTC (host local 2026-09-04 17:30:02) =====
DEMO GATE OK -> 1514487471 FTMO-Demo equity 99995.90
  bar-vs-tick gap 359s (diagnostic only; freshness is decided by clock_state after exits and reconciliation)
  ! HOST CLOCK is 215.1 min from the broker's. Session windows are UNAFFECTED (offset is hour-rounded), but fix it: the hypervisor time provider usually needs disabling before w32time will hold.
PREFLIGHT OK -- account, clock, data, state, ledgers all verified
  CLOCK FEED_STALE: no advancement for 12901s
  NO NEW ENTRIES THIS CYCLE -- a trustworthy current market clock could not be established. Open positions keep their broker stops; exits and reconciliation have already run.
