
===== cycle 2026-09-11 00:00:01 UTC (host local 2026-09-10 17:00:01) =====
DEMO GATE OK -> 1514487471 FTMO-Demo equity 99930.49
  bar-vs-tick gap 2s (diagnostic only; freshness is decided by clock_state after exits and reconciliation)
PREFLIGHT OK -- account, clock, data, state, ledgers all verified
  CLOCK FEED_FRESH: feed advancing, age in band, host within tolerance
profit -0.01%  daily headroom 5.00%  total headroom 9.99%  trading days 6

  DESK CLOCK 2026-09-11 01:00 London (broker)
  MARKET EURUSD      TRANSITION,AT_HTF_LEVEL,RISK_OFF
  MARKET US100.cash  TRANSITION,AT_HTF_LEVEL,RISK_OFF
  MARKET US500.cash  TRANSITION,AT_HTF_LEVEL,RISK_OFF
  MARKET XAUUSD      TRANSITION,AT_HTF_LEVEL,RISK_OFF
  BOT_A_gold_0630_breakout: no trade -- outside window: 01:00 London, opens 06:30 closes 16:00
  BOT_B_nas100_usopen_breakout: NOT ELIGIBLE -- regime TRANSITION is structurally wrong for this bot
  BOT_C_sp500_london_breakout: no trade -- outside window: 01:00 London, opens 08:00 closes 16:30
  BOT_D_gold_ny_breakout: no trade -- outside window: 01:00 London, opens 14:30 closes 20:00
  BOT_E_eurusd_london_breakout: no trade -- outside window: 01:00 London, opens 08:00 closes 17:00
  BOT_F_nas100_vwap_reversion: NOT ELIGIBLE -- regime TRANSITION is structurally wrong for this bot
  BOT_G_nas100_h4_pullback: NOT ELIGIBLE -- regime TRANSITION is structurally wrong for this bot
  BOT_H_gold_sweep_reclaim: no trade -- outside window: 01:00 London

  CIO: 0 candidate(s); 0 funded, 0.000% total risk

===== cycle 2026-09-11 00:01:01 UTC (host local 2026-09-10 17:01:01) =====
DEMO GATE OK -> 1514487471 FTMO-Demo equity 99930.49
  bar-vs-tick gap 2s (diagnostic only; freshness is decided by clock_state after exits and reconciliation)
PREFLIGHT OK -- account, clock, data, state, ledgers all verified
  CLOCK FEED_FRESH: feed advancing, age in band, host within tolerance
profit -0.01%  daily headroom 5.00%  total headroom 9.99%  trading days 6

  DESK CLOCK 2026-09-11 01:01 London (broker)
  MARKET EURUSD      TRANSITION,AT_HTF_LEVEL,RISK_OFF
  MARKET US100.cash  TRANSITION,AT_HTF_LEVEL,RISK_OFF
  MARKET US500.cash  TRANSITION,AT_HTF_LEVEL,RISK_OFF
  MARKET XAUUSD      TRANSITION,AT_HTF_LEVEL,RISK_OFF
  BOT_A_gold_0630_breakout: no trade -- outside window: 01:01 London, opens 06:30 closes 16:00
  BOT_B_nas100_usopen_breakout: NOT ELIGIBLE -- regime TRANSITION is structurally wrong for this bot
  BOT_C_sp500_london_breakout: no trade -- outside window: 01:01 London, opens 08:00 closes 16:30
  BOT_D_gold_ny_breakout: no trade -- outside window: 01:01 London, opens 14:30 closes 20:00
  BOT_E_eurusd_london_breakout: no trade -- outside window: 01:01 London, opens 08:00 closes 17:00
  BOT_F_nas100_vwap_reversion: NOT ELIGIBLE -- regime TRANSITION is structurally wrong for this bot
  BOT_G_nas100_h4_pullback: NOT ELIGIBLE -- regime TRANSITION is structurally wrong for this bot
  BOT_H_gold_sweep_reclaim: no trade -- outside window: 01:01 London

  CIO: 0 candidate(s); 0 funded, 0.000% total risk

===== cycle 2026-09-11 00:02:01 UTC (host local 2026-09-10 17:02:01) =====
DEMO GATE OK -> 1514487471 FTMO-Demo equity 99930.49
  bar-vs-tick gap 2s (diagnostic only; freshness is decided by clock_state after exits and reconciliation)
PREFLIGHT OK -- account, clock, data, state, ledgers all verified
  CLOCK FEED_FRESH: feed advancing, age in band, host within tolerance
profit -0.01%  daily headroom 5.00%  total headroom 9.99%  trading days 6

  DESK CLOCK 2026-09-11 01:02 London (broker)
  MARKET EURUSD      TRANSITION,AT_HTF_LEVEL,RISK_OFF
  MARKET US100.cash  TRANSITION,AT_HTF_LEVEL,RISK_OFF
  MARKET US500.cash  TRANSITION,AT_HTF_LEVEL,RISK_OFF
  MARKET XAUUSD      TRANSITION,AT_HTF_LEVEL,RISK_OFF
  BOT_A_gold_0630_breakout: no trade -- outside window: 01:02 London, opens 06:30 closes 16:00
  BOT_B_nas100_usopen_breakout: NOT ELIGIBLE -- regime TRANSITION is structurally wrong for this bot
  BOT_C_sp500_london_breakout: no trade -- outside window: 01:02 London, opens 08:00 closes 16:30
  BOT_D_gold_ny_breakout: no trade -- outside window: 01:02 London, opens 14:30 closes 20:00
  BOT_E_eurusd_london_breakout: no trade -- outside window: 01:02 London, opens 08:00 closes 17:00
  BOT_F_nas100_vwap_reversion: NOT ELIGIBLE -- regime TRANSITION is structurally wrong for this bot
  BOT_G_nas100_h4_pullback: NOT ELIGIBLE -- regime TRANSITION is structurally wrong for this bot
  BOT_H_gold_sweep_reclaim: no trade -- outside window: 01:02 London

  CIO: 0 candidate(s); 0 funded, 0.000% total risk

===== cycle 2026-09-11 00:03:01 UTC (host local 2026-09-10 17:03:01) =====
DEMO GATE OK -> 1514487471 FTMO-Demo equity 99930.49
  bar-vs-tick gap 2s (diagnostic only; freshness is decided by clock_state after exits and reconciliation)
PREFLIGHT OK -- account, clock, data, state, ledgers all verified
  CLOCK FEED_FRESH: feed advancing, age in band, host within tolerance
profit -0.01%  daily headroom 5.00%  total headroom 9.99%  trading days 6

  DESK CLOCK 2026-09-11 01:03 London (broker)
  MARKET EURUSD      TRANSITION,AT_HTF_LEVEL,RISK_OFF
  MARKET US100.cash  TRANSITION,AT_HTF_LEVEL,RISK_OFF
  MARKET US500.cash  TRANSITION,AT_HTF_LEVEL,RISK_OFF
  MARKET XAUUSD      TRANSITION,AT_HTF_LEVEL,RISK_OFF
  BOT_A_gold_0630_breakout: no trade -- outside window: 01:03 London, opens 06:30 closes 16:00
  BOT_B_nas100_usopen_breakout: NOT ELIGIBLE -- regime TRANSITION is structurally wrong for this bot
  BOT_C_sp500_london_breakout: no trade -- outside window: 01:03 London, opens 08:00 closes 16:30
  BOT_D_gold_ny_breakout: no trade -- outside window: 01:03 London, opens 14:30 closes 20:00
  BOT_E_eurusd_london_breakout: no trade -- outside window: 01:03 London, opens 08:00 closes 17:00
  BOT_F_nas100_vwap_reversion: NOT ELIGIBLE -- regime TRANSITION is structurally wrong for this bot
  BOT_G_nas100_h4_pullback: NOT ELIGIBLE -- regime TRANSITION is structurally wrong for this bot
  BOT_H_gold_sweep_reclaim: no trade -- outside window: 01:03 London

  CIO: 0 candidate(s); 0 funded, 0.000% total risk

===== cycle 2026-09-11 00:04:01 UTC (host local 2026-09-10 17:04:01) =====
DEMO GATE OK -> 1514487471 FTMO-Demo equity 99930.49
  bar-vs-tick gap 2s (diagnostic only; freshness is decided by clock_state after exits and reconciliation)
PREFLIGHT OK -- account, clock, data, state, ledgers all verified
  CLOCK FEED_FRESH: feed advancing, age in band, host within tolerance
profit -0.01%  daily headroom 5.00%  total headroom 9.99%  trading days 6

  DESK CLOCK 2026-09-11 01:04 London (broker)
  MARKET EURUSD      TRANSITION,AT_HTF_LEVEL,RISK_OFF
  MARKET US100.cash  TRANSITION,AT_HTF_LEVEL,RISK_OFF
  MARKET US500.cash  TRANSITION,AT_HTF_LEVEL,RISK_OFF
  MARKET XAUUSD      TRANSITION,AT_HTF_LEVEL,RISK_OFF
  BOT_A_gold_0630_breakout: no trade -- outside window: 01:04 London, opens 06:30 closes 16:00
  BOT_B_nas100_usopen_breakout: NOT ELIGIBLE -- regime TRANSITION is structurally wrong for this bot
  BOT_C_sp500_london_breakout: no trade -- outside window: 01:04 London, opens 08:00 closes 16:30
  BOT_D_gold_ny_breakout: no trade -- outside window: 01:04 London, opens 14:30 closes 20:00
  BOT_E_eurusd_london_breakout: no trade -- outside window: 01:04 London, opens 08:00 closes 17:00
  BOT_F_nas100_vwap_reversion: NOT ELIGIBLE -- regime TRANSITION is structurally wrong for this bot
  BOT_G_nas100_h4_pullback: NOT ELIGIBLE -- regime TRANSITION is structurally wrong for this bot
  BOT_H_gold_sweep_reclaim: no trade -- outside window: 01:04 London

  CIO: 0 candidate(s); 0 funded, 0.000% total risk

===== cycle 2026-09-11 00:05:01 UTC (host local 2026-09-10 17:05:01) =====
DEMO GATE OK -> 1514487471 FTMO-Demo equity 99930.49
  bar-vs-tick gap 2s (diagnostic only; freshness is decided by clock_state after exits and reconciliation)
PREFLIGHT OK -- account, clock, data, state, ledgers all verified
  CLOCK FEED_FRESH: feed advancing, age in band, host within tolerance
profit -0.01%  daily headroom 5.00%  total headroom 9.99%  trading days 6

  DESK CLOCK 2026-09-11 01:05 London (broker)
  MARKET EURUSD      TRANSITION,AT_HTF_LEVEL,RISK_OFF
  MARKET US100.cash  TRANSITION,AT_HTF_LEVEL,RISK_OFF
  MARKET US500.cash  TRANSITION,AT_HTF_LEVEL,RISK_OFF
  MARKET XAUUSD      TRANSITION,AT_HTF_LEVEL,RISK_OFF
  BOT_A_gold_0630_breakout: no trade -- outside window: 01:05 London, opens 06:30 closes 16:00
  BOT_B_nas100_usopen_breakout: NOT ELIGIBLE -- regime TRANSITION is structurally wrong for this bot
  BOT_C_sp500_london_breakout: no trade -- outside window: 01:05 London, opens 08:00 closes 16:30
  BOT_D_gold_ny_breakout: no trade -- outside window: 01:05 London, opens 14:30 closes 20:00
  BOT_E_eurusd_london_breakout: no trade -- outside window: 01:05 London, opens 08:00 closes 17:00
  BOT_F_nas100_vwap_reversion: NOT ELIGIBLE -- regime TRANSITION is structurally wrong for this bot
  BOT_G_nas100_h4_pullback: NOT ELIGIBLE -- regime TRANSITION is structurally wrong for this bot
  BOT_H_gold_sweep_reclaim: no trade -- outside window: 01:05 London

  CIO: 0 candidate(s); 0 funded, 0.000% total risk

===== cycle 2026-09-11 00:06:01 UTC (host local 2026-09-10 17:06:01) =====
DEMO GATE OK -> 1514487471 FTMO-Demo equity 99930.49
  bar-vs-tick gap 2s (diagnostic only; freshness is decided by clock_state after exits and reconciliation)
PREFLIGHT OK -- account, clock, data, state, ledgers all verified
  CLOCK FEED_FRESH: feed advancing, age in band, host within tolerance
profit -0.01%  daily headroom 5.00%  total headroom 9.99%  trading days 6

  DESK CLOCK 2026-09-11 01:06 London (broker)
  MARKET EURUSD      TRANSITION,AT_HTF_LEVEL,RISK_OFF
  MARKET US100.cash  TRANSITION,AT_HTF_LEVEL,RISK_OFF
  MARKET US500.cash  TRANSITION,AT_HTF_LEVEL,RISK_OFF
  MARKET XAUUSD      TRANSITION,AT_HTF_LEVEL,RISK_OFF
  BOT_A_gold_0630_breakout: no trade -- outside window: 01:06 London, opens 06:30 closes 16:00
  BOT_B_nas100_usopen_breakout: NOT ELIGIBLE -- regime TRANSITION is structurally wrong for this bot
  BOT_C_sp500_london_breakout: no trade -- outside window: 01:06 London, opens 08:00 closes 16:30
  BOT_D_gold_ny_breakout: no trade -- outside window: 01:06 London, opens 14:30 closes 20:00
  BOT_E_eurusd_london_breakout: no trade -- outside window: 01:06 London, opens 08:00 closes 17:00
  BOT_F_nas100_vwap_reversion: NOT ELIGIBLE -- regime TRANSITION is structurally wrong for this bot
  BOT_G_nas100_h4_pullback: NOT ELIGIBLE -- regime TRANSITION is structurally wrong for this bot
  BOT_H_gold_sweep_reclaim: no trade -- outside window: 01:06 London

  CIO: 0 candidate(s); 0 funded, 0.000% total risk

===== cycle 2026-09-11 00:07:01 UTC (host local 2026-09-10 17:07:01) =====
DEMO GATE OK -> 1514487471 FTMO-Demo equity 99930.49
  bar-vs-tick gap 2s (diagnostic only; freshness is decided by clock_state after exits and reconciliation)
PREFLIGHT OK -- account, clock, data, state, ledgers all verified
  CLOCK FEED_FRESH: feed advancing, age in band, host within tolerance
profit -0.01%  daily headroom 5.00%  total headroom 9.99%  trading days 6

  DESK CLOCK 2026-09-11 01:07 London (broker)
  MARKET EURUSD      TRANSITION,AT_HTF_LEVEL,RISK_ON
  MARKET US100.cash  TRANSITION,AT_HTF_LEVEL,RISK_ON
  MARKET US500.cash  TRANSITION,AT_HTF_LEVEL,RISK_OFF
  MARKET XAUUSD      TRANSITION,AT_HTF_LEVEL,RISK_OFF
  BOT_A_gold_0630_breakout: no trade -- outside window: 01:07 London, opens 06:30 closes 16:00
  BOT_B_nas100_usopen_breakout: NOT ELIGIBLE -- regime TRANSITION is structurally wrong for this bot
  BOT_C_sp500_london_breakout: no trade -- outside window: 01:07 London, opens 08:00 closes 16:30
  BOT_D_gold_ny_breakout: no trade -- outside window: 01:07 London, opens 14:30 closes 20:00
  BOT_E_eurusd_london_breakout: no trade -- outside window: 01:07 London, opens 08:00 closes 17:00
  BOT_F_nas100_vwap_reversion: NOT ELIGIBLE -- regime TRANSITION is structurally wrong for this bot
  BOT_G_nas100_h4_pullback: NOT ELIGIBLE -- regime TRANSITION is structurally wrong for this bot
  BOT_H_gold_sweep_reclaim: no trade -- outside window: 01:07 London

  CIO: 0 candidate(s); 0 funded, 0.000% total risk

===== cycle 2026-09-11 00:08:01 UTC (host local 2026-09-10 17:08:01) =====
DEMO GATE OK -> 1514487471 FTMO-Demo equity 99930.49
  bar-vs-tick gap 2s (diagnostic only; freshness is decided by clock_state after exits and reconciliation)
PREFLIGHT OK -- account, clock, data, state, ledgers all verified
  CLOCK FEED_FRESH: feed advancing, age in band, host within tolerance
profit -0.01%  daily headroom 5.00%  total headroom 9.99%  trading days 6

  DESK CLOCK 2026-09-11 01:08 London (broker)
  MARKET EURUSD      TRANSITION,AT_HTF_LEVEL,RISK_ON
  MARKET US100.cash  TRANSITION,AT_HTF_LEVEL,RISK_ON
  MARKET US500.cash  TRANSITION,AT_HTF_LEVEL,RISK_OFF
  MARKET XAUUSD      TRANSITION,AT_HTF_LEVEL,RISK_OFF
  BOT_A_gold_0630_breakout: no trade -- outside window: 01:08 London, opens 06:30 closes 16:00
  BOT_B_nas100_usopen_breakout: NOT ELIGIBLE -- regime TRANSITION is structurally wrong for this bot
  BOT_C_sp500_london_breakout: no trade -- outside window: 01:08 London, opens 08:00 closes 16:30
  BOT_D_gold_ny_breakout: no trade -- outside window: 01:08 London, opens 14:30 closes 20:00
  BOT_E_eurusd_london_breakout: no trade -- outside window: 01:08 London, opens 08:00 closes 17:00
  BOT_F_nas100_vwap_reversion: NOT ELIGIBLE -- regime TRANSITION is structurally wrong for this bot
  BOT_G_nas100_h4_pullback: NOT ELIGIBLE -- regime TRANSITION is structurally wrong for this bot
  BOT_H_gold_sweep_reclaim: no trade -- outside window: 01:08 London

  CIO: 0 candidate(s); 0 funded, 0.000% total risk

===== cycle 2026-09-11 00:09:01 UTC (host local 2026-09-10 17:09:01) =====
DEMO GATE OK -> 1514487471 FTMO-Demo equity 99930.49
  bar-vs-tick gap 2s (diagnostic only; freshness is decided by clock_state after exits and reconciliation)
PREFLIGHT OK -- account, clock, data, state, ledgers all verified
  CLOCK FEED_FRESH: feed advancing, age in band, host within tolerance
profit -0.01%  daily headroom 5.00%  total headroom 9.99%  trading days 6

  DESK CLOCK 2026-09-11 01:09 London (broker)
  MARKET EURUSD      TRANSITION,AT_HTF_LEVEL,RISK_ON
  MARKET US100.cash  TRANSITION,AT_HTF_LEVEL,RISK_ON
  MARKET US500.cash  TRANSITION,AT_HTF_LEVEL,RISK_OFF
  MARKET XAUUSD      TRANSITION,AT_HTF_LEVEL,RISK_OFF
  BOT_A_gold_0630_breakout: no trade -- outside window: 01:09 London, opens 06:30 closes 16:00
  BOT_B_nas100_usopen_breakout: NOT ELIGIBLE -- regime TRANSITION is structurally wrong for this bot
  BOT_C_sp500_london_breakout: no trade -- outside window: 01:09 London, opens 08:00 closes 16:30
  BOT_D_gold_ny_breakout: no trade -- outside window: 01:09 London, opens 14:30 closes 20:00
  BOT_E_eurusd_london_breakout: no trade -- outside window: 01:09 London, opens 08:00 closes 17:00
  BOT_F_nas100_vwap_reversion: NOT ELIGIBLE -- regime TRANSITION is structurally wrong for this bot
  BOT_G_nas100_h4_pullback: NOT ELIGIBLE -- regime TRANSITION is structurally wrong for this bot
  BOT_H_gold_sweep_reclaim: no trade -- outside window: 01:09 London

  CIO: 0 candidate(s); 0 funded, 0.000% total risk

===== cycle 2026-09-11 00:10:01 UTC (host local 2026-09-10 17:10:01) =====
DEMO GATE OK -> 1514487471 FTMO-Demo equity 99930.49
  bar-vs-tick gap 2s (diagnostic only; freshness is decided by clock_state after exits and reconciliation)
PREFLIGHT OK -- account, clock, data, state, ledgers all verified
  CLOCK FEED_FRESH: feed advancing, age in band, host within tolerance
profit -0.01%  daily headroom 5.00%  total headroom 9.99%  trading days 6

  DESK CLOCK 2026-09-11 01:10 London (broker)
  MARKET EURUSD      TRANSITION,AT_HTF_LEVEL,RISK_ON
  MARKET US100.cash  TRANSITION,AT_HTF_LEVEL,RISK_ON
  MARKET US500.cash  TRANSITION,AT_HTF_LEVEL,RISK_OFF
  MARKET XAUUSD      TRANSITION,AT_HTF_LEVEL,RISK_OFF
  BOT_A_gold_0630_breakout: no trade -- outside window: 01:10 London, opens 06:30 closes 16:00
  BOT_B_nas100_usopen_breakout: NOT ELIGIBLE -- regime TRANSITION is structurally wrong for this bot
  BOT_C_sp500_london_breakout: no trade -- outside window: 01:10 London, opens 08:00 closes 16:30
  BOT_D_gold_ny_breakout: no trade -- outside window: 01:10 London, opens 14:30 closes 20:00
  BOT_E_eurusd_london_breakout: no trade -- outside window: 01:10 London, opens 08:00 closes 17:00
  BOT_F_nas100_vwap_reversion: NOT ELIGIBLE -- regime TRANSITION is structurally wrong for this bot
  BOT_G_nas100_h4_pullback: NOT ELIGIBLE -- regime TRANSITION is structurally wrong for this bot
  BOT_H_gold_sweep_reclaim: no trade -- outside window: 01:10 London

  CIO: 0 candidate(s); 0 funded, 0.000% total risk

===== cycle 2026-09-11 00:11:01 UTC (host local 2026-09-10 17:11:01) =====
DEMO GATE OK -> 1514487471 FTMO-Demo equity 99930.49
  bar-vs-tick gap 2s (diagnostic only; freshness is decided by clock_state after exits and reconciliation)
PREFLIGHT OK -- account, clock, data, state, ledgers all verified
  CLOCK FEED_FRESH: feed advancing, age in band, host within tolerance
profit -0.01%  daily headroom 5.00%  total headroom 9.99%  trading days 6

  DESK CLOCK 2026-09-11 01:11 London (broker)
  MARKET EURUSD      TRANSITION,AT_HTF_LEVEL,RISK_ON
  MARKET US100.cash  TRANSITION,AT_HTF_LEVEL,RISK_ON
  MARKET US500.cash  TRANSITION,AT_HTF_LEVEL,RISK_OFF
  MARKET XAUUSD      TRANSITION,AT_HTF_LEVEL,RISK_OFF
  BOT_A_gold_0630_breakout: no trade -- outside window: 01:11 London, opens 06:30 closes 16:00
  BOT_B_nas100_usopen_breakout: NOT ELIGIBLE -- regime TRANSITION is structurally wrong for this bot
  BOT_C_sp500_london_breakout: no trade -- outside window: 01:11 London, opens 08:00 closes 16:30
  BOT_D_gold_ny_breakout: no trade -- outside window: 01:11 London, opens 14:30 closes 20:00
  BOT_E_eurusd_london_breakout: no trade -- outside window: 01:11 London, opens 08:00 closes 17:00
  BOT_F_nas100_vwap_reversion: NOT ELIGIBLE -- regime TRANSITION is structurally wrong for this bot
  BOT_G_nas100_h4_pullback: NOT ELIGIBLE -- regime TRANSITION is structurally wrong for this bot
  BOT_H_gold_sweep_reclaim: no trade -- outside window: 01:11 London

  CIO: 0 candidate(s); 0 funded, 0.000% total risk

===== cycle 2026-09-11 00:12:01 UTC (host local 2026-09-10 17:12:01) =====
DEMO GATE OK -> 1514487471 FTMO-Demo equity 99930.49
  bar-vs-tick gap 2s (diagnostic only; freshness is decided by clock_state after exits and reconciliation)
PREFLIGHT OK -- account, clock, data, state, ledgers all verified
  CLOCK FEED_FRESH: feed advancing, age in band, host within tolerance
profit -0.01%  daily headroom 5.00%  total headroom 9.99%  trading days 6

  DESK CLOCK 2026-09-11 01:12 London (broker)
  MARKET EURUSD      TRANSITION,AT_HTF_LEVEL,RISK_ON
  MARKET US100.cash  TRANSITION,AT_HTF_LEVEL,RISK_ON
  MARKET US500.cash  TRANSITION,AT_HTF_LEVEL,RISK_OFF
  MARKET XAUUSD      TRANSITION,AT_HTF_LEVEL,RISK_OFF
  BOT_A_gold_0630_breakout: no trade -- outside window: 01:12 London, opens 06:30 closes 16:00
  BOT_B_nas100_usopen_breakout: NOT ELIGIBLE -- regime TRANSITION is structurally wrong for this bot
  BOT_C_sp500_london_breakout: no trade -- outside window: 01:12 London, opens 08:00 closes 16:30
  BOT_D_gold_ny_breakout: no trade -- outside window: 01:12 London, opens 14:30 closes 20:00
  BOT_E_eurusd_london_breakout: no trade -- outside window: 01:12 London, opens 08:00 closes 17:00
  BOT_F_nas100_vwap_reversion: NOT ELIGIBLE -- regime TRANSITION is structurally wrong for this bot
  BOT_G_nas100_h4_pullback: NOT ELIGIBLE -- regime TRANSITION is structurally wrong for this bot
  BOT_H_gold_sweep_reclaim: no trade -- outside window: 01:12 London

  CIO: 0 candidate(s); 0 funded, 0.000% total risk

===== cycle 2026-09-11 00:13:01 UTC (host local 2026-09-10 17:13:01) =====
DEMO GATE OK -> 1514487471 FTMO-Demo equity 99930.49
  bar-vs-tick gap 2s (diagnostic only; freshness is decided by clock_state after exits and reconciliation)
PREFLIGHT OK -- account, clock, data, state, ledgers all verified
  CLOCK FEED_FRESH: feed advancing, age in band, host within tolerance
profit -0.01%  daily headroom 5.00%  total headroom 9.99%  trading days 6

  DESK CLOCK 2026-09-11 01:13 London (broker)
  MARKET EURUSD      TRANSITION,AT_HTF_LEVEL,RISK_ON
  MARKET US100.cash  TRANSITION,AT_HTF_LEVEL,RISK_ON
  MARKET US500.cash  TRANSITION,AT_HTF_LEVEL,RISK_OFF
  MARKET XAUUSD      TRANSITION,AT_HTF_LEVEL,RISK_OFF
  BOT_A_gold_0630_breakout: no trade -- outside window: 01:13 London, opens 06:30 closes 16:00
  BOT_B_nas100_usopen_breakout: NOT ELIGIBLE -- regime TRANSITION is structurally wrong for this bot
  BOT_C_sp500_london_breakout: no trade -- outside window: 01:13 London, opens 08:00 closes 16:30
  BOT_D_gold_ny_breakout: no trade -- outside window: 01:13 London, opens 14:30 closes 20:00
  BOT_E_eurusd_london_breakout: no trade -- outside window: 01:13 London, opens 08:00 closes 17:00
  BOT_F_nas100_vwap_reversion: NOT ELIGIBLE -- regime TRANSITION is structurally wrong for this bot
  BOT_G_nas100_h4_pullback: NOT ELIGIBLE -- regime TRANSITION is structurally wrong for this bot
  BOT_H_gold_sweep_reclaim: no trade -- outside window: 01:13 London

  CIO: 0 candidate(s); 0 funded, 0.000% total risk

===== cycle 2026-09-11 00:14:01 UTC (host local 2026-09-10 17:14:01) =====
DEMO GATE OK -> 1514487471 FTMO-Demo equity 99930.49
  bar-vs-tick gap 1s (diagnostic only; freshness is decided by clock_state after exits and reconciliation)
PREFLIGHT OK -- account, clock, data, state, ledgers all verified
  CLOCK FEED_FRESH: feed advancing, age in band, host within tolerance
profit -0.01%  daily headroom 5.00%  total headroom 9.99%  trading days 6

  DESK CLOCK 2026-09-11 01:14 London (broker)
  MARKET EURUSD      TRANSITION,AT_HTF_LEVEL,RISK_ON
  MARKET US100.cash  TRANSITION,AT_HTF_LEVEL,RISK_ON
  MARKET US500.cash  TRANSITION,AT_HTF_LEVEL,RISK_OFF
  MARKET XAUUSD      TRANSITION,AT_HTF_LEVEL,RISK_OFF
  BOT_A_gold_0630_breakout: no trade -- outside window: 01:14 London, opens 06:30 closes 16:00
  BOT_B_nas100_usopen_breakout: NOT ELIGIBLE -- regime TRANSITION is structurally wrong for this bot
  BOT_C_sp500_london_breakout: no trade -- outside window: 01:14 London, opens 08:00 closes 16:30
  BOT_D_gold_ny_breakout: no trade -- outside window: 01:14 London, opens 14:30 closes 20:00
  BOT_E_eurusd_london_breakout: no trade -- outside window: 01:14 London, opens 08:00 closes 17:00
  BOT_F_nas100_vwap_reversion: NOT ELIGIBLE -- regime TRANSITION is structurally wrong for this bot
  BOT_G_nas100_h4_pullback: NOT ELIGIBLE -- regime TRANSITION is structurally wrong for this bot
  BOT_H_gold_sweep_reclaim: no trade -- outside window: 01:14 London

  CIO: 0 candidate(s); 0 funded, 0.000% total risk

===== cycle 2026-09-11 00:15:01 UTC (host local 2026-09-10 17:15:01) =====
DEMO GATE OK -> 1514487471 FTMO-Demo equity 99930.49
  bar-vs-tick gap 2s (diagnostic only; freshness is decided by clock_state after exits and reconciliation)
PREFLIGHT OK -- account, clock, data, state, ledgers all verified
  CLOCK FEED_FRESH: feed advancing, age in band, host within tolerance
profit -0.01%  daily headroom 5.00%  total headroom 9.99%  trading days 6

  DESK CLOCK 2026-09-11 01:15 London (broker)
  MARKET EURUSD      TRANSITION,AT_HTF_LEVEL,RISK_ON
  MARKET US100.cash  TRANSITION,AT_HTF_LEVEL,RISK_ON
  MARKET US500.cash  TRANSITION,AT_HTF_LEVEL,RISK_OFF
  MARKET XAUUSD      TRANSITION,AT_HTF_LEVEL,RISK_OFF
  BOT_A_gold_0630_breakout: no trade -- outside window: 01:15 London, opens 06:30 closes 16:00
  BOT_B_nas100_usopen_breakout: NOT ELIGIBLE -- regime TRANSITION is structurally wrong for this bot
  BOT_C_sp500_london_breakout: no trade -- outside window: 01:15 London, opens 08:00 closes 16:30
  BOT_D_gold_ny_breakout: no trade -- outside window: 01:15 London, opens 14:30 closes 20:00
  BOT_E_eurusd_london_breakout: no trade -- outside window: 01:15 London, opens 08:00 closes 17:00
  BOT_F_nas100_vwap_reversion: NOT ELIGIBLE -- regime TRANSITION is structurally wrong for this bot
  BOT_G_nas100_h4_pullback: NOT ELIGIBLE -- regime TRANSITION is structurally wrong for this bot
  BOT_H_gold_sweep_reclaim: no trade -- outside window: 01:15 London

  CIO: 0 candidate(s); 0 funded, 0.000% total risk

===== cycle 2026-09-11 00:16:01 UTC (host local 2026-09-10 17:16:01) =====
DEMO GATE OK -> 1514487471 FTMO-Demo equity 99930.49
  bar-vs-tick gap 2s (diagnostic only; freshness is decided by clock_state after exits and reconciliation)
PREFLIGHT OK -- account, clock, data, state, ledgers all verified
  CLOCK FEED_FRESH: feed advancing, age in band, host within tolerance
profit -0.01%  daily headroom 5.00%  total headroom 9.99%  trading days 6

  DESK CLOCK 2026-09-11 01:16 London (broker)
  MARKET EURUSD      TRANSITION,AT_HTF_LEVEL,RISK_ON
  MARKET US100.cash  TRANSITION,AT_HTF_LEVEL,RISK_ON
  MARKET US500.cash  TRANSITION,AT_HTF_LEVEL,RISK_OFF
  MARKET XAUUSD      TRANSITION,AT_HTF_LEVEL,RISK_OFF
  BOT_A_gold_0630_breakout: no trade -- outside window: 01:16 London, opens 06:30 closes 16:00
  BOT_B_nas100_usopen_breakout: NOT ELIGIBLE -- regime TRANSITION is structurally wrong for this bot
  BOT_C_sp500_london_breakout: no trade -- outside window: 01:16 London, opens 08:00 closes 16:30
  BOT_D_gold_ny_breakout: no trade -- outside window: 01:16 London, opens 14:30 closes 20:00
  BOT_E_eurusd_london_breakout: no trade -- outside window: 01:16 London, opens 08:00 closes 17:00
  BOT_F_nas100_vwap_reversion: NOT ELIGIBLE -- regime TRANSITION is structurally wrong for this bot
  BOT_G_nas100_h4_pullback: NOT ELIGIBLE -- regime TRANSITION is structurally wrong for this bot
  BOT_H_gold_sweep_reclaim: no trade -- outside window: 01:16 London

  CIO: 0 candidate(s); 0 funded, 0.000% total risk

===== cycle 2026-09-11 00:17:01 UTC (host local 2026-09-10 17:17:01) =====
DEMO GATE OK -> 1514487471 FTMO-Demo equity 99930.49
  bar-vs-tick gap 2s (diagnostic only; freshness is decided by clock_state after exits and reconciliation)
PREFLIGHT OK -- account, clock, data, state, ledgers all verified
  CLOCK FEED_FRESH: feed advancing, age in band, host within tolerance
profit -0.01%  daily headroom 5.00%  total headroom 9.99%  trading days 6

  DESK CLOCK 2026-09-11 01:17 London (broker)
  MARKET EURUSD      TRANSITION,AT_HTF_LEVEL,RISK_ON
  MARKET US100.cash  TRANSITION,AT_HTF_LEVEL,RISK_ON
  MARKET US500.cash  TRANSITION,AT_HTF_LEVEL,RISK_OFF
  MARKET XAUUSD      TRANSITION,AT_HTF_LEVEL,RISK_OFF
  BOT_A_gold_0630_breakout: no trade -- outside window: 01:17 London, opens 06:30 closes 16:00
  BOT_B_nas100_usopen_breakout: NOT ELIGIBLE -- regime TRANSITION is structurally wrong for this bot
  BOT_C_sp500_london_breakout: no trade -- outside window: 01:17 London, opens 08:00 closes 16:30
  BOT_D_gold_ny_breakout: no trade -- outside window: 01:17 London, opens 14:30 closes 20:00
  BOT_E_eurusd_london_breakout: no trade -- outside window: 01:17 London, opens 08:00 closes 17:00
  BOT_F_nas100_vwap_reversion: NOT ELIGIBLE -- regime TRANSITION is structurally wrong for this bot
  BOT_G_nas100_h4_pullback: NOT ELIGIBLE -- regime TRANSITION is structurally wrong for this bot
  BOT_H_gold_sweep_reclaim: no trade -- outside window: 01:17 London

  CIO: 0 candidate(s); 0 funded, 0.000% total risk

===== cycle 2026-09-11 00:18:01 UTC (host local 2026-09-10 17:18:01) =====
DEMO GATE OK -> 1514487471 FTMO-Demo equity 99930.49
  bar-vs-tick gap 2s (diagnostic only; freshness is decided by clock_state after exits and reconciliation)
PREFLIGHT OK -- account, clock, data, state, ledgers all verified
  CLOCK FEED_FRESH: feed advancing, age in band, host within tolerance
profit -0.01%  daily headroom 5.00%  total headroom 9.99%  trading days 6

  DESK CLOCK 2026-09-11 01:18 London (broker)
  MARKET EURUSD      TRANSITION,AT_HTF_LEVEL,RISK_ON
  MARKET US100.cash  TRANSITION,AT_HTF_LEVEL,RISK_ON
  MARKET US500.cash  TRANSITION,AT_HTF_LEVEL,RISK_OFF
  MARKET XAUUSD      TRANSITION,AT_HTF_LEVEL,RISK_OFF
  BOT_A_gold_0630_breakout: no trade -- outside window: 01:18 London, opens 06:30 closes 16:00
  BOT_B_nas100_usopen_breakout: NOT ELIGIBLE -- regime TRANSITION is structurally wrong for this bot
  BOT_C_sp500_london_breakout: no trade -- outside window: 01:18 London, opens 08:00 closes 16:30
  BOT_D_gold_ny_breakout: no trade -- outside window: 01:18 London, opens 14:30 closes 20:00
  BOT_E_eurusd_london_breakout: no trade -- outside window: 01:18 London, opens 08:00 closes 17:00
  BOT_F_nas100_vwap_reversion: NOT ELIGIBLE -- regime TRANSITION is structurally wrong for this bot
  BOT_G_nas100_h4_pullback: NOT ELIGIBLE -- regime TRANSITION is structurally wrong for this bot
  BOT_H_gold_sweep_reclaim: no trade -- outside window: 01:18 London

  CIO: 0 candidate(s); 0 funded, 0.000% total risk

===== cycle 2026-09-11 00:19:01 UTC (host local 2026-09-10 17:19:01) =====
DEMO GATE OK -> 1514487471 FTMO-Demo equity 99930.49
  bar-vs-tick gap 2s (diagnostic only; freshness is decided by clock_state after exits and reconciliation)
PREFLIGHT OK -- account, clock, data, state, ledgers all verified
  CLOCK FEED_FRESH: feed advancing, age in band, host within tolerance
profit -0.01%  daily headroom 5.00%  total headroom 9.99%  trading days 6

  DESK CLOCK 2026-09-11 01:19 London (broker)
  MARKET EURUSD      TRANSITION,AT_HTF_LEVEL,RISK_ON
  MARKET US100.cash  TRANSITION,AT_HTF_LEVEL,RISK_ON
  MARKET US500.cash  TRANSITION,AT_HTF_LEVEL,RISK_OFF
  MARKET XAUUSD      TRANSITION,AT_HTF_LEVEL,RISK_OFF
  BOT_A_gold_0630_breakout: no trade -- outside window: 01:19 London, opens 06:30 closes 16:00
  BOT_B_nas100_usopen_breakout: NOT ELIGIBLE -- regime TRANSITION is structurally wrong for this bot
  BOT_C_sp500_london_breakout: no trade -- outside window: 01:19 London, opens 08:00 closes 16:30
  BOT_D_gold_ny_breakout: no trade -- outside window: 01:19 London, opens 14:30 closes 20:00
  BOT_E_eurusd_london_breakout: no trade -- outside window: 01:19 London, opens 08:00 closes 17:00
  BOT_F_nas100_vwap_reversion: NOT ELIGIBLE -- regime TRANSITION is structurally wrong for this bot
  BOT_G_nas100_h4_pullback: NOT ELIGIBLE -- regime TRANSITION is structurally wrong for this bot
  BOT_H_gold_sweep_reclaim: no trade -- outside window: 01:19 London

  CIO: 0 candidate(s); 0 funded, 0.000% total risk

===== cycle 2026-09-11 00:20:01 UTC (host local 2026-09-10 17:20:01) =====
DEMO GATE OK -> 1514487471 FTMO-Demo equity 99930.49
  bar-vs-tick gap 2s (diagnostic only; freshness is decided by clock_state after exits and reconciliation)
PREFLIGHT OK -- account, clock, data, state, ledgers all verified
  CLOCK FEED_FRESH: feed advancing, age in band, host within tolerance
profit -0.01%  daily headroom 5.00%  total headroom 9.99%  trading days 6

  DESK CLOCK 2026-09-11 01:20 London (broker)
  MARKET EURUSD      TRANSITION,AT_HTF_LEVEL,RISK_ON
  MARKET US100.cash  TRANSITION,AT_HTF_LEVEL,RISK_ON
  MARKET US500.cash  TRANSITION,AT_HTF_LEVEL,RISK_OFF
  MARKET XAUUSD      TRANSITION,AT_HTF_LEVEL,RISK_OFF
  BOT_A_gold_0630_breakout: no trade -- outside window: 01:20 London, opens 06:30 closes 16:00
  BOT_B_nas100_usopen_breakout: NOT ELIGIBLE -- regime TRANSITION is structurally wrong for this bot
  BOT_C_sp500_london_breakout: no trade -- outside window: 01:20 London, opens 08:00 closes 16:30
  BOT_D_gold_ny_breakout: no trade -- outside window: 01:20 London, opens 14:30 closes 20:00
  BOT_E_eurusd_london_breakout: no trade -- outside window: 01:20 London, opens 08:00 closes 17:00
  BOT_F_nas100_vwap_reversion: NOT ELIGIBLE -- regime TRANSITION is structurally wrong for this bot
  BOT_G_nas100_h4_pullback: NOT ELIGIBLE -- regime TRANSITION is structurally wrong for this bot
  BOT_H_gold_sweep_reclaim: no trade -- outside window: 01:20 London

  CIO: 0 candidate(s); 0 funded, 0.000% total risk

===== cycle 2026-09-11 00:21:01 UTC (host local 2026-09-10 17:21:01) =====
DEMO GATE OK -> 1514487471 FTMO-Demo equity 99930.49
  bar-vs-tick gap 2s (diagnostic only; freshness is decided by clock_state after exits and reconciliation)
PREFLIGHT OK -- account, clock, data, state, ledgers all verified
  CLOCK FEED_FRESH: feed advancing, age in band, host within tolerance
profit -0.01%  daily headroom 5.00%  total headroom 9.99%  trading days 6

  DESK CLOCK 2026-09-11 01:21 London (broker)
  MARKET EURUSD      TRANSITION,AT_HTF_LEVEL,RISK_OFF
  MARKET US100.cash  TRANSITION,AT_HTF_LEVEL,RISK_OFF
  MARKET US500.cash  TRANSITION,AT_HTF_LEVEL,RISK_OFF
  MARKET XAUUSD      TRANSITION,AT_HTF_LEVEL,RISK_OFF
  BOT_A_gold_0630_breakout: no trade -- outside window: 01:21 London, opens 06:30 closes 16:00
  BOT_B_nas100_usopen_breakout: NOT ELIGIBLE -- regime TRANSITION is structurally wrong for this bot
  BOT_C_sp500_london_breakout: no trade -- outside window: 01:21 London, opens 08:00 closes 16:30
  BOT_D_gold_ny_breakout: no trade -- outside window: 01:21 London, opens 14:30 closes 20:00
  BOT_E_eurusd_london_breakout: no trade -- outside window: 01:21 London, opens 08:00 closes 17:00
  BOT_F_nas100_vwap_reversion: NOT ELIGIBLE -- regime TRANSITION is structurally wrong for this bot
  BOT_G_nas100_h4_pullback: NOT ELIGIBLE -- regime TRANSITION is structurally wrong for this bot
  BOT_H_gold_sweep_reclaim: no trade -- outside window: 01:21 London

  CIO: 0 candidate(s); 0 funded, 0.000% total risk

===== cycle 2026-09-11 00:22:01 UTC (host local 2026-09-10 17:22:01) =====
DEMO GATE OK -> 1514487471 FTMO-Demo equity 99930.49
  bar-vs-tick gap 2s (diagnostic only; freshness is decided by clock_state after exits and reconciliation)
PREFLIGHT OK -- account, clock, data, state, ledgers all verified
  CLOCK FEED_FRESH: feed advancing, age in band, host within tolerance
profit -0.01%  daily headroom 5.00%  total headroom 9.99%  trading days 6

  DESK CLOCK 2026-09-11 01:22 London (broker)
  MARKET EURUSD      TRANSITION,AT_HTF_LEVEL,RISK_ON
  MARKET US100.cash  TRANSITION,AT_HTF_LEVEL,RISK_ON
  MARKET US500.cash  TRANSITION,AT_HTF_LEVEL,RISK_OFF
  MARKET XAUUSD      TRANSITION,AT_HTF_LEVEL,RISK_OFF
  BOT_A_gold_0630_breakout: no trade -- outside window: 01:22 London, opens 06:30 closes 16:00
  BOT_B_nas100_usopen_breakout: NOT ELIGIBLE -- regime TRANSITION is structurally wrong for this bot
  BOT_C_sp500_london_breakout: no trade -- outside window: 01:22 London, opens 08:00 closes 16:30
  BOT_D_gold_ny_breakout: no trade -- outside window: 01:22 London, opens 14:30 closes 20:00
  BOT_E_eurusd_london_breakout: no trade -- outside window: 01:22 London, opens 08:00 closes 17:00
  BOT_F_nas100_vwap_reversion: NOT ELIGIBLE -- regime TRANSITION is structurally wrong for this bot
  BOT_G_nas100_h4_pullback: NOT ELIGIBLE -- regime TRANSITION is structurally wrong for this bot
  BOT_H_gold_sweep_reclaim: no trade -- outside window: 01:22 London

  CIO: 0 candidate(s); 0 funded, 0.000% total risk

===== cycle 2026-09-11 00:23:01 UTC (host local 2026-09-10 17:23:01) =====
DEMO GATE OK -> 1514487471 FTMO-Demo equity 99930.49
  bar-vs-tick gap 2s (diagnostic only; freshness is decided by clock_state after exits and reconciliation)
PREFLIGHT OK -- account, clock, data, state, ledgers all verified
  CLOCK FEED_FRESH: feed advancing, age in band, host within tolerance
profit -0.01%  daily headroom 5.00%  total headroom 9.99%  trading days 6

  DESK CLOCK 2026-09-11 01:23 London (broker)
  MARKET EURUSD      TRANSITION,AT_HTF_LEVEL,RISK_ON
  MARKET US100.cash  TRANSITION,AT_HTF_LEVEL,RISK_ON
  MARKET US500.cash  TRANSITION,AT_HTF_LEVEL,RISK_OFF
  MARKET XAUUSD      TRANSITION,AT_HTF_LEVEL,RISK_OFF
  BOT_A_gold_0630_breakout: no trade -- outside window: 01:23 London, opens 06:30 closes 16:00
  BOT_B_nas100_usopen_breakout: NOT ELIGIBLE -- regime TRANSITION is structurally wrong for this bot
  BOT_C_sp500_london_breakout: no trade -- outside window: 01:23 London, opens 08:00 closes 16:30
  BOT_D_gold_ny_breakout: no trade -- outside window: 01:23 London, opens 14:30 closes 20:00
  BOT_E_eurusd_london_breakout: no trade -- outside window: 01:23 London, opens 08:00 closes 17:00
  BOT_F_nas100_vwap_reversion: NOT ELIGIBLE -- regime TRANSITION is structurally wrong for this bot
  BOT_G_nas100_h4_pullback: NOT ELIGIBLE -- regime TRANSITION is structurally wrong for this bot
  BOT_H_gold_sweep_reclaim: no trade -- outside window: 01:23 London

  CIO: 0 candidate(s); 0 funded, 0.000% total risk

===== cycle 2026-09-11 00:24:01 UTC (host local 2026-09-10 17:24:01) =====
DEMO GATE OK -> 1514487471 FTMO-Demo equity 99930.49
  bar-vs-tick gap 2s (diagnostic only; freshness is decided by clock_state after exits and reconciliation)
PREFLIGHT OK -- account, clock, data, state, ledgers all verified
  CLOCK FEED_FRESH: feed advancing, age in band, host within tolerance
profit -0.01%  daily headroom 5.00%  total headroom 9.99%  trading days 6

  DESK CLOCK 2026-09-11 01:24 London (broker)
  MARKET EURUSD      TRANSITION,AT_HTF_LEVEL,RISK_ON
  MARKET US100.cash  TRANSITION,AT_HTF_LEVEL,RISK_ON
  MARKET US500.cash  TRANSITION,AT_HTF_LEVEL,RISK_OFF
  MARKET XAUUSD      TRANSITION,AT_HTF_LEVEL,RISK_OFF
  BOT_A_gold_0630_breakout: no trade -- outside window: 01:24 London, opens 06:30 closes 16:00
  BOT_B_nas100_usopen_breakout: NOT ELIGIBLE -- regime TRANSITION is structurally wrong for this bot
  BOT_C_sp500_london_breakout: no trade -- outside window: 01:24 London, opens 08:00 closes 16:30
  BOT_D_gold_ny_breakout: no trade -- outside window: 01:24 London, opens 14:30 closes 20:00
  BOT_E_eurusd_london_breakout: no trade -- outside window: 01:24 London, opens 08:00 closes 17:00
  BOT_F_nas100_vwap_reversion: NOT ELIGIBLE -- regime TRANSITION is structurally wrong for this bot
  BOT_G_nas100_h4_pullback: NOT ELIGIBLE -- regime TRANSITION is structurally wrong for this bot
  BOT_H_gold_sweep_reclaim: no trade -- outside window: 01:24 London

  CIO: 0 candidate(s); 0 funded, 0.000% total risk

===== cycle 2026-09-11 00:25:01 UTC (host local 2026-09-10 17:25:01) =====
DEMO GATE OK -> 1514487471 FTMO-Demo equity 99930.49
  bar-vs-tick gap 2s (diagnostic only; freshness is decided by clock_state after exits and reconciliation)
PREFLIGHT OK -- account, clock, data, state, ledgers all verified
  CLOCK FEED_FRESH: feed advancing, age in band, host within tolerance
profit -0.01%  daily headroom 5.00%  total headroom 9.99%  trading days 6

  DESK CLOCK 2026-09-11 01:25 London (broker)
  MARKET EURUSD      TRANSITION,AT_HTF_LEVEL,RISK_ON
  MARKET US100.cash  TRANSITION,AT_HTF_LEVEL,RISK_ON
  MARKET US500.cash  TRANSITION,AT_HTF_LEVEL,RISK_OFF
  MARKET XAUUSD      TRANSITION,AT_HTF_LEVEL,RISK_OFF
  BOT_A_gold_0630_breakout: no trade -- outside window: 01:25 London, opens 06:30 closes 16:00
  BOT_B_nas100_usopen_breakout: NOT ELIGIBLE -- regime TRANSITION is structurally wrong for this bot
  BOT_C_sp500_london_breakout: no trade -- outside window: 01:25 London, opens 08:00 closes 16:30
  BOT_D_gold_ny_breakout: no trade -- outside window: 01:25 London, opens 14:30 closes 20:00
  BOT_E_eurusd_london_breakout: no trade -- outside window: 01:25 London, opens 08:00 closes 17:00
  BOT_F_nas100_vwap_reversion: NOT ELIGIBLE -- regime TRANSITION is structurally wrong for this bot
  BOT_G_nas100_h4_pullback: NOT ELIGIBLE -- regime TRANSITION is structurally wrong for this bot
  BOT_H_gold_sweep_reclaim: no trade -- outside window: 01:25 London

  CIO: 0 candidate(s); 0 funded, 0.000% total risk

===== cycle 2026-09-11 00:26:01 UTC (host local 2026-09-10 17:26:01) =====
DEMO GATE OK -> 1514487471 FTMO-Demo equity 99930.49
  bar-vs-tick gap 2s (diagnostic only; freshness is decided by clock_state after exits and reconciliation)
PREFLIGHT OK -- account, clock, data, state, ledgers all verified
  CLOCK FEED_FRESH: feed advancing, age in band, host within tolerance
profit -0.01%  daily headroom 5.00%  total headroom 9.99%  trading days 6

  DESK CLOCK 2026-09-11 01:26 London (broker)
  MARKET EURUSD      TRANSITION,AT_HTF_LEVEL,RISK_ON
  MARKET US100.cash  TRANSITION,AT_HTF_LEVEL,RISK_ON
  MARKET US500.cash  TRANSITION,AT_HTF_LEVEL,RISK_OFF
  MARKET XAUUSD      TRANSITION,AT_HTF_LEVEL,RISK_OFF
  BOT_A_gold_0630_breakout: no trade -- outside window: 01:26 London, opens 06:30 closes 16:00
  BOT_B_nas100_usopen_breakout: NOT ELIGIBLE -- regime TRANSITION is structurally wrong for this bot
  BOT_C_sp500_london_breakout: no trade -- outside window: 01:26 London, opens 08:00 closes 16:30
  BOT_D_gold_ny_breakout: no trade -- outside window: 01:26 London, opens 14:30 closes 20:00
  BOT_E_eurusd_london_breakout: no trade -- outside window: 01:26 London, opens 08:00 closes 17:00
  BOT_F_nas100_vwap_reversion: NOT ELIGIBLE -- regime TRANSITION is structurally wrong for this bot
  BOT_G_nas100_h4_pullback: NOT ELIGIBLE -- regime TRANSITION is structurally wrong for this bot
  BOT_H_gold_sweep_reclaim: no trade -- outside window: 01:26 London

  CIO: 0 candidate(s); 0 funded, 0.000% total risk

===== cycle 2026-09-11 00:27:01 UTC (host local 2026-09-10 17:27:01) =====
DEMO GATE OK -> 1514487471 FTMO-Demo equity 99930.49
  bar-vs-tick gap 2s (diagnostic only; freshness is decided by clock_state after exits and reconciliation)
PREFLIGHT OK -- account, clock, data, state, ledgers all verified
  CLOCK FEED_FRESH: feed advancing, age in band, host within tolerance
profit -0.01%  daily headroom 5.00%  total headroom 9.99%  trading days 6

  DESK CLOCK 2026-09-11 01:27 London (broker)
  MARKET EURUSD      TRANSITION,AT_HTF_LEVEL,RISK_ON
  MARKET US100.cash  TRANSITION,AT_HTF_LEVEL,RISK_ON
  MARKET US500.cash  TRANSITION,AT_HTF_LEVEL,RISK_OFF
  MARKET XAUUSD      TRANSITION,AT_HTF_LEVEL,RISK_OFF
  BOT_A_gold_0630_breakout: no trade -- outside window: 01:27 London, opens 06:30 closes 16:00
  BOT_B_nas100_usopen_breakout: NOT ELIGIBLE -- regime TRANSITION is structurally wrong for this bot
  BOT_C_sp500_london_breakout: no trade -- outside window: 01:27 London, opens 08:00 closes 16:30
  BOT_D_gold_ny_breakout: no trade -- outside window: 01:27 London, opens 14:30 closes 20:00
  BOT_E_eurusd_london_breakout: no trade -- outside window: 01:27 London, opens 08:00 closes 17:00
  BOT_F_nas100_vwap_reversion: NOT ELIGIBLE -- regime TRANSITION is structurally wrong for this bot
  BOT_G_nas100_h4_pullback: NOT ELIGIBLE -- regime TRANSITION is structurally wrong for this bot
  BOT_H_gold_sweep_reclaim: no trade -- outside window: 01:27 London

  CIO: 0 candidate(s); 0 funded, 0.000% total risk

===== cycle 2026-09-11 00:28:01 UTC (host local 2026-09-10 17:28:01) =====
DEMO GATE OK -> 1514487471 FTMO-Demo equity 99930.49
  bar-vs-tick gap 2s (diagnostic only; freshness is decided by clock_state after exits and reconciliation)
PREFLIGHT OK -- account, clock, data, state, ledgers all verified
  CLOCK FEED_FRESH: feed advancing, age in band, host within tolerance
profit -0.01%  daily headroom 5.00%  total headroom 9.99%  trading days 6

  DESK CLOCK 2026-09-11 01:28 London (broker)
  MARKET EURUSD      TRANSITION,AT_HTF_LEVEL,RISK_ON
  MARKET US100.cash  TRANSITION,AT_HTF_LEVEL,RISK_ON
  MARKET US500.cash  TRANSITION,AT_HTF_LEVEL,RISK_OFF
  MARKET XAUUSD      TRANSITION,AT_HTF_LEVEL,RISK_ON
  BOT_A_gold_0630_breakout: no trade -- outside window: 01:28 London, opens 06:30 closes 16:00
  BOT_B_nas100_usopen_breakout: NOT ELIGIBLE -- regime TRANSITION is structurally wrong for this bot
  BOT_C_sp500_london_breakout: no trade -- outside window: 01:28 London, opens 08:00 closes 16:30
  BOT_D_gold_ny_breakout: no trade -- outside window: 01:28 London, opens 14:30 closes 20:00
  BOT_E_eurusd_london_breakout: no trade -- outside window: 01:28 London, opens 08:00 closes 17:00
  BOT_F_nas100_vwap_reversion: NOT ELIGIBLE -- regime TRANSITION is structurally wrong for this bot
  BOT_G_nas100_h4_pullback: NOT ELIGIBLE -- regime TRANSITION is structurally wrong for this bot
  BOT_H_gold_sweep_reclaim: no trade -- outside window: 01:28 London

  CIO: 0 candidate(s); 0 funded, 0.000% total risk

===== cycle 2026-09-11 00:29:01 UTC (host local 2026-09-10 17:29:01) =====
DEMO GATE OK -> 1514487471 FTMO-Demo equity 99930.49
  bar-vs-tick gap 2s (diagnostic only; freshness is decided by clock_state after exits and reconciliation)
PREFLIGHT OK -- account, clock, data, state, ledgers all verified
  CLOCK FEED_FRESH: feed advancing, age in band, host within tolerance
profit -0.01%  daily headroom 5.00%  total headroom 9.99%  trading days 6

  DESK CLOCK 2026-09-11 01:29 London (broker)
  MARKET EURUSD      TRANSITION,AT_HTF_LEVEL,RISK_ON
  MARKET US100.cash  TRANSITION,AT_HTF_LEVEL,RISK_ON
  MARKET US500.cash  TRANSITION,AT_HTF_LEVEL,RISK_OFF
  MARKET XAUUSD      TRANSITION,AT_HTF_LEVEL,RISK_ON
  BOT_A_gold_0630_breakout: no trade -- outside window: 01:29 London, opens 06:30 closes 16:00
  BOT_B_nas100_usopen_breakout: NOT ELIGIBLE -- regime TRANSITION is structurally wrong for this bot
  BOT_C_sp500_london_breakout: no trade -- outside window: 01:29 London, opens 08:00 closes 16:30
  BOT_D_gold_ny_breakout: no trade -- outside window: 01:29 London, opens 14:30 closes 20:00
  BOT_E_eurusd_london_breakout: no trade -- outside window: 01:29 London, opens 08:00 closes 17:00
  BOT_F_nas100_vwap_reversion: NOT ELIGIBLE -- regime TRANSITION is structurally wrong for this bot
  BOT_G_nas100_h4_pullback: NOT ELIGIBLE -- regime TRANSITION is structurally wrong for this bot
  BOT_H_gold_sweep_reclaim: no trade -- outside window: 01:29 London

  CIO: 0 candidate(s); 0 funded, 0.000% total risk

===== cycle 2026-09-11 00:30:01 UTC (host local 2026-09-10 17:30:01) =====
DEMO GATE OK -> 1514487471 FTMO-Demo equity 99930.49
  bar-vs-tick gap 2s (diagnostic only; freshness is decided by clock_state after exits and reconciliation)
PREFLIGHT OK -- account, clock, data, state, ledgers all verified
  CLOCK FEED_FRESH: feed advancing, age in band, host within tolerance
profit -0.01%  daily headroom 5.00%  total headroom 9.99%  trading days 6

  DESK CLOCK 2026-09-11 01:30 London (broker)
  MARKET EURUSD      TRANSITION,AT_HTF_LEVEL,RISK_ON
  MARKET US100.cash  TRANSITION,AT_HTF_LEVEL,RISK_ON
  MARKET US500.cash  TRANSITION,AT_HTF_LEVEL,RISK_OFF
  MARKET XAUUSD      TRANSITION,AT_HTF_LEVEL,RISK_ON
  BOT_A_gold_0630_breakout: no trade -- outside window: 01:30 London, opens 06:30 closes 16:00
  BOT_B_nas100_usopen_breakout: NOT ELIGIBLE -- regime TRANSITION is structurally wrong for this bot
  BOT_C_sp500_london_breakout: no trade -- outside window: 01:30 London, opens 08:00 closes 16:30
  BOT_D_gold_ny_breakout: no trade -- outside window: 01:30 London, opens 14:30 closes 20:00
  BOT_E_eurusd_london_breakout: no trade -- outside window: 01:30 London, opens 08:00 closes 17:00
  BOT_F_nas100_vwap_reversion: NOT ELIGIBLE -- regime TRANSITION is structurally wrong for this bot
  BOT_G_nas100_h4_pullback: NOT ELIGIBLE -- regime TRANSITION is structurally wrong for this bot
  BOT_H_gold_sweep_reclaim: no trade -- outside window: 01:30 London

  CIO: 0 candidate(s); 0 funded, 0.000% total risk

===== cycle 2026-09-11 00:31:01 UTC (host local 2026-09-10 17:31:01) =====
DEMO GATE OK -> 1514487471 FTMO-Demo equity 99930.49
  bar-vs-tick gap 2s (diagnostic only; freshness is decided by clock_state after exits and reconciliation)
PREFLIGHT OK -- account, clock, data, state, ledgers all verified
  CLOCK FEED_FRESH: feed advancing, age in band, host within tolerance
profit -0.01%  daily headroom 5.00%  total headroom 9.99%  trading days 6

  DESK CLOCK 2026-09-11 01:31 London (broker)
  MARKET EURUSD      TRANSITION,AT_HTF_LEVEL,RISK_ON
  MARKET US100.cash  TRANSITION,AT_HTF_LEVEL,RISK_ON
  MARKET US500.cash  TRANSITION,AT_HTF_LEVEL,RISK_OFF
  MARKET XAUUSD      TRANSITION,AT_HTF_LEVEL,RISK_OFF
  BOT_A_gold_0630_breakout: no trade -- outside window: 01:31 London, opens 06:30 closes 16:00
  BOT_B_nas100_usopen_breakout: NOT ELIGIBLE -- regime TRANSITION is structurally wrong for this bot
  BOT_C_sp500_london_breakout: no trade -- outside window: 01:31 London, opens 08:00 closes 16:30
  BOT_D_gold_ny_breakout: no trade -- outside window: 01:31 London, opens 14:30 closes 20:00
  BOT_E_eurusd_london_breakout: no trade -- outside window: 01:31 London, opens 08:00 closes 17:00
  BOT_F_nas100_vwap_reversion: NOT ELIGIBLE -- regime TRANSITION is structurally wrong for this bot
  BOT_G_nas100_h4_pullback: NOT ELIGIBLE -- regime TRANSITION is structurally wrong for this bot
  BOT_H_gold_sweep_reclaim: no trade -- outside window: 01:31 London

  CIO: 0 candidate(s); 0 funded, 0.000% total risk

===== cycle 2026-09-11 00:32:01 UTC (host local 2026-09-10 17:32:01) =====
DEMO GATE OK -> 1514487471 FTMO-Demo equity 99930.49
  bar-vs-tick gap 2s (diagnostic only; freshness is decided by clock_state after exits and reconciliation)
PREFLIGHT OK -- account, clock, data, state, ledgers all verified
  CLOCK FEED_FRESH: feed advancing, age in band, host within tolerance
profit -0.01%  daily headroom 5.00%  total headroom 9.99%  trading days 6

  DESK CLOCK 2026-09-11 01:32 London (broker)
  MARKET EURUSD      TRANSITION,AT_HTF_LEVEL,RISK_ON
  MARKET US100.cash  TRANSITION,AT_HTF_LEVEL,RISK_ON
  MARKET US500.cash  TRANSITION,AT_HTF_LEVEL,RISK_OFF
  MARKET XAUUSD      TRANSITION,AT_HTF_LEVEL,RISK_OFF
  BOT_A_gold_0630_breakout: no trade -- outside window: 01:32 London, opens 06:30 closes 16:00
  BOT_B_nas100_usopen_breakout: NOT ELIGIBLE -- regime TRANSITION is structurally wrong for this bot
  BOT_C_sp500_london_breakout: no trade -- outside window: 01:32 London, opens 08:00 closes 16:30
  BOT_D_gold_ny_breakout: no trade -- outside window: 01:32 London, opens 14:30 closes 20:00
  BOT_E_eurusd_london_breakout: no trade -- outside window: 01:32 London, opens 08:00 closes 17:00
  BOT_F_nas100_vwap_reversion: NOT ELIGIBLE -- regime TRANSITION is structurally wrong for this bot
  BOT_G_nas100_h4_pullback: NOT ELIGIBLE -- regime TRANSITION is structurally wrong for this bot
  BOT_H_gold_sweep_reclaim: no trade -- outside window: 01:32 London

  CIO: 0 candidate(s); 0 funded, 0.000% total risk

===== cycle 2026-09-11 00:33:01 UTC (host local 2026-09-10 17:33:01) =====
DEMO GATE OK -> 1514487471 FTMO-Demo equity 99930.49
  bar-vs-tick gap 2s (diagnostic only; freshness is decided by clock_state after exits and reconciliation)
PREFLIGHT OK -- account, clock, data, state, ledgers all verified
  CLOCK FEED_FRESH: feed advancing, age in band, host within tolerance
profit -0.01%  daily headroom 5.00%  total headroom 9.99%  trading days 6

  DESK CLOCK 2026-09-11 01:33 London (broker)
  MARKET EURUSD      TRANSITION,AT_HTF_LEVEL,RISK_ON
  MARKET US100.cash  TRANSITION,AT_HTF_LEVEL,RISK_ON
  MARKET US500.cash  TRANSITION,AT_HTF_LEVEL,RISK_OFF
  MARKET XAUUSD      TRANSITION,AT_HTF_LEVEL,RISK_OFF
  BOT_A_gold_0630_breakout: no trade -- outside window: 01:33 London, opens 06:30 closes 16:00
  BOT_B_nas100_usopen_breakout: NOT ELIGIBLE -- regime TRANSITION is structurally wrong for this bot
  BOT_C_sp500_london_breakout: no trade -- outside window: 01:33 London, opens 08:00 closes 16:30
  BOT_D_gold_ny_breakout: no trade -- outside window: 01:33 London, opens 14:30 closes 20:00
  BOT_E_eurusd_london_breakout: no trade -- outside window: 01:33 London, opens 08:00 closes 17:00
  BOT_F_nas100_vwap_reversion: NOT ELIGIBLE -- regime TRANSITION is structurally wrong for this bot
  BOT_G_nas100_h4_pullback: NOT ELIGIBLE -- regime TRANSITION is structurally wrong for this bot
  BOT_H_gold_sweep_reclaim: no trade -- outside window: 01:33 London

  CIO: 0 candidate(s); 0 funded, 0.000% total risk

===== cycle 2026-09-11 00:34:02 UTC (host local 2026-09-10 17:34:02) =====
DEMO GATE OK -> 1514487471 FTMO-Demo equity 99930.49
  bar-vs-tick gap 2s (diagnostic only; freshness is decided by clock_state after exits and reconciliation)
PREFLIGHT OK -- account, clock, data, state, ledgers all verified
  CLOCK FEED_FRESH: feed advancing, age in band, host within tolerance
profit -0.01%  daily headroom 5.00%  total headroom 9.99%  trading days 6

  DESK CLOCK 2026-09-11 01:34 London (broker)
  MARKET EURUSD      TRANSITION,AT_HTF_LEVEL,RISK_ON
  MARKET US100.cash  TRANSITION,AT_HTF_LEVEL,RISK_ON
  MARKET US500.cash  TRANSITION,AT_HTF_LEVEL,RISK_OFF
  MARKET XAUUSD      TRANSITION,AT_HTF_LEVEL,RISK_OFF
  BOT_A_gold_0630_breakout: no trade -- outside window: 01:34 London, opens 06:30 closes 16:00
  BOT_B_nas100_usopen_breakout: NOT ELIGIBLE -- regime TRANSITION is structurally wrong for this bot
  BOT_C_sp500_london_breakout: no trade -- outside window: 01:34 London, opens 08:00 closes 16:30
  BOT_D_gold_ny_breakout: no trade -- outside window: 01:34 London, opens 14:30 closes 20:00
  BOT_E_eurusd_london_breakout: no trade -- outside window: 01:34 London, opens 08:00 closes 17:00
  BOT_F_nas100_vwap_reversion: NOT ELIGIBLE -- regime TRANSITION is structurally wrong for this bot
  BOT_G_nas100_h4_pullback: NOT ELIGIBLE -- regime TRANSITION is structurally wrong for this bot
  BOT_H_gold_sweep_reclaim: no trade -- outside window: 01:34 London

  CIO: 0 candidate(s); 0 funded, 0.000% total risk

===== cycle 2026-09-11 00:35:01 UTC (host local 2026-09-10 17:35:01) =====
DEMO GATE OK -> 1514487471 FTMO-Demo equity 99930.49
  bar-vs-tick gap 2s (diagnostic only; freshness is decided by clock_state after exits and reconciliation)
PREFLIGHT OK -- account, clock, data, state, ledgers all verified
  CLOCK FEED_FRESH: feed advancing, age in band, host within tolerance
profit -0.01%  daily headroom 5.00%  total headroom 9.99%  trading days 6

  DESK CLOCK 2026-09-11 01:35 London (broker)
  MARKET EURUSD      TRANSITION,AT_HTF_LEVEL,RISK_ON
  MARKET US100.cash  TRANSITION,AT_HTF_LEVEL,RISK_ON
  MARKET US500.cash  TRANSITION,AT_HTF_LEVEL,RISK_OFF
  MARKET XAUUSD      TRANSITION,AT_HTF_LEVEL,RISK_OFF
  BOT_A_gold_0630_breakout: no trade -- outside window: 01:35 London, opens 06:30 closes 16:00
  BOT_B_nas100_usopen_breakout: NOT ELIGIBLE -- regime TRANSITION is structurally wrong for this bot
  BOT_C_sp500_london_breakout: no trade -- outside window: 01:35 London, opens 08:00 closes 16:30
  BOT_D_gold_ny_breakout: no trade -- outside window: 01:35 London, opens 14:30 closes 20:00
  BOT_E_eurusd_london_breakout: no trade -- outside window: 01:35 London, opens 08:00 closes 17:00
  BOT_F_nas100_vwap_reversion: NOT ELIGIBLE -- regime TRANSITION is structurally wrong for this bot
  BOT_G_nas100_h4_pullback: NOT ELIGIBLE -- regime TRANSITION is structurally wrong for this bot
  BOT_H_gold_sweep_reclaim: no trade -- outside window: 01:35 London

  CIO: 0 candidate(s); 0 funded, 0.000% total risk

===== cycle 2026-09-11 00:36:01 UTC (host local 2026-09-10 17:36:01) =====
DEMO GATE OK -> 1514487471 FTMO-Demo equity 99930.49
  bar-vs-tick gap 2s (diagnostic only; freshness is decided by clock_state after exits and reconciliation)
PREFLIGHT OK -- account, clock, data, state, ledgers all verified
  CLOCK FEED_FRESH: feed advancing, age in band, host within tolerance
profit -0.01%  daily headroom 5.00%  total headroom 9.99%  trading days 6

  DESK CLOCK 2026-09-11 01:36 London (broker)
  MARKET EURUSD      TRANSITION,AT_HTF_LEVEL,RISK_ON
  MARKET US100.cash  TRANSITION,AT_HTF_LEVEL,RISK_ON
  MARKET US500.cash  TRANSITION,AT_HTF_LEVEL,RISK_OFF
  MARKET XAUUSD      TRANSITION,AT_HTF_LEVEL,RISK_ON
  BOT_A_gold_0630_breakout: no trade -- outside window: 01:36 London, opens 06:30 closes 16:00
  BOT_B_nas100_usopen_breakout: NOT ELIGIBLE -- regime TRANSITION is structurally wrong for this bot
  BOT_C_sp500_london_breakout: no trade -- outside window: 01:36 London, opens 08:00 closes 16:30
  BOT_D_gold_ny_breakout: no trade -- outside window: 01:36 London, opens 14:30 closes 20:00
  BOT_E_eurusd_london_breakout: no trade -- outside window: 01:36 London, opens 08:00 closes 17:00
  BOT_F_nas100_vwap_reversion: NOT ELIGIBLE -- regime TRANSITION is structurally wrong for this bot
  BOT_G_nas100_h4_pullback: NOT ELIGIBLE -- regime TRANSITION is structurally wrong for this bot
  BOT_H_gold_sweep_reclaim: no trade -- outside window: 01:36 London

  CIO: 0 candidate(s); 0 funded, 0.000% total risk

===== cycle 2026-09-11 00:37:01 UTC (host local 2026-09-10 17:37:01) =====
DEMO GATE OK -> 1514487471 FTMO-Demo equity 99930.49
  bar-vs-tick gap 2s (diagnostic only; freshness is decided by clock_state after exits and reconciliation)
PREFLIGHT OK -- account, clock, data, state, ledgers all verified
  CLOCK FEED_FRESH: feed advancing, age in band, host within tolerance
profit -0.01%  daily headroom 5.00%  total headroom 9.99%  trading days 6

  DESK CLOCK 2026-09-11 01:37 London (broker)
  MARKET EURUSD      TRANSITION,AT_HTF_LEVEL,RISK_ON
  MARKET US100.cash  TRANSITION,AT_HTF_LEVEL,RISK_ON
  MARKET US500.cash  TRANSITION,AT_HTF_LEVEL,RISK_OFF
  MARKET XAUUSD      TRANSITION,AT_HTF_LEVEL,RISK_ON
  BOT_A_gold_0630_breakout: no trade -- outside window: 01:37 London, opens 06:30 closes 16:00
  BOT_B_nas100_usopen_breakout: NOT ELIGIBLE -- regime TRANSITION is structurally wrong for this bot
  BOT_C_sp500_london_breakout: no trade -- outside window: 01:37 London, opens 08:00 closes 16:30
  BOT_D_gold_ny_breakout: no trade -- outside window: 01:37 London, opens 14:30 closes 20:00
  BOT_E_eurusd_london_breakout: no trade -- outside window: 01:37 London, opens 08:00 closes 17:00
  BOT_F_nas100_vwap_reversion: NOT ELIGIBLE -- regime TRANSITION is structurally wrong for this bot
  BOT_G_nas100_h4_pullback: NOT ELIGIBLE -- regime TRANSITION is structurally wrong for this bot
  BOT_H_gold_sweep_reclaim: no trade -- outside window: 01:37 London

  CIO: 0 candidate(s); 0 funded, 0.000% total risk

===== cycle 2026-09-11 00:38:02 UTC (host local 2026-09-10 17:38:02) =====
DEMO GATE OK -> 1514487471 FTMO-Demo equity 99930.49
  bar-vs-tick gap 2s (diagnostic only; freshness is decided by clock_state after exits and reconciliation)
PREFLIGHT OK -- account, clock, data, state, ledgers all verified
  CLOCK FEED_FRESH: feed advancing, age in band, host within tolerance
profit -0.01%  daily headroom 5.00%  total headroom 9.99%  trading days 6

  DESK CLOCK 2026-09-11 01:38 London (broker)
  MARKET EURUSD      TRANSITION,AT_HTF_LEVEL,RISK_ON
  MARKET US100.cash  TRANSITION,AT_HTF_LEVEL,RISK_ON
  MARKET US500.cash  TRANSITION,AT_HTF_LEVEL,RISK_ON
  MARKET XAUUSD      TRANSITION,AT_HTF_LEVEL,RISK_ON
  BOT_A_gold_0630_breakout: no trade -- outside window: 01:38 London, opens 06:30 closes 16:00
  BOT_B_nas100_usopen_breakout: NOT ELIGIBLE -- regime TRANSITION is structurally wrong for this bot
  BOT_C_sp500_london_breakout: no trade -- outside window: 01:38 London, opens 08:00 closes 16:30
  BOT_D_gold_ny_breakout: no trade -- outside window: 01:38 London, opens 14:30 closes 20:00
  BOT_E_eurusd_london_breakout: no trade -- outside window: 01:38 London, opens 08:00 closes 17:00
  BOT_F_nas100_vwap_reversion: NOT ELIGIBLE -- regime TRANSITION is structurally wrong for this bot
  BOT_G_nas100_h4_pullback: NOT ELIGIBLE -- regime TRANSITION is structurally wrong for this bot
  BOT_H_gold_sweep_reclaim: no trade -- outside window: 01:38 London

  CIO: 0 candidate(s); 0 funded, 0.000% total risk

===== cycle 2026-09-11 00:39:01 UTC (host local 2026-09-10 17:39:01) =====
DEMO GATE OK -> 1514487471 FTMO-Demo equity 99930.49
  bar-vs-tick gap 2s (diagnostic only; freshness is decided by clock_state after exits and reconciliation)
PREFLIGHT OK -- account, clock, data, state, ledgers all verified
  CLOCK FEED_FRESH: feed advancing, age in band, host within tolerance
profit -0.01%  daily headroom 5.00%  total headroom 9.99%  trading days 6

  DESK CLOCK 2026-09-11 01:39 London (broker)
  MARKET EURUSD      TRANSITION,AT_HTF_LEVEL,RISK_ON
  MARKET US100.cash  TRANSITION,AT_HTF_LEVEL,RISK_ON
  MARKET US500.cash  TRANSITION,AT_HTF_LEVEL,RISK_ON
  MARKET XAUUSD      TRANSITION,AT_HTF_LEVEL,RISK_ON
  BOT_A_gold_0630_breakout: no trade -- outside window: 01:39 London, opens 06:30 closes 16:00
  BOT_B_nas100_usopen_breakout: NOT ELIGIBLE -- regime TRANSITION is structurally wrong for this bot
  BOT_C_sp500_london_breakout: no trade -- outside window: 01:39 London, opens 08:00 closes 16:30
  BOT_D_gold_ny_breakout: no trade -- outside window: 01:39 London, opens 14:30 closes 20:00
  BOT_E_eurusd_london_breakout: no trade -- outside window: 01:39 London, opens 08:00 closes 17:00
  BOT_F_nas100_vwap_reversion: NOT ELIGIBLE -- regime TRANSITION is structurally wrong for this bot
  BOT_G_nas100_h4_pullback: NOT ELIGIBLE -- regime TRANSITION is structurally wrong for this bot
  BOT_H_gold_sweep_reclaim: no trade -- outside window: 01:39 London

  CIO: 0 candidate(s); 0 funded, 0.000% total risk

===== cycle 2026-09-11 00:40:02 UTC (host local 2026-09-10 17:40:02) =====
DEMO GATE OK -> 1514487471 FTMO-Demo equity 99930.49
  bar-vs-tick gap 2s (diagnostic only; freshness is decided by clock_state after exits and reconciliation)
PREFLIGHT OK -- account, clock, data, state, ledgers all verified
  CLOCK FEED_FRESH: feed advancing, age in band, host within tolerance
profit -0.01%  daily headroom 5.00%  total headroom 9.99%  trading days 6

  DESK CLOCK 2026-09-11 01:40 London (broker)
  MARKET EURUSD      TRANSITION,AT_HTF_LEVEL,RISK_ON
  MARKET US100.cash  TRANSITION,AT_HTF_LEVEL,RISK_ON
  MARKET US500.cash  TRANSITION,AT_HTF_LEVEL,RISK_ON
  MARKET XAUUSD      TRANSITION,AT_HTF_LEVEL,RISK_ON
  BOT_A_gold_0630_breakout: no trade -- outside window: 01:40 London, opens 06:30 closes 16:00
  BOT_B_nas100_usopen_breakout: NOT ELIGIBLE -- regime TRANSITION is structurally wrong for this bot
  BOT_C_sp500_london_breakout: no trade -- outside window: 01:40 London, opens 08:00 closes 16:30
  BOT_D_gold_ny_breakout: no trade -- outside window: 01:40 London, opens 14:30 closes 20:00
  BOT_E_eurusd_london_breakout: no trade -- outside window: 01:40 London, opens 08:00 closes 17:00
  BOT_F_nas100_vwap_reversion: NOT ELIGIBLE -- regime TRANSITION is structurally wrong for this bot
  BOT_G_nas100_h4_pullback: NOT ELIGIBLE -- regime TRANSITION is structurally wrong for this bot
  BOT_H_gold_sweep_reclaim: no trade -- outside window: 01:40 London

  CIO: 0 candidate(s); 0 funded, 0.000% total risk

===== cycle 2026-09-11 00:41:02 UTC (host local 2026-09-10 17:41:02) =====
DEMO GATE OK -> 1514487471 FTMO-Demo equity 99930.49
  bar-vs-tick gap 2s (diagnostic only; freshness is decided by clock_state after exits and reconciliation)
PREFLIGHT OK -- account, clock, data, state, ledgers all verified
  CLOCK FEED_FRESH: feed advancing, age in band, host within tolerance
profit -0.01%  daily headroom 5.00%  total headroom 9.99%  trading days 6

  DESK CLOCK 2026-09-11 01:41 London (broker)
  MARKET EURUSD      TRANSITION,AT_HTF_LEVEL,RISK_ON
  MARKET US100.cash  TRANSITION,AT_HTF_LEVEL,RISK_ON
  MARKET US500.cash  TRANSITION,AT_HTF_LEVEL,RISK_OFF
  MARKET XAUUSD      TRANSITION,AT_HTF_LEVEL,RISK_ON
  BOT_A_gold_0630_breakout: no trade -- outside window: 01:41 London, opens 06:30 closes 16:00
  BOT_B_nas100_usopen_breakout: NOT ELIGIBLE -- regime TRANSITION is structurally wrong for this bot
  BOT_C_sp500_london_breakout: no trade -- outside window: 01:41 London, opens 08:00 closes 16:30
  BOT_D_gold_ny_breakout: no trade -- outside window: 01:41 London, opens 14:30 closes 20:00
  BOT_E_eurusd_london_breakout: no trade -- outside window: 01:41 London, opens 08:00 closes 17:00
  BOT_F_nas100_vwap_reversion: NOT ELIGIBLE -- regime TRANSITION is structurally wrong for this bot
  BOT_G_nas100_h4_pullback: NOT ELIGIBLE -- regime TRANSITION is structurally wrong for this bot
  BOT_H_gold_sweep_reclaim: no trade -- outside window: 01:41 London

  CIO: 0 candidate(s); 0 funded, 0.000% total risk

===== cycle 2026-09-11 00:42:02 UTC (host local 2026-09-10 17:42:02) =====
DEMO GATE OK -> 1514487471 FTMO-Demo equity 99930.49
  bar-vs-tick gap 2s (diagnostic only; freshness is decided by clock_state after exits and reconciliation)
PREFLIGHT OK -- account, clock, data, state, ledgers all verified
  CLOCK FEED_FRESH: feed advancing, age in band, host within tolerance
profit -0.01%  daily headroom 5.00%  total headroom 9.99%  trading days 6

  DESK CLOCK 2026-09-11 01:42 London (broker)
  MARKET EURUSD      TRANSITION,AT_HTF_LEVEL,RISK_ON
  MARKET US100.cash  TRANSITION,AT_HTF_LEVEL,RISK_ON
  MARKET US500.cash  TRANSITION,AT_HTF_LEVEL,RISK_OFF
  MARKET XAUUSD      TRANSITION,AT_HTF_LEVEL,RISK_ON
  BOT_A_gold_0630_breakout: no trade -- outside window: 01:42 London, opens 06:30 closes 16:00
  BOT_B_nas100_usopen_breakout: NOT ELIGIBLE -- regime TRANSITION is structurally wrong for this bot
  BOT_C_sp500_london_breakout: no trade -- outside window: 01:42 London, opens 08:00 closes 16:30
  BOT_D_gold_ny_breakout: no trade -- outside window: 01:42 London, opens 14:30 closes 20:00
  BOT_E_eurusd_london_breakout: no trade -- outside window: 01:42 London, opens 08:00 closes 17:00
  BOT_F_nas100_vwap_reversion: NOT ELIGIBLE -- regime TRANSITION is structurally wrong for this bot
  BOT_G_nas100_h4_pullback: NOT ELIGIBLE -- regime TRANSITION is structurally wrong for this bot
  BOT_H_gold_sweep_reclaim: no trade -- outside window: 01:42 London

  CIO: 0 candidate(s); 0 funded, 0.000% total risk

===== cycle 2026-09-11 00:43:01 UTC (host local 2026-09-10 17:43:01) =====
DEMO GATE OK -> 1514487471 FTMO-Demo equity 99930.49
  bar-vs-tick gap 2s (diagnostic only; freshness is decided by clock_state after exits and reconciliation)
PREFLIGHT OK -- account, clock, data, state, ledgers all verified
  CLOCK FEED_FRESH: feed advancing, age in band, host within tolerance
profit -0.01%  daily headroom 5.00%  total headroom 9.99%  trading days 6

  DESK CLOCK 2026-09-11 01:43 London (broker)
  MARKET EURUSD      TRANSITION,AT_HTF_LEVEL,RISK_ON
  MARKET US100.cash  TRANSITION,AT_HTF_LEVEL,RISK_ON
  MARKET US500.cash  TRANSITION,AT_HTF_LEVEL,RISK_OFF
  MARKET XAUUSD      TRANSITION,AT_HTF_LEVEL,RISK_OFF
  BOT_A_gold_0630_breakout: no trade -- outside window: 01:43 London, opens 06:30 closes 16:00
  BOT_B_nas100_usopen_breakout: NOT ELIGIBLE -- regime TRANSITION is structurally wrong for this bot
  BOT_C_sp500_london_breakout: no trade -- outside window: 01:43 London, opens 08:00 closes 16:30
  BOT_D_gold_ny_breakout: no trade -- outside window: 01:43 London, opens 14:30 closes 20:00
  BOT_E_eurusd_london_breakout: no trade -- outside window: 01:43 London, opens 08:00 closes 17:00
  BOT_F_nas100_vwap_reversion: NOT ELIGIBLE -- regime TRANSITION is structurally wrong for this bot
  BOT_G_nas100_h4_pullback: NOT ELIGIBLE -- regime TRANSITION is structurally wrong for this bot
  BOT_H_gold_sweep_reclaim: no trade -- outside window: 01:43 London

  CIO: 0 candidate(s); 0 funded, 0.000% total risk

===== cycle 2026-09-11 00:44:01 UTC (host local 2026-09-10 17:44:01) =====
DEMO GATE OK -> 1514487471 FTMO-Demo equity 99930.49
  bar-vs-tick gap 2s (diagnostic only; freshness is decided by clock_state after exits and reconciliation)
PREFLIGHT OK -- account, clock, data, state, ledgers all verified
  CLOCK FEED_FRESH: feed advancing, age in band, host within tolerance
profit -0.01%  daily headroom 5.00%  total headroom 9.99%  trading days 6

  DESK CLOCK 2026-09-11 01:44 London (broker)
  MARKET EURUSD      TRANSITION,AT_HTF_LEVEL,RISK_ON
  MARKET US100.cash  TRANSITION,AT_HTF_LEVEL,RISK_ON
  MARKET US500.cash  TRANSITION,AT_HTF_LEVEL,RISK_OFF
  MARKET XAUUSD      TRANSITION,AT_HTF_LEVEL,RISK_OFF
  BOT_A_gold_0630_breakout: no trade -- outside window: 01:44 London, opens 06:30 closes 16:00
  BOT_B_nas100_usopen_breakout: NOT ELIGIBLE -- regime TRANSITION is structurally wrong for this bot
  BOT_C_sp500_london_breakout: no trade -- outside window: 01:44 London, opens 08:00 closes 16:30
  BOT_D_gold_ny_breakout: no trade -- outside window: 01:44 London, opens 14:30 closes 20:00
  BOT_E_eurusd_london_breakout: no trade -- outside window: 01:44 London, opens 08:00 closes 17:00
  BOT_F_nas100_vwap_reversion: NOT ELIGIBLE -- regime TRANSITION is structurally wrong for this bot
  BOT_G_nas100_h4_pullback: NOT ELIGIBLE -- regime TRANSITION is structurally wrong for this bot
  BOT_H_gold_sweep_reclaim: no trade -- outside window: 01:44 London

  CIO: 0 candidate(s); 0 funded, 0.000% total risk

===== cycle 2026-09-11 00:45:02 UTC (host local 2026-09-10 17:45:02) =====
DEMO GATE OK -> 1514487471 FTMO-Demo equity 99930.49
  bar-vs-tick gap 3s (diagnostic only; freshness is decided by clock_state after exits and reconciliation)
PREFLIGHT OK -- account, clock, data, state, ledgers all verified
  CLOCK FEED_FRESH: feed advancing, age in band, host within tolerance
profit -0.01%  daily headroom 5.00%  total headroom 9.99%  trading days 6

  DESK CLOCK 2026-09-11 01:45 London (broker)
  MARKET EURUSD      TRANSITION,AT_HTF_LEVEL,RISK_ON
  MARKET US100.cash  TRANSITION,AT_HTF_LEVEL,RISK_ON
  MARKET US500.cash  TRANSITION,AT_HTF_LEVEL,RISK_OFF
  MARKET XAUUSD      TRANSITION,AT_HTF_LEVEL,RISK_OFF
  BOT_A_gold_0630_breakout: no trade -- outside window: 01:45 London, opens 06:30 closes 16:00
  BOT_B_nas100_usopen_breakout: NOT ELIGIBLE -- regime TRANSITION is structurally wrong for this bot
  BOT_C_sp500_london_breakout: no trade -- outside window: 01:45 London, opens 08:00 closes 16:30
  BOT_D_gold_ny_breakout: no trade -- outside window: 01:45 London, opens 14:30 closes 20:00
  BOT_E_eurusd_london_breakout: no trade -- outside window: 01:45 London, opens 08:00 closes 17:00
  BOT_F_nas100_vwap_reversion: NOT ELIGIBLE -- regime TRANSITION is structurally wrong for this bot
  BOT_G_nas100_h4_pullback: NOT ELIGIBLE -- regime TRANSITION is structurally wrong for this bot
  BOT_H_gold_sweep_reclaim: no trade -- outside window: 01:45 London

  CIO: 0 candidate(s); 0 funded, 0.000% total risk
