
===== cycle 2026-08-22 00:00:01 UTC (host local 2026-08-21 17:00:01) =====
DEMO GATE OK -> 1514166963 FTMO-Demo equity 99430.84
  bar-vs-tick gap 359s (diagnostic only; freshness is decided by clock_state after exits and reconciliation)
  ! HOST CLOCK is 185.1 min from the broker's. Session windows are UNAFFECTED (offset is hour-rounded), but fix it: the hypervisor time provider usually needs disabling before w32time will hold.
PREFLIGHT OK -- account, clock, data, state, ledgers all verified
  CLOCK FEED_STALE: no advancement for 11100s
  NO NEW ENTRIES THIS CYCLE -- a trustworthy current market clock could not be established. Open positions keep their broker stops; exits and reconciliation have already run.

===== cycle 2026-08-22 00:01:01 UTC (host local 2026-08-21 17:01:01) =====
DEMO GATE OK -> 1514166963 FTMO-Demo equity 99430.84
  bar-vs-tick gap 359s (diagnostic only; freshness is decided by clock_state after exits and reconciliation)
  ! HOST CLOCK is 186.1 min from the broker's. Session windows are UNAFFECTED (offset is hour-rounded), but fix it: the hypervisor time provider usually needs disabling before w32time will hold.
PREFLIGHT OK -- account, clock, data, state, ledgers all verified
  CLOCK FEED_STALE: no advancement for 11160s
  NO NEW ENTRIES THIS CYCLE -- a trustworthy current market clock could not be established. Open positions keep their broker stops; exits and reconciliation have already run.

===== cycle 2026-08-22 00:02:01 UTC (host local 2026-08-21 17:02:01) =====
DEMO GATE OK -> 1514166963 FTMO-Demo equity 99430.84
  bar-vs-tick gap 359s (diagnostic only; freshness is decided by clock_state after exits and reconciliation)
  ! HOST CLOCK is 187.1 min from the broker's. Session windows are UNAFFECTED (offset is hour-rounded), but fix it: the hypervisor time provider usually needs disabling before w32time will hold.
PREFLIGHT OK -- account, clock, data, state, ledgers all verified
  CLOCK FEED_STALE: no advancement for 11220s
  NO NEW ENTRIES THIS CYCLE -- a trustworthy current market clock could not be established. Open positions keep their broker stops; exits and reconciliation have already run.

===== cycle 2026-08-22 00:03:01 UTC (host local 2026-08-21 17:03:01) =====
DEMO GATE OK -> 1514166963 FTMO-Demo equity 99430.84
  bar-vs-tick gap 359s (diagnostic only; freshness is decided by clock_state after exits and reconciliation)
  ! HOST CLOCK is 188.1 min from the broker's. Session windows are UNAFFECTED (offset is hour-rounded), but fix it: the hypervisor time provider usually needs disabling before w32time will hold.
PREFLIGHT OK -- account, clock, data, state, ledgers all verified
  CLOCK FEED_STALE: no advancement for 11280s
  NO NEW ENTRIES THIS CYCLE -- a trustworthy current market clock could not be established. Open positions keep their broker stops; exits and reconciliation have already run.

===== cycle 2026-08-22 00:04:01 UTC (host local 2026-08-21 17:04:01) =====
DEMO GATE OK -> 1514166963 FTMO-Demo equity 99430.84
  bar-vs-tick gap 359s (diagnostic only; freshness is decided by clock_state after exits and reconciliation)
  ! HOST CLOCK is 189.1 min from the broker's. Session windows are UNAFFECTED (offset is hour-rounded), but fix it: the hypervisor time provider usually needs disabling before w32time will hold.
PREFLIGHT OK -- account, clock, data, state, ledgers all verified
  CLOCK FEED_STALE: no advancement for 11340s
  NO NEW ENTRIES THIS CYCLE -- a trustworthy current market clock could not be established. Open positions keep their broker stops; exits and reconciliation have already run.

===== cycle 2026-08-22 00:05:01 UTC (host local 2026-08-21 17:05:01) =====
DEMO GATE OK -> 1514166963 FTMO-Demo equity 99430.84
  bar-vs-tick gap 359s (diagnostic only; freshness is decided by clock_state after exits and reconciliation)
  ! HOST CLOCK is 190.1 min from the broker's. Session windows are UNAFFECTED (offset is hour-rounded), but fix it: the hypervisor time provider usually needs disabling before w32time will hold.
PREFLIGHT OK -- account, clock, data, state, ledgers all verified
  CLOCK FEED_STALE: no advancement for 11400s
  NO NEW ENTRIES THIS CYCLE -- a trustworthy current market clock could not be established. Open positions keep their broker stops; exits and reconciliation have already run.

===== cycle 2026-08-22 00:06:01 UTC (host local 2026-08-21 17:06:01) =====
DEMO GATE OK -> 1514166963 FTMO-Demo equity 99430.84
  bar-vs-tick gap 359s (diagnostic only; freshness is decided by clock_state after exits and reconciliation)
  ! HOST CLOCK is 191.1 min from the broker's. Session windows are UNAFFECTED (offset is hour-rounded), but fix it: the hypervisor time provider usually needs disabling before w32time will hold.
PREFLIGHT OK -- account, clock, data, state, ledgers all verified
  CLOCK FEED_STALE: no advancement for 11460s
  NO NEW ENTRIES THIS CYCLE -- a trustworthy current market clock could not be established. Open positions keep their broker stops; exits and reconciliation have already run.

===== cycle 2026-08-22 00:07:01 UTC (host local 2026-08-21 17:07:01) =====
DEMO GATE OK -> 1514166963 FTMO-Demo equity 99430.84
  bar-vs-tick gap 359s (diagnostic only; freshness is decided by clock_state after exits and reconciliation)
  ! HOST CLOCK is 192.1 min from the broker's. Session windows are UNAFFECTED (offset is hour-rounded), but fix it: the hypervisor time provider usually needs disabling before w32time will hold.
PREFLIGHT OK -- account, clock, data, state, ledgers all verified
  CLOCK FEED_STALE: no advancement for 11520s
  NO NEW ENTRIES THIS CYCLE -- a trustworthy current market clock could not be established. Open positions keep their broker stops; exits and reconciliation have already run.

===== cycle 2026-08-22 00:08:01 UTC (host local 2026-08-21 17:08:01) =====
DEMO GATE OK -> 1514166963 FTMO-Demo equity 99430.84
  bar-vs-tick gap 359s (diagnostic only; freshness is decided by clock_state after exits and reconciliation)
  ! HOST CLOCK is 193.1 min from the broker's. Session windows are UNAFFECTED (offset is hour-rounded), but fix it: the hypervisor time provider usually needs disabling before w32time will hold.
PREFLIGHT OK -- account, clock, data, state, ledgers all verified
  CLOCK FEED_STALE: no advancement for 11580s
  NO NEW ENTRIES THIS CYCLE -- a trustworthy current market clock could not be established. Open positions keep their broker stops; exits and reconciliation have already run.

===== cycle 2026-08-22 00:09:01 UTC (host local 2026-08-21 17:09:01) =====
DEMO GATE OK -> 1514166963 FTMO-Demo equity 99430.84
  bar-vs-tick gap 359s (diagnostic only; freshness is decided by clock_state after exits and reconciliation)
  ! HOST CLOCK is 194.1 min from the broker's. Session windows are UNAFFECTED (offset is hour-rounded), but fix it: the hypervisor time provider usually needs disabling before w32time will hold.
PREFLIGHT OK -- account, clock, data, state, ledgers all verified
  CLOCK FEED_STALE: no advancement for 11640s
  NO NEW ENTRIES THIS CYCLE -- a trustworthy current market clock could not be established. Open positions keep their broker stops; exits and reconciliation have already run.

===== cycle 2026-08-22 00:10:01 UTC (host local 2026-08-21 17:10:01) =====
DEMO GATE OK -> 1514166963 FTMO-Demo equity 99430.84
  bar-vs-tick gap 359s (diagnostic only; freshness is decided by clock_state after exits and reconciliation)
  ! HOST CLOCK is 195.1 min from the broker's. Session windows are UNAFFECTED (offset is hour-rounded), but fix it: the hypervisor time provider usually needs disabling before w32time will hold.
PREFLIGHT OK -- account, clock, data, state, ledgers all verified
  CLOCK FEED_STALE: no advancement for 11700s
  NO NEW ENTRIES THIS CYCLE -- a trustworthy current market clock could not be established. Open positions keep their broker stops; exits and reconciliation have already run.

===== cycle 2026-08-22 00:11:01 UTC (host local 2026-08-21 17:11:01) =====
DEMO GATE OK -> 1514166963 FTMO-Demo equity 99430.84
  bar-vs-tick gap 359s (diagnostic only; freshness is decided by clock_state after exits and reconciliation)
  ! HOST CLOCK is 196.1 min from the broker's. Session windows are UNAFFECTED (offset is hour-rounded), but fix it: the hypervisor time provider usually needs disabling before w32time will hold.
PREFLIGHT OK -- account, clock, data, state, ledgers all verified
  CLOCK FEED_STALE: no advancement for 11760s
  NO NEW ENTRIES THIS CYCLE -- a trustworthy current market clock could not be established. Open positions keep their broker stops; exits and reconciliation have already run.

===== cycle 2026-08-22 00:12:01 UTC (host local 2026-08-21 17:12:01) =====
DEMO GATE OK -> 1514166963 FTMO-Demo equity 99430.84
  bar-vs-tick gap 359s (diagnostic only; freshness is decided by clock_state after exits and reconciliation)
  ! HOST CLOCK is 197.1 min from the broker's. Session windows are UNAFFECTED (offset is hour-rounded), but fix it: the hypervisor time provider usually needs disabling before w32time will hold.
PREFLIGHT OK -- account, clock, data, state, ledgers all verified
  CLOCK FEED_STALE: no advancement for 11820s
  NO NEW ENTRIES THIS CYCLE -- a trustworthy current market clock could not be established. Open positions keep their broker stops; exits and reconciliation have already run.

===== cycle 2026-08-22 00:13:01 UTC (host local 2026-08-21 17:13:01) =====
DEMO GATE OK -> 1514166963 FTMO-Demo equity 99430.84
  bar-vs-tick gap 359s (diagnostic only; freshness is decided by clock_state after exits and reconciliation)
  ! HOST CLOCK is 198.1 min from the broker's. Session windows are UNAFFECTED (offset is hour-rounded), but fix it: the hypervisor time provider usually needs disabling before w32time will hold.
PREFLIGHT OK -- account, clock, data, state, ledgers all verified
  CLOCK FEED_STALE: no advancement for 11880s
  NO NEW ENTRIES THIS CYCLE -- a trustworthy current market clock could not be established. Open positions keep their broker stops; exits and reconciliation have already run.

===== cycle 2026-08-22 00:14:01 UTC (host local 2026-08-21 17:14:01) =====
DEMO GATE OK -> 1514166963 FTMO-Demo equity 99430.84
  bar-vs-tick gap 359s (diagnostic only; freshness is decided by clock_state after exits and reconciliation)
  ! HOST CLOCK is 199.1 min from the broker's. Session windows are UNAFFECTED (offset is hour-rounded), but fix it: the hypervisor time provider usually needs disabling before w32time will hold.
PREFLIGHT OK -- account, clock, data, state, ledgers all verified
  CLOCK FEED_STALE: no advancement for 11940s
  NO NEW ENTRIES THIS CYCLE -- a trustworthy current market clock could not be established. Open positions keep their broker stops; exits and reconciliation have already run.

===== cycle 2026-08-22 00:15:01 UTC (host local 2026-08-21 17:15:01) =====
DEMO GATE OK -> 1514166963 FTMO-Demo equity 99430.84
  bar-vs-tick gap 359s (diagnostic only; freshness is decided by clock_state after exits and reconciliation)
  ! HOST CLOCK is 200.1 min from the broker's. Session windows are UNAFFECTED (offset is hour-rounded), but fix it: the hypervisor time provider usually needs disabling before w32time will hold.
PREFLIGHT OK -- account, clock, data, state, ledgers all verified
  CLOCK FEED_STALE: no advancement for 12000s
  NO NEW ENTRIES THIS CYCLE -- a trustworthy current market clock could not be established. Open positions keep their broker stops; exits and reconciliation have already run.
