
===== cycle 2026-08-20 00:00:01 UTC (host local 2026-08-19 17:00:01) =====
DEMO GATE OK -> 1514166963 FTMO-Demo equity 99430.84
  bar-vs-tick gap 2s (diagnostic only; freshness is decided by clock_state after exits and reconciliation)
PREFLIGHT OK -- account, clock, data, state, ledgers all verified
  CLOCK FEED_FRESH: feed advancing, age in band, host within tolerance
profit -0.51%  daily headroom 5.00%  total headroom 9.49%  trading days 2

  DESK CLOCK 2026-08-20 01:00 London (broker)
  MARKET EURUSD      STRONG_TREND,EXTENDED,AT_HTF_LEVEL,RISK_ON
  MARKET US100.cash  TRANSITION,COMPRESSION,AT_HTF_LEVEL,RISK_ON
  MARKET US500.cash  WEAK_TREND,COMPRESSION,AT_HTF_LEVEL,RISK_ON
  MARKET XAUUSD      STRONG_TREND,EXTENDED,AT_HTF_LEVEL,RISK_ON
  BOT_A_gold_0630_breakout: no trade -- outside window: 01:00 London, opens 06:30 closes 16:00
  BOT_B_nas100_usopen_breakout: NOT ELIGIBLE -- regime TRANSITION is structurally wrong for this bot
  BOT_C_sp500_london_breakout: no trade -- outside window: 01:00 London, opens 08:00 closes 16:30
  BOT_D_gold_ny_breakout: no trade -- outside window: 01:00 London, opens 14:30 closes 20:00
  BOT_E_eurusd_london_breakout: no trade -- outside window: 01:00 London, opens 08:00 closes 17:00
  BOT_F_nas100_vwap_reversion: NOT ELIGIBLE -- regime TRANSITION is structurally wrong for this bot
  BOT_G_nas100_h4_pullback: NOT ELIGIBLE -- regime TRANSITION is structurally wrong for this bot
  BOT_H_gold_sweep_reclaim: NOT ELIGIBLE -- regime STRONG_TREND is structurally wrong for this bot

  CIO: 0 candidate(s); 0 funded, 0.000% total risk

===== cycle 2026-08-20 00:01:01 UTC (host local 2026-08-19 17:01:01) =====
DEMO GATE OK -> 1514166963 FTMO-Demo equity 99430.84
  bar-vs-tick gap 2s (diagnostic only; freshness is decided by clock_state after exits and reconciliation)
PREFLIGHT OK -- account, clock, data, state, ledgers all verified
  CLOCK FEED_FRESH: feed advancing, age in band, host within tolerance
profit -0.51%  daily headroom 5.00%  total headroom 9.49%  trading days 2

  DESK CLOCK 2026-08-20 01:01 London (broker)
  MARKET EURUSD      STRONG_TREND,EXTENDED,AT_HTF_LEVEL,RISK_ON
  MARKET US100.cash  TRANSITION,COMPRESSION,AT_HTF_LEVEL,RISK_ON
  MARKET US500.cash  WEAK_TREND,COMPRESSION,AT_HTF_LEVEL,RISK_ON
  MARKET XAUUSD      STRONG_TREND,EXTENDED,AT_HTF_LEVEL,RISK_ON
  BOT_A_gold_0630_breakout: no trade -- outside window: 01:01 London, opens 06:30 closes 16:00
  BOT_B_nas100_usopen_breakout: NOT ELIGIBLE -- regime TRANSITION is structurally wrong for this bot
  BOT_C_sp500_london_breakout: no trade -- outside window: 01:01 London, opens 08:00 closes 16:30
  BOT_D_gold_ny_breakout: no trade -- outside window: 01:01 London, opens 14:30 closes 20:00
  BOT_E_eurusd_london_breakout: no trade -- outside window: 01:01 London, opens 08:00 closes 17:00
  BOT_F_nas100_vwap_reversion: NOT ELIGIBLE -- regime TRANSITION is structurally wrong for this bot
  BOT_G_nas100_h4_pullback: NOT ELIGIBLE -- regime TRANSITION is structurally wrong for this bot
  BOT_H_gold_sweep_reclaim: NOT ELIGIBLE -- regime STRONG_TREND is structurally wrong for this bot

  CIO: 0 candidate(s); 0 funded, 0.000% total risk

===== cycle 2026-08-20 00:02:01 UTC (host local 2026-08-19 17:02:01) =====
DEMO GATE OK -> 1514166963 FTMO-Demo equity 99430.84
  bar-vs-tick gap 2s (diagnostic only; freshness is decided by clock_state after exits and reconciliation)
PREFLIGHT OK -- account, clock, data, state, ledgers all verified
  CLOCK FEED_FRESH: feed advancing, age in band, host within tolerance
profit -0.51%  daily headroom 5.00%  total headroom 9.49%  trading days 2

  DESK CLOCK 2026-08-20 01:02 London (broker)
  MARKET EURUSD      STRONG_TREND,EXTENDED,AT_HTF_LEVEL,RISK_ON
  MARKET US100.cash  TRANSITION,COMPRESSION,AT_HTF_LEVEL,RISK_ON
  MARKET US500.cash  WEAK_TREND,COMPRESSION,AT_HTF_LEVEL,RISK_ON
  MARKET XAUUSD      STRONG_TREND,EXTENDED,AT_HTF_LEVEL,RISK_ON
  BOT_A_gold_0630_breakout: no trade -- outside window: 01:02 London, opens 06:30 closes 16:00
  BOT_B_nas100_usopen_breakout: NOT ELIGIBLE -- regime TRANSITION is structurally wrong for this bot
  BOT_C_sp500_london_breakout: no trade -- outside window: 01:02 London, opens 08:00 closes 16:30
  BOT_D_gold_ny_breakout: no trade -- outside window: 01:02 London, opens 14:30 closes 20:00
  BOT_E_eurusd_london_breakout: no trade -- outside window: 01:02 London, opens 08:00 closes 17:00
  BOT_F_nas100_vwap_reversion: NOT ELIGIBLE -- regime TRANSITION is structurally wrong for this bot
  BOT_G_nas100_h4_pullback: NOT ELIGIBLE -- regime TRANSITION is structurally wrong for this bot
  BOT_H_gold_sweep_reclaim: NOT ELIGIBLE -- regime STRONG_TREND is structurally wrong for this bot

  CIO: 0 candidate(s); 0 funded, 0.000% total risk

===== cycle 2026-08-20 00:03:01 UTC (host local 2026-08-19 17:03:01) =====
DEMO GATE OK -> 1514166963 FTMO-Demo equity 99430.84
  bar-vs-tick gap 2s (diagnostic only; freshness is decided by clock_state after exits and reconciliation)
PREFLIGHT OK -- account, clock, data, state, ledgers all verified
  CLOCK FEED_FRESH: feed advancing, age in band, host within tolerance
profit -0.51%  daily headroom 5.00%  total headroom 9.49%  trading days 2

  DESK CLOCK 2026-08-20 01:03 London (broker)
  MARKET EURUSD      STRONG_TREND,EXTENDED,AT_HTF_LEVEL,RISK_ON
  MARKET US100.cash  TRANSITION,COMPRESSION,AT_HTF_LEVEL,RISK_ON
  MARKET US500.cash  WEAK_TREND,COMPRESSION,AT_HTF_LEVEL,RISK_ON
  MARKET XAUUSD      STRONG_TREND,EXTENDED,AT_HTF_LEVEL,RISK_ON
  BOT_A_gold_0630_breakout: no trade -- outside window: 01:03 London, opens 06:30 closes 16:00
  BOT_B_nas100_usopen_breakout: NOT ELIGIBLE -- regime TRANSITION is structurally wrong for this bot
  BOT_C_sp500_london_breakout: no trade -- outside window: 01:03 London, opens 08:00 closes 16:30
  BOT_D_gold_ny_breakout: no trade -- outside window: 01:03 London, opens 14:30 closes 20:00
  BOT_E_eurusd_london_breakout: no trade -- outside window: 01:03 London, opens 08:00 closes 17:00
  BOT_F_nas100_vwap_reversion: NOT ELIGIBLE -- regime TRANSITION is structurally wrong for this bot
  BOT_G_nas100_h4_pullback: NOT ELIGIBLE -- regime TRANSITION is structurally wrong for this bot
  BOT_H_gold_sweep_reclaim: NOT ELIGIBLE -- regime STRONG_TREND is structurally wrong for this bot

  CIO: 0 candidate(s); 0 funded, 0.000% total risk

===== cycle 2026-08-20 00:04:01 UTC (host local 2026-08-19 17:04:01) =====
DEMO GATE OK -> 1514166963 FTMO-Demo equity 99430.84
  bar-vs-tick gap 2s (diagnostic only; freshness is decided by clock_state after exits and reconciliation)
PREFLIGHT OK -- account, clock, data, state, ledgers all verified
  CLOCK FEED_FRESH: feed advancing, age in band, host within tolerance
profit -0.51%  daily headroom 5.00%  total headroom 9.49%  trading days 2

  DESK CLOCK 2026-08-20 01:04 London (broker)
  MARKET EURUSD      STRONG_TREND,EXTENDED,AT_HTF_LEVEL,RISK_ON
  MARKET US100.cash  TRANSITION,COMPRESSION,AT_HTF_LEVEL,RISK_ON
  MARKET US500.cash  WEAK_TREND,COMPRESSION,AT_HTF_LEVEL,RISK_ON
  MARKET XAUUSD      STRONG_TREND,EXTENDED,AT_HTF_LEVEL,RISK_ON
  BOT_A_gold_0630_breakout: no trade -- outside window: 01:04 London, opens 06:30 closes 16:00
  BOT_B_nas100_usopen_breakout: NOT ELIGIBLE -- regime TRANSITION is structurally wrong for this bot
  BOT_C_sp500_london_breakout: no trade -- outside window: 01:04 London, opens 08:00 closes 16:30
  BOT_D_gold_ny_breakout: no trade -- outside window: 01:04 London, opens 14:30 closes 20:00
  BOT_E_eurusd_london_breakout: no trade -- outside window: 01:04 London, opens 08:00 closes 17:00
  BOT_F_nas100_vwap_reversion: NOT ELIGIBLE -- regime TRANSITION is structurally wrong for this bot
  BOT_G_nas100_h4_pullback: NOT ELIGIBLE -- regime TRANSITION is structurally wrong for this bot
  BOT_H_gold_sweep_reclaim: NOT ELIGIBLE -- regime STRONG_TREND is structurally wrong for this bot

  CIO: 0 candidate(s); 0 funded, 0.000% total risk

===== cycle 2026-08-20 00:05:01 UTC (host local 2026-08-19 17:05:01) =====
DEMO GATE OK -> 1514166963 FTMO-Demo equity 99430.84
  bar-vs-tick gap 2s (diagnostic only; freshness is decided by clock_state after exits and reconciliation)
PREFLIGHT OK -- account, clock, data, state, ledgers all verified
  CLOCK FEED_FRESH: feed advancing, age in band, host within tolerance
profit -0.51%  daily headroom 5.00%  total headroom 9.49%  trading days 2

  DESK CLOCK 2026-08-20 01:05 London (broker)
  MARKET EURUSD      STRONG_TREND,EXTENDED,AT_HTF_LEVEL,RISK_ON
  MARKET US100.cash  TRANSITION,COMPRESSION,AT_HTF_LEVEL,RISK_ON
  MARKET US500.cash  WEAK_TREND,COMPRESSION,AT_HTF_LEVEL,RISK_ON
  MARKET XAUUSD      STRONG_TREND,EXTENDED,AT_HTF_LEVEL,RISK_ON
  BOT_A_gold_0630_breakout: no trade -- outside window: 01:05 London, opens 06:30 closes 16:00
  BOT_B_nas100_usopen_breakout: NOT ELIGIBLE -- regime TRANSITION is structurally wrong for this bot
  BOT_C_sp500_london_breakout: no trade -- outside window: 01:05 London, opens 08:00 closes 16:30
  BOT_D_gold_ny_breakout: no trade -- outside window: 01:05 London, opens 14:30 closes 20:00
  BOT_E_eurusd_london_breakout: no trade -- outside window: 01:05 London, opens 08:00 closes 17:00
  BOT_F_nas100_vwap_reversion: NOT ELIGIBLE -- regime TRANSITION is structurally wrong for this bot
  BOT_G_nas100_h4_pullback: NOT ELIGIBLE -- regime TRANSITION is structurally wrong for this bot
  BOT_H_gold_sweep_reclaim: NOT ELIGIBLE -- regime STRONG_TREND is structurally wrong for this bot

  CIO: 0 candidate(s); 0 funded, 0.000% total risk

===== cycle 2026-08-20 00:06:01 UTC (host local 2026-08-19 17:06:01) =====
DEMO GATE OK -> 1514166963 FTMO-Demo equity 99430.84
  bar-vs-tick gap 2s (diagnostic only; freshness is decided by clock_state after exits and reconciliation)
PREFLIGHT OK -- account, clock, data, state, ledgers all verified
  CLOCK FEED_FRESH: feed advancing, age in band, host within tolerance
profit -0.51%  daily headroom 5.00%  total headroom 9.49%  trading days 2

  DESK CLOCK 2026-08-20 01:06 London (broker)
  MARKET EURUSD      STRONG_TREND,EXTENDED,AT_HTF_LEVEL,RISK_ON
  MARKET US100.cash  TRANSITION,COMPRESSION,AT_HTF_LEVEL,RISK_ON
  MARKET US500.cash  WEAK_TREND,COMPRESSION,AT_HTF_LEVEL,RISK_ON
  MARKET XAUUSD      STRONG_TREND,EXTENDED,AT_HTF_LEVEL,RISK_ON
  BOT_A_gold_0630_breakout: no trade -- outside window: 01:06 London, opens 06:30 closes 16:00
  BOT_B_nas100_usopen_breakout: NOT ELIGIBLE -- regime TRANSITION is structurally wrong for this bot
  BOT_C_sp500_london_breakout: no trade -- outside window: 01:06 London, opens 08:00 closes 16:30
  BOT_D_gold_ny_breakout: no trade -- outside window: 01:06 London, opens 14:30 closes 20:00
  BOT_E_eurusd_london_breakout: no trade -- outside window: 01:06 London, opens 08:00 closes 17:00
  BOT_F_nas100_vwap_reversion: NOT ELIGIBLE -- regime TRANSITION is structurally wrong for this bot
  BOT_G_nas100_h4_pullback: NOT ELIGIBLE -- regime TRANSITION is structurally wrong for this bot
  BOT_H_gold_sweep_reclaim: NOT ELIGIBLE -- regime STRONG_TREND is structurally wrong for this bot

  CIO: 0 candidate(s); 0 funded, 0.000% total risk

===== cycle 2026-08-20 00:07:01 UTC (host local 2026-08-19 17:07:01) =====
DEMO GATE OK -> 1514166963 FTMO-Demo equity 99430.84
  bar-vs-tick gap 2s (diagnostic only; freshness is decided by clock_state after exits and reconciliation)
PREFLIGHT OK -- account, clock, data, state, ledgers all verified
  CLOCK FEED_FRESH: feed advancing, age in band, host within tolerance
profit -0.51%  daily headroom 5.00%  total headroom 9.49%  trading days 2

  DESK CLOCK 2026-08-20 01:07 London (broker)
  MARKET EURUSD      STRONG_TREND,EXTENDED,AT_HTF_LEVEL,RISK_ON
  MARKET US100.cash  TRANSITION,COMPRESSION,AT_HTF_LEVEL,RISK_ON
  MARKET US500.cash  WEAK_TREND,COMPRESSION,AT_HTF_LEVEL,RISK_ON
  MARKET XAUUSD      STRONG_TREND,EXTENDED,AT_HTF_LEVEL,RISK_ON
  BOT_A_gold_0630_breakout: no trade -- outside window: 01:07 London, opens 06:30 closes 16:00
  BOT_B_nas100_usopen_breakout: NOT ELIGIBLE -- regime TRANSITION is structurally wrong for this bot
  BOT_C_sp500_london_breakout: no trade -- outside window: 01:07 London, opens 08:00 closes 16:30
  BOT_D_gold_ny_breakout: no trade -- outside window: 01:07 London, opens 14:30 closes 20:00
  BOT_E_eurusd_london_breakout: no trade -- outside window: 01:07 London, opens 08:00 closes 17:00
  BOT_F_nas100_vwap_reversion: NOT ELIGIBLE -- regime TRANSITION is structurally wrong for this bot
  BOT_G_nas100_h4_pullback: NOT ELIGIBLE -- regime TRANSITION is structurally wrong for this bot
  BOT_H_gold_sweep_reclaim: NOT ELIGIBLE -- regime STRONG_TREND is structurally wrong for this bot

  CIO: 0 candidate(s); 0 funded, 0.000% total risk

===== cycle 2026-08-20 00:08:01 UTC (host local 2026-08-19 17:08:01) =====
DEMO GATE OK -> 1514166963 FTMO-Demo equity 99430.84
  bar-vs-tick gap 2s (diagnostic only; freshness is decided by clock_state after exits and reconciliation)
PREFLIGHT OK -- account, clock, data, state, ledgers all verified
  CLOCK FEED_FRESH: feed advancing, age in band, host within tolerance
profit -0.51%  daily headroom 5.00%  total headroom 9.49%  trading days 2

  DESK CLOCK 2026-08-20 01:08 London (broker)
  MARKET EURUSD      STRONG_TREND,EXTENDED,AT_HTF_LEVEL,RISK_ON
  MARKET US100.cash  TRANSITION,COMPRESSION,AT_HTF_LEVEL,RISK_ON
  MARKET US500.cash  WEAK_TREND,COMPRESSION,AT_HTF_LEVEL,RISK_ON
  MARKET XAUUSD      STRONG_TREND,EXTENDED,AT_HTF_LEVEL,RISK_ON
  BOT_A_gold_0630_breakout: no trade -- outside window: 01:08 London, opens 06:30 closes 16:00
  BOT_B_nas100_usopen_breakout: NOT ELIGIBLE -- regime TRANSITION is structurally wrong for this bot
  BOT_C_sp500_london_breakout: no trade -- outside window: 01:08 London, opens 08:00 closes 16:30
  BOT_D_gold_ny_breakout: no trade -- outside window: 01:08 London, opens 14:30 closes 20:00
  BOT_E_eurusd_london_breakout: no trade -- outside window: 01:08 London, opens 08:00 closes 17:00
  BOT_F_nas100_vwap_reversion: NOT ELIGIBLE -- regime TRANSITION is structurally wrong for this bot
  BOT_G_nas100_h4_pullback: NOT ELIGIBLE -- regime TRANSITION is structurally wrong for this bot
  BOT_H_gold_sweep_reclaim: NOT ELIGIBLE -- regime STRONG_TREND is structurally wrong for this bot

  CIO: 0 candidate(s); 0 funded, 0.000% total risk

===== cycle 2026-08-20 00:09:01 UTC (host local 2026-08-19 17:09:01) =====
DEMO GATE OK -> 1514166963 FTMO-Demo equity 99430.84
  bar-vs-tick gap 2s (diagnostic only; freshness is decided by clock_state after exits and reconciliation)
PREFLIGHT OK -- account, clock, data, state, ledgers all verified
  CLOCK FEED_FRESH: feed advancing, age in band, host within tolerance
profit -0.51%  daily headroom 5.00%  total headroom 9.49%  trading days 2

  DESK CLOCK 2026-08-20 01:09 London (broker)
  MARKET EURUSD      STRONG_TREND,EXTENDED,AT_HTF_LEVEL,RISK_ON
  MARKET US100.cash  TRANSITION,COMPRESSION,AT_HTF_LEVEL,RISK_ON
  MARKET US500.cash  WEAK_TREND,COMPRESSION,AT_HTF_LEVEL,RISK_ON
  MARKET XAUUSD      STRONG_TREND,EXTENDED,AT_HTF_LEVEL,RISK_ON
  BOT_A_gold_0630_breakout: no trade -- outside window: 01:09 London, opens 06:30 closes 16:00
  BOT_B_nas100_usopen_breakout: NOT ELIGIBLE -- regime TRANSITION is structurally wrong for this bot
  BOT_C_sp500_london_breakout: no trade -- outside window: 01:09 London, opens 08:00 closes 16:30
  BOT_D_gold_ny_breakout: no trade -- outside window: 01:09 London, opens 14:30 closes 20:00
  BOT_E_eurusd_london_breakout: no trade -- outside window: 01:09 London, opens 08:00 closes 17:00
  BOT_F_nas100_vwap_reversion: NOT ELIGIBLE -- regime TRANSITION is structurally wrong for this bot
  BOT_G_nas100_h4_pullback: NOT ELIGIBLE -- regime TRANSITION is structurally wrong for this bot
  BOT_H_gold_sweep_reclaim: NOT ELIGIBLE -- regime STRONG_TREND is structurally wrong for this bot

  CIO: 0 candidate(s); 0 funded, 0.000% total risk

===== cycle 2026-08-20 00:10:01 UTC (host local 2026-08-19 17:10:01) =====
DEMO GATE OK -> 1514166963 FTMO-Demo equity 99430.84
  bar-vs-tick gap 2s (diagnostic only; freshness is decided by clock_state after exits and reconciliation)
PREFLIGHT OK -- account, clock, data, state, ledgers all verified
  CLOCK FEED_FRESH: feed advancing, age in band, host within tolerance
profit -0.51%  daily headroom 5.00%  total headroom 9.49%  trading days 2

  DESK CLOCK 2026-08-20 01:10 London (broker)
  MARKET EURUSD      STRONG_TREND,EXTENDED,AT_HTF_LEVEL,RISK_ON
  MARKET US100.cash  TRANSITION,COMPRESSION,AT_HTF_LEVEL,RISK_ON
  MARKET US500.cash  WEAK_TREND,COMPRESSION,AT_HTF_LEVEL,RISK_ON
  MARKET XAUUSD      STRONG_TREND,EXTENDED,AT_HTF_LEVEL,RISK_ON
  BOT_A_gold_0630_breakout: no trade -- outside window: 01:10 London, opens 06:30 closes 16:00
  BOT_B_nas100_usopen_breakout: NOT ELIGIBLE -- regime TRANSITION is structurally wrong for this bot
  BOT_C_sp500_london_breakout: no trade -- outside window: 01:10 London, opens 08:00 closes 16:30
  BOT_D_gold_ny_breakout: no trade -- outside window: 01:10 London, opens 14:30 closes 20:00
  BOT_E_eurusd_london_breakout: no trade -- outside window: 01:10 London, opens 08:00 closes 17:00
  BOT_F_nas100_vwap_reversion: NOT ELIGIBLE -- regime TRANSITION is structurally wrong for this bot
  BOT_G_nas100_h4_pullback: NOT ELIGIBLE -- regime TRANSITION is structurally wrong for this bot
  BOT_H_gold_sweep_reclaim: NOT ELIGIBLE -- regime STRONG_TREND is structurally wrong for this bot

  CIO: 0 candidate(s); 0 funded, 0.000% total risk

===== cycle 2026-08-20 00:11:01 UTC (host local 2026-08-19 17:11:01) =====
DEMO GATE OK -> 1514166963 FTMO-Demo equity 99430.84
  bar-vs-tick gap 2s (diagnostic only; freshness is decided by clock_state after exits and reconciliation)
PREFLIGHT OK -- account, clock, data, state, ledgers all verified
  CLOCK FEED_FRESH: feed advancing, age in band, host within tolerance
profit -0.51%  daily headroom 5.00%  total headroom 9.49%  trading days 2

  DESK CLOCK 2026-08-20 01:11 London (broker)
  MARKET EURUSD      STRONG_TREND,EXTENDED,AT_HTF_LEVEL,RISK_ON
  MARKET US100.cash  TRANSITION,COMPRESSION,AT_HTF_LEVEL,RISK_ON
  MARKET US500.cash  WEAK_TREND,COMPRESSION,AT_HTF_LEVEL,RISK_ON
  MARKET XAUUSD      STRONG_TREND,EXTENDED,AT_HTF_LEVEL,RISK_ON
  BOT_A_gold_0630_breakout: no trade -- outside window: 01:11 London, opens 06:30 closes 16:00
  BOT_B_nas100_usopen_breakout: NOT ELIGIBLE -- regime TRANSITION is structurally wrong for this bot
  BOT_C_sp500_london_breakout: no trade -- outside window: 01:11 London, opens 08:00 closes 16:30
  BOT_D_gold_ny_breakout: no trade -- outside window: 01:11 London, opens 14:30 closes 20:00
  BOT_E_eurusd_london_breakout: no trade -- outside window: 01:11 London, opens 08:00 closes 17:00
  BOT_F_nas100_vwap_reversion: NOT ELIGIBLE -- regime TRANSITION is structurally wrong for this bot
  BOT_G_nas100_h4_pullback: NOT ELIGIBLE -- regime TRANSITION is structurally wrong for this bot
  BOT_H_gold_sweep_reclaim: NOT ELIGIBLE -- regime STRONG_TREND is structurally wrong for this bot

  CIO: 0 candidate(s); 0 funded, 0.000% total risk

===== cycle 2026-08-20 00:12:01 UTC (host local 2026-08-19 17:12:01) =====
DEMO GATE OK -> 1514166963 FTMO-Demo equity 99430.84
  bar-vs-tick gap 2s (diagnostic only; freshness is decided by clock_state after exits and reconciliation)
PREFLIGHT OK -- account, clock, data, state, ledgers all verified
  CLOCK FEED_FRESH: feed advancing, age in band, host within tolerance
profit -0.51%  daily headroom 5.00%  total headroom 9.49%  trading days 2

  DESK CLOCK 2026-08-20 01:12 London (broker)
  MARKET EURUSD      STRONG_TREND,EXTENDED,AT_HTF_LEVEL,RISK_ON
  MARKET US100.cash  TRANSITION,COMPRESSION,AT_HTF_LEVEL,RISK_ON
  MARKET US500.cash  WEAK_TREND,COMPRESSION,AT_HTF_LEVEL,RISK_ON
  MARKET XAUUSD      STRONG_TREND,EXTENDED,AT_HTF_LEVEL,RISK_ON
  BOT_A_gold_0630_breakout: no trade -- outside window: 01:12 London, opens 06:30 closes 16:00
  BOT_B_nas100_usopen_breakout: NOT ELIGIBLE -- regime TRANSITION is structurally wrong for this bot
  BOT_C_sp500_london_breakout: no trade -- outside window: 01:12 London, opens 08:00 closes 16:30
  BOT_D_gold_ny_breakout: no trade -- outside window: 01:12 London, opens 14:30 closes 20:00
  BOT_E_eurusd_london_breakout: no trade -- outside window: 01:12 London, opens 08:00 closes 17:00
  BOT_F_nas100_vwap_reversion: NOT ELIGIBLE -- regime TRANSITION is structurally wrong for this bot
  BOT_G_nas100_h4_pullback: NOT ELIGIBLE -- regime TRANSITION is structurally wrong for this bot
  BOT_H_gold_sweep_reclaim: NOT ELIGIBLE -- regime STRONG_TREND is structurally wrong for this bot

  CIO: 0 candidate(s); 0 funded, 0.000% total risk

===== cycle 2026-08-20 00:13:01 UTC (host local 2026-08-19 17:13:01) =====
DEMO GATE OK -> 1514166963 FTMO-Demo equity 99430.84
  bar-vs-tick gap 2s (diagnostic only; freshness is decided by clock_state after exits and reconciliation)
PREFLIGHT OK -- account, clock, data, state, ledgers all verified
  CLOCK FEED_FRESH: feed advancing, age in band, host within tolerance
profit -0.51%  daily headroom 5.00%  total headroom 9.49%  trading days 2

  DESK CLOCK 2026-08-20 01:13 London (broker)
  MARKET EURUSD      STRONG_TREND,EXTENDED,AT_HTF_LEVEL,RISK_ON
  MARKET US100.cash  TRANSITION,COMPRESSION,AT_HTF_LEVEL,RISK_ON
  MARKET US500.cash  WEAK_TREND,COMPRESSION,AT_HTF_LEVEL,RISK_ON
  MARKET XAUUSD      STRONG_TREND,EXTENDED,AT_HTF_LEVEL,RISK_ON
  BOT_A_gold_0630_breakout: no trade -- outside window: 01:13 London, opens 06:30 closes 16:00
  BOT_B_nas100_usopen_breakout: NOT ELIGIBLE -- regime TRANSITION is structurally wrong for this bot
  BOT_C_sp500_london_breakout: no trade -- outside window: 01:13 London, opens 08:00 closes 16:30
  BOT_D_gold_ny_breakout: no trade -- outside window: 01:13 London, opens 14:30 closes 20:00
  BOT_E_eurusd_london_breakout: no trade -- outside window: 01:13 London, opens 08:00 closes 17:00
  BOT_F_nas100_vwap_reversion: NOT ELIGIBLE -- regime TRANSITION is structurally wrong for this bot
  BOT_G_nas100_h4_pullback: NOT ELIGIBLE -- regime TRANSITION is structurally wrong for this bot
  BOT_H_gold_sweep_reclaim: NOT ELIGIBLE -- regime STRONG_TREND is structurally wrong for this bot

  CIO: 0 candidate(s); 0 funded, 0.000% total risk

===== cycle 2026-08-20 00:14:01 UTC (host local 2026-08-19 17:14:01) =====
DEMO GATE OK -> 1514166963 FTMO-Demo equity 99430.84
  bar-vs-tick gap 2s (diagnostic only; freshness is decided by clock_state after exits and reconciliation)
PREFLIGHT OK -- account, clock, data, state, ledgers all verified
  CLOCK FEED_FRESH: feed advancing, age in band, host within tolerance
profit -0.51%  daily headroom 5.00%  total headroom 9.49%  trading days 2

  DESK CLOCK 2026-08-20 01:14 London (broker)
  MARKET EURUSD      STRONG_TREND,EXTENDED,AT_HTF_LEVEL,RISK_ON
  MARKET US100.cash  TRANSITION,COMPRESSION,AT_HTF_LEVEL,RISK_ON
  MARKET US500.cash  WEAK_TREND,COMPRESSION,AT_HTF_LEVEL,RISK_ON
  MARKET XAUUSD      STRONG_TREND,EXTENDED,AT_HTF_LEVEL,RISK_ON
  BOT_A_gold_0630_breakout: no trade -- outside window: 01:14 London, opens 06:30 closes 16:00
  BOT_B_nas100_usopen_breakout: NOT ELIGIBLE -- regime TRANSITION is structurally wrong for this bot
  BOT_C_sp500_london_breakout: no trade -- outside window: 01:14 London, opens 08:00 closes 16:30
  BOT_D_gold_ny_breakout: no trade -- outside window: 01:14 London, opens 14:30 closes 20:00
  BOT_E_eurusd_london_breakout: no trade -- outside window: 01:14 London, opens 08:00 closes 17:00
  BOT_F_nas100_vwap_reversion: NOT ELIGIBLE -- regime TRANSITION is structurally wrong for this bot
  BOT_G_nas100_h4_pullback: NOT ELIGIBLE -- regime TRANSITION is structurally wrong for this bot
  BOT_H_gold_sweep_reclaim: NOT ELIGIBLE -- regime STRONG_TREND is structurally wrong for this bot

  CIO: 0 candidate(s); 0 funded, 0.000% total risk

===== cycle 2026-08-20 00:15:01 UTC (host local 2026-08-19 17:15:01) =====
DEMO GATE OK -> 1514166963 FTMO-Demo equity 99430.84
  bar-vs-tick gap 2s (diagnostic only; freshness is decided by clock_state after exits and reconciliation)
PREFLIGHT OK -- account, clock, data, state, ledgers all verified
  CLOCK FEED_FRESH: feed advancing, age in band, host within tolerance
profit -0.51%  daily headroom 5.00%  total headroom 9.49%  trading days 2

  DESK CLOCK 2026-08-20 01:15 London (broker)
  MARKET EURUSD      STRONG_TREND,EXTENDED,AT_HTF_LEVEL,RISK_ON
  MARKET US100.cash  TRANSITION,COMPRESSION,AT_HTF_LEVEL,RISK_ON
  MARKET US500.cash  WEAK_TREND,COMPRESSION,AT_HTF_LEVEL,RISK_ON
  MARKET XAUUSD      STRONG_TREND,EXTENDED,AT_HTF_LEVEL,RISK_ON
  BOT_A_gold_0630_breakout: no trade -- outside window: 01:15 London, opens 06:30 closes 16:00
  BOT_B_nas100_usopen_breakout: NOT ELIGIBLE -- regime TRANSITION is structurally wrong for this bot
  BOT_C_sp500_london_breakout: no trade -- outside window: 01:15 London, opens 08:00 closes 16:30
  BOT_D_gold_ny_breakout: no trade -- outside window: 01:15 London, opens 14:30 closes 20:00
  BOT_E_eurusd_london_breakout: no trade -- outside window: 01:15 London, opens 08:00 closes 17:00
  BOT_F_nas100_vwap_reversion: NOT ELIGIBLE -- regime TRANSITION is structurally wrong for this bot
  BOT_G_nas100_h4_pullback: NOT ELIGIBLE -- regime TRANSITION is structurally wrong for this bot
  BOT_H_gold_sweep_reclaim: NOT ELIGIBLE -- regime STRONG_TREND is structurally wrong for this bot

  CIO: 0 candidate(s); 0 funded, 0.000% total risk

===== cycle 2026-08-20 00:16:01 UTC (host local 2026-08-19 17:16:01) =====
DEMO GATE OK -> 1514166963 FTMO-Demo equity 99430.84
  bar-vs-tick gap 2s (diagnostic only; freshness is decided by clock_state after exits and reconciliation)
PREFLIGHT OK -- account, clock, data, state, ledgers all verified
  CLOCK FEED_FRESH: feed advancing, age in band, host within tolerance
profit -0.51%  daily headroom 5.00%  total headroom 9.49%  trading days 2

  DESK CLOCK 2026-08-20 01:16 London (broker)
  MARKET EURUSD      STRONG_TREND,EXTENDED,AT_HTF_LEVEL,RISK_ON
  MARKET US100.cash  TRANSITION,COMPRESSION,AT_HTF_LEVEL,RISK_ON
  MARKET US500.cash  WEAK_TREND,COMPRESSION,AT_HTF_LEVEL,RISK_ON
  MARKET XAUUSD      STRONG_TREND,EXTENDED,AT_HTF_LEVEL,RISK_ON
  BOT_A_gold_0630_breakout: no trade -- outside window: 01:16 London, opens 06:30 closes 16:00
  BOT_B_nas100_usopen_breakout: NOT ELIGIBLE -- regime TRANSITION is structurally wrong for this bot
  BOT_C_sp500_london_breakout: no trade -- outside window: 01:16 London, opens 08:00 closes 16:30
  BOT_D_gold_ny_breakout: no trade -- outside window: 01:16 London, opens 14:30 closes 20:00
  BOT_E_eurusd_london_breakout: no trade -- outside window: 01:16 London, opens 08:00 closes 17:00
  BOT_F_nas100_vwap_reversion: NOT ELIGIBLE -- regime TRANSITION is structurally wrong for this bot
  BOT_G_nas100_h4_pullback: NOT ELIGIBLE -- regime TRANSITION is structurally wrong for this bot
  BOT_H_gold_sweep_reclaim: NOT ELIGIBLE -- regime STRONG_TREND is structurally wrong for this bot

  CIO: 0 candidate(s); 0 funded, 0.000% total risk

===== cycle 2026-08-20 00:17:01 UTC (host local 2026-08-19 17:17:01) =====
DEMO GATE OK -> 1514166963 FTMO-Demo equity 99430.84
  bar-vs-tick gap 2s (diagnostic only; freshness is decided by clock_state after exits and reconciliation)
PREFLIGHT OK -- account, clock, data, state, ledgers all verified
  CLOCK FEED_FRESH: feed advancing, age in band, host within tolerance
profit -0.51%  daily headroom 5.00%  total headroom 9.49%  trading days 2

  DESK CLOCK 2026-08-20 01:17 London (broker)
  MARKET EURUSD      STRONG_TREND,EXTENDED,AT_HTF_LEVEL,RISK_ON
  MARKET US100.cash  TRANSITION,COMPRESSION,AT_HTF_LEVEL,RISK_ON
  MARKET US500.cash  WEAK_TREND,COMPRESSION,AT_HTF_LEVEL,RISK_ON
  MARKET XAUUSD      STRONG_TREND,EXTENDED,AT_HTF_LEVEL,RISK_ON
  BOT_A_gold_0630_breakout: no trade -- outside window: 01:17 London, opens 06:30 closes 16:00
  BOT_B_nas100_usopen_breakout: NOT ELIGIBLE -- regime TRANSITION is structurally wrong for this bot
  BOT_C_sp500_london_breakout: no trade -- outside window: 01:17 London, opens 08:00 closes 16:30
  BOT_D_gold_ny_breakout: no trade -- outside window: 01:17 London, opens 14:30 closes 20:00
  BOT_E_eurusd_london_breakout: no trade -- outside window: 01:17 London, opens 08:00 closes 17:00
  BOT_F_nas100_vwap_reversion: NOT ELIGIBLE -- regime TRANSITION is structurally wrong for this bot
  BOT_G_nas100_h4_pullback: NOT ELIGIBLE -- regime TRANSITION is structurally wrong for this bot
  BOT_H_gold_sweep_reclaim: NOT ELIGIBLE -- regime STRONG_TREND is structurally wrong for this bot

  CIO: 0 candidate(s); 0 funded, 0.000% total risk

===== cycle 2026-08-20 00:18:01 UTC (host local 2026-08-19 17:18:01) =====
DEMO GATE OK -> 1514166963 FTMO-Demo equity 99430.84
  bar-vs-tick gap 2s (diagnostic only; freshness is decided by clock_state after exits and reconciliation)
PREFLIGHT OK -- account, clock, data, state, ledgers all verified
  CLOCK FEED_FRESH: feed advancing, age in band, host within tolerance
profit -0.51%  daily headroom 5.00%  total headroom 9.49%  trading days 2

  DESK CLOCK 2026-08-20 01:18 London (broker)
  MARKET EURUSD      STRONG_TREND,EXTENDED,AT_HTF_LEVEL,RISK_ON
  MARKET US100.cash  TRANSITION,COMPRESSION,AT_HTF_LEVEL,RISK_ON
  MARKET US500.cash  WEAK_TREND,COMPRESSION,AT_HTF_LEVEL,RISK_ON
  MARKET XAUUSD      STRONG_TREND,EXTENDED,AT_HTF_LEVEL,RISK_ON
  BOT_A_gold_0630_breakout: no trade -- outside window: 01:18 London, opens 06:30 closes 16:00
  BOT_B_nas100_usopen_breakout: NOT ELIGIBLE -- regime TRANSITION is structurally wrong for this bot
  BOT_C_sp500_london_breakout: no trade -- outside window: 01:18 London, opens 08:00 closes 16:30
  BOT_D_gold_ny_breakout: no trade -- outside window: 01:18 London, opens 14:30 closes 20:00
  BOT_E_eurusd_london_breakout: no trade -- outside window: 01:18 London, opens 08:00 closes 17:00
  BOT_F_nas100_vwap_reversion: NOT ELIGIBLE -- regime TRANSITION is structurally wrong for this bot
  BOT_G_nas100_h4_pullback: NOT ELIGIBLE -- regime TRANSITION is structurally wrong for this bot
  BOT_H_gold_sweep_reclaim: NOT ELIGIBLE -- regime STRONG_TREND is structurally wrong for this bot

  CIO: 0 candidate(s); 0 funded, 0.000% total risk

===== cycle 2026-08-20 00:19:01 UTC (host local 2026-08-19 17:19:01) =====
DEMO GATE OK -> 1514166963 FTMO-Demo equity 99430.84
  bar-vs-tick gap 2s (diagnostic only; freshness is decided by clock_state after exits and reconciliation)
PREFLIGHT OK -- account, clock, data, state, ledgers all verified
  CLOCK FEED_FRESH: feed advancing, age in band, host within tolerance
profit -0.51%  daily headroom 5.00%  total headroom 9.49%  trading days 2

  DESK CLOCK 2026-08-20 01:19 London (broker)
  MARKET EURUSD      STRONG_TREND,EXTENDED,AT_HTF_LEVEL,RISK_ON
  MARKET US100.cash  TRANSITION,COMPRESSION,AT_HTF_LEVEL,RISK_ON
  MARKET US500.cash  WEAK_TREND,COMPRESSION,AT_HTF_LEVEL,RISK_ON
  MARKET XAUUSD      STRONG_TREND,EXTENDED,AT_HTF_LEVEL,RISK_ON
  BOT_A_gold_0630_breakout: no trade -- outside window: 01:19 London, opens 06:30 closes 16:00
  BOT_B_nas100_usopen_breakout: NOT ELIGIBLE -- regime TRANSITION is structurally wrong for this bot
  BOT_C_sp500_london_breakout: no trade -- outside window: 01:19 London, opens 08:00 closes 16:30
  BOT_D_gold_ny_breakout: no trade -- outside window: 01:19 London, opens 14:30 closes 20:00
  BOT_E_eurusd_london_breakout: no trade -- outside window: 01:19 London, opens 08:00 closes 17:00
  BOT_F_nas100_vwap_reversion: NOT ELIGIBLE -- regime TRANSITION is structurally wrong for this bot
  BOT_G_nas100_h4_pullback: NOT ELIGIBLE -- regime TRANSITION is structurally wrong for this bot
  BOT_H_gold_sweep_reclaim: NOT ELIGIBLE -- regime STRONG_TREND is structurally wrong for this bot

  CIO: 0 candidate(s); 0 funded, 0.000% total risk

===== cycle 2026-08-20 00:20:01 UTC (host local 2026-08-19 17:20:01) =====
DEMO GATE OK -> 1514166963 FTMO-Demo equity 99430.84
  bar-vs-tick gap 2s (diagnostic only; freshness is decided by clock_state after exits and reconciliation)
PREFLIGHT OK -- account, clock, data, state, ledgers all verified
  CLOCK FEED_FRESH: feed advancing, age in band, host within tolerance
profit -0.51%  daily headroom 5.00%  total headroom 9.49%  trading days 2

  DESK CLOCK 2026-08-20 01:20 London (broker)
  MARKET EURUSD      STRONG_TREND,EXTENDED,AT_HTF_LEVEL,RISK_ON
  MARKET US100.cash  TRANSITION,COMPRESSION,AT_HTF_LEVEL,RISK_ON
  MARKET US500.cash  WEAK_TREND,COMPRESSION,AT_HTF_LEVEL,RISK_ON
  MARKET XAUUSD      STRONG_TREND,EXTENDED,AT_HTF_LEVEL,RISK_ON
  BOT_A_gold_0630_breakout: no trade -- outside window: 01:20 London, opens 06:30 closes 16:00
  BOT_B_nas100_usopen_breakout: NOT ELIGIBLE -- regime TRANSITION is structurally wrong for this bot
  BOT_C_sp500_london_breakout: no trade -- outside window: 01:20 London, opens 08:00 closes 16:30
  BOT_D_gold_ny_breakout: no trade -- outside window: 01:20 London, opens 14:30 closes 20:00
  BOT_E_eurusd_london_breakout: no trade -- outside window: 01:20 London, opens 08:00 closes 17:00
  BOT_F_nas100_vwap_reversion: NOT ELIGIBLE -- regime TRANSITION is structurally wrong for this bot
  BOT_G_nas100_h4_pullback: NOT ELIGIBLE -- regime TRANSITION is structurally wrong for this bot
  BOT_H_gold_sweep_reclaim: NOT ELIGIBLE -- regime STRONG_TREND is structurally wrong for this bot

  CIO: 0 candidate(s); 0 funded, 0.000% total risk

===== cycle 2026-08-20 00:21:01 UTC (host local 2026-08-19 17:21:01) =====
DEMO GATE OK -> 1514166963 FTMO-Demo equity 99430.84
  bar-vs-tick gap 2s (diagnostic only; freshness is decided by clock_state after exits and reconciliation)
PREFLIGHT OK -- account, clock, data, state, ledgers all verified
  CLOCK FEED_FRESH: feed advancing, age in band, host within tolerance
profit -0.51%  daily headroom 5.00%  total headroom 9.49%  trading days 2

  DESK CLOCK 2026-08-20 01:21 London (broker)
  MARKET EURUSD      STRONG_TREND,EXTENDED,AT_HTF_LEVEL,RISK_ON
  MARKET US100.cash  TRANSITION,COMPRESSION,AT_HTF_LEVEL,RISK_ON
  MARKET US500.cash  WEAK_TREND,COMPRESSION,AT_HTF_LEVEL,RISK_ON
  MARKET XAUUSD      STRONG_TREND,EXTENDED,AT_HTF_LEVEL,RISK_ON
  BOT_A_gold_0630_breakout: no trade -- outside window: 01:21 London, opens 06:30 closes 16:00
  BOT_B_nas100_usopen_breakout: NOT ELIGIBLE -- regime TRANSITION is structurally wrong for this bot
  BOT_C_sp500_london_breakout: no trade -- outside window: 01:21 London, opens 08:00 closes 16:30
  BOT_D_gold_ny_breakout: no trade -- outside window: 01:21 London, opens 14:30 closes 20:00
  BOT_E_eurusd_london_breakout: no trade -- outside window: 01:21 London, opens 08:00 closes 17:00
  BOT_F_nas100_vwap_reversion: NOT ELIGIBLE -- regime TRANSITION is structurally wrong for this bot
  BOT_G_nas100_h4_pullback: NOT ELIGIBLE -- regime TRANSITION is structurally wrong for this bot
  BOT_H_gold_sweep_reclaim: NOT ELIGIBLE -- regime STRONG_TREND is structurally wrong for this bot

  CIO: 0 candidate(s); 0 funded, 0.000% total risk

===== cycle 2026-08-20 00:22:01 UTC (host local 2026-08-19 17:22:01) =====
DEMO GATE OK -> 1514166963 FTMO-Demo equity 99430.84
  bar-vs-tick gap 2s (diagnostic only; freshness is decided by clock_state after exits and reconciliation)
PREFLIGHT OK -- account, clock, data, state, ledgers all verified
  CLOCK FEED_FRESH: feed advancing, age in band, host within tolerance
profit -0.51%  daily headroom 5.00%  total headroom 9.49%  trading days 2

  DESK CLOCK 2026-08-20 01:22 London (broker)
  MARKET EURUSD      STRONG_TREND,EXTENDED,AT_HTF_LEVEL,RISK_ON
  MARKET US100.cash  TRANSITION,COMPRESSION,AT_HTF_LEVEL,RISK_ON
  MARKET US500.cash  WEAK_TREND,COMPRESSION,AT_HTF_LEVEL,RISK_ON
  MARKET XAUUSD      STRONG_TREND,EXTENDED,AT_HTF_LEVEL,RISK_ON
  BOT_A_gold_0630_breakout: no trade -- outside window: 01:22 London, opens 06:30 closes 16:00
  BOT_B_nas100_usopen_breakout: NOT ELIGIBLE -- regime TRANSITION is structurally wrong for this bot
  BOT_C_sp500_london_breakout: no trade -- outside window: 01:22 London, opens 08:00 closes 16:30
  BOT_D_gold_ny_breakout: no trade -- outside window: 01:22 London, opens 14:30 closes 20:00
  BOT_E_eurusd_london_breakout: no trade -- outside window: 01:22 London, opens 08:00 closes 17:00
  BOT_F_nas100_vwap_reversion: NOT ELIGIBLE -- regime TRANSITION is structurally wrong for this bot
  BOT_G_nas100_h4_pullback: NOT ELIGIBLE -- regime TRANSITION is structurally wrong for this bot
  BOT_H_gold_sweep_reclaim: NOT ELIGIBLE -- regime STRONG_TREND is structurally wrong for this bot

  CIO: 0 candidate(s); 0 funded, 0.000% total risk

===== cycle 2026-08-20 00:23:01 UTC (host local 2026-08-19 17:23:01) =====
DEMO GATE OK -> 1514166963 FTMO-Demo equity 99430.84
  bar-vs-tick gap 2s (diagnostic only; freshness is decided by clock_state after exits and reconciliation)
PREFLIGHT OK -- account, clock, data, state, ledgers all verified
  CLOCK FEED_FRESH: feed advancing, age in band, host within tolerance
profit -0.51%  daily headroom 5.00%  total headroom 9.49%  trading days 2

  DESK CLOCK 2026-08-20 01:23 London (broker)
  MARKET EURUSD      STRONG_TREND,EXTENDED,AT_HTF_LEVEL,RISK_ON
  MARKET US100.cash  TRANSITION,COMPRESSION,AT_HTF_LEVEL,RISK_ON
  MARKET US500.cash  WEAK_TREND,COMPRESSION,AT_HTF_LEVEL,RISK_ON
  MARKET XAUUSD      STRONG_TREND,EXTENDED,AT_HTF_LEVEL,RISK_ON
  BOT_A_gold_0630_breakout: no trade -- outside window: 01:23 London, opens 06:30 closes 16:00
  BOT_B_nas100_usopen_breakout: NOT ELIGIBLE -- regime TRANSITION is structurally wrong for this bot
  BOT_C_sp500_london_breakout: no trade -- outside window: 01:23 London, opens 08:00 closes 16:30
  BOT_D_gold_ny_breakout: no trade -- outside window: 01:23 London, opens 14:30 closes 20:00
  BOT_E_eurusd_london_breakout: no trade -- outside window: 01:23 London, opens 08:00 closes 17:00
  BOT_F_nas100_vwap_reversion: NOT ELIGIBLE -- regime TRANSITION is structurally wrong for this bot
  BOT_G_nas100_h4_pullback: NOT ELIGIBLE -- regime TRANSITION is structurally wrong for this bot
  BOT_H_gold_sweep_reclaim: NOT ELIGIBLE -- regime STRONG_TREND is structurally wrong for this bot

  CIO: 0 candidate(s); 0 funded, 0.000% total risk

===== cycle 2026-08-20 00:24:01 UTC (host local 2026-08-19 17:24:01) =====
DEMO GATE OK -> 1514166963 FTMO-Demo equity 99430.84
  bar-vs-tick gap 2s (diagnostic only; freshness is decided by clock_state after exits and reconciliation)
PREFLIGHT OK -- account, clock, data, state, ledgers all verified
  CLOCK FEED_FRESH: feed advancing, age in band, host within tolerance
profit -0.51%  daily headroom 5.00%  total headroom 9.49%  trading days 2

  DESK CLOCK 2026-08-20 01:24 London (broker)
  MARKET EURUSD      STRONG_TREND,EXTENDED,AT_HTF_LEVEL,RISK_ON
  MARKET US100.cash  TRANSITION,COMPRESSION,AT_HTF_LEVEL,RISK_ON
  MARKET US500.cash  WEAK_TREND,COMPRESSION,AT_HTF_LEVEL,RISK_ON
  MARKET XAUUSD      STRONG_TREND,EXTENDED,AT_HTF_LEVEL,RISK_ON
  BOT_A_gold_0630_breakout: no trade -- outside window: 01:24 London, opens 06:30 closes 16:00
  BOT_B_nas100_usopen_breakout: NOT ELIGIBLE -- regime TRANSITION is structurally wrong for this bot
  BOT_C_sp500_london_breakout: no trade -- outside window: 01:24 London, opens 08:00 closes 16:30
  BOT_D_gold_ny_breakout: no trade -- outside window: 01:24 London, opens 14:30 closes 20:00
  BOT_E_eurusd_london_breakout: no trade -- outside window: 01:24 London, opens 08:00 closes 17:00
  BOT_F_nas100_vwap_reversion: NOT ELIGIBLE -- regime TRANSITION is structurally wrong for this bot
  BOT_G_nas100_h4_pullback: NOT ELIGIBLE -- regime TRANSITION is structurally wrong for this bot
  BOT_H_gold_sweep_reclaim: NOT ELIGIBLE -- regime STRONG_TREND is structurally wrong for this bot

  CIO: 0 candidate(s); 0 funded, 0.000% total risk

===== cycle 2026-08-20 00:25:01 UTC (host local 2026-08-19 17:25:01) =====
DEMO GATE OK -> 1514166963 FTMO-Demo equity 99430.84
  bar-vs-tick gap 2s (diagnostic only; freshness is decided by clock_state after exits and reconciliation)
PREFLIGHT OK -- account, clock, data, state, ledgers all verified
  CLOCK FEED_FRESH: feed advancing, age in band, host within tolerance
profit -0.51%  daily headroom 5.00%  total headroom 9.49%  trading days 2

  DESK CLOCK 2026-08-20 01:25 London (broker)
  MARKET EURUSD      STRONG_TREND,EXTENDED,AT_HTF_LEVEL,RISK_ON
  MARKET US100.cash  TRANSITION,COMPRESSION,AT_HTF_LEVEL,RISK_ON
  MARKET US500.cash  WEAK_TREND,COMPRESSION,AT_HTF_LEVEL,RISK_ON
  MARKET XAUUSD      STRONG_TREND,EXTENDED,AT_HTF_LEVEL,RISK_ON
  BOT_A_gold_0630_breakout: no trade -- outside window: 01:25 London, opens 06:30 closes 16:00
  BOT_B_nas100_usopen_breakout: NOT ELIGIBLE -- regime TRANSITION is structurally wrong for this bot
  BOT_C_sp500_london_breakout: no trade -- outside window: 01:25 London, opens 08:00 closes 16:30
  BOT_D_gold_ny_breakout: no trade -- outside window: 01:25 London, opens 14:30 closes 20:00
  BOT_E_eurusd_london_breakout: no trade -- outside window: 01:25 London, opens 08:00 closes 17:00
  BOT_F_nas100_vwap_reversion: NOT ELIGIBLE -- regime TRANSITION is structurally wrong for this bot
  BOT_G_nas100_h4_pullback: NOT ELIGIBLE -- regime TRANSITION is structurally wrong for this bot
  BOT_H_gold_sweep_reclaim: NOT ELIGIBLE -- regime STRONG_TREND is structurally wrong for this bot

  CIO: 0 candidate(s); 0 funded, 0.000% total risk

===== cycle 2026-08-20 00:26:01 UTC (host local 2026-08-19 17:26:01) =====
DEMO GATE OK -> 1514166963 FTMO-Demo equity 99430.84
  bar-vs-tick gap 2s (diagnostic only; freshness is decided by clock_state after exits and reconciliation)
PREFLIGHT OK -- account, clock, data, state, ledgers all verified
  CLOCK FEED_FRESH: feed advancing, age in band, host within tolerance
profit -0.51%  daily headroom 5.00%  total headroom 9.49%  trading days 2

  DESK CLOCK 2026-08-20 01:26 London (broker)
  MARKET EURUSD      STRONG_TREND,EXTENDED,AT_HTF_LEVEL,RISK_ON
  MARKET US100.cash  TRANSITION,COMPRESSION,AT_HTF_LEVEL,RISK_ON
  MARKET US500.cash  WEAK_TREND,COMPRESSION,AT_HTF_LEVEL,RISK_ON
  MARKET XAUUSD      STRONG_TREND,EXTENDED,AT_HTF_LEVEL,RISK_ON
  BOT_A_gold_0630_breakout: no trade -- outside window: 01:26 London, opens 06:30 closes 16:00
  BOT_B_nas100_usopen_breakout: NOT ELIGIBLE -- regime TRANSITION is structurally wrong for this bot
  BOT_C_sp500_london_breakout: no trade -- outside window: 01:26 London, opens 08:00 closes 16:30
  BOT_D_gold_ny_breakout: no trade -- outside window: 01:26 London, opens 14:30 closes 20:00
  BOT_E_eurusd_london_breakout: no trade -- outside window: 01:26 London, opens 08:00 closes 17:00
  BOT_F_nas100_vwap_reversion: NOT ELIGIBLE -- regime TRANSITION is structurally wrong for this bot
  BOT_G_nas100_h4_pullback: NOT ELIGIBLE -- regime TRANSITION is structurally wrong for this bot
  BOT_H_gold_sweep_reclaim: NOT ELIGIBLE -- regime STRONG_TREND is structurally wrong for this bot

  CIO: 0 candidate(s); 0 funded, 0.000% total risk

===== cycle 2026-08-20 00:27:01 UTC (host local 2026-08-19 17:27:01) =====
DEMO GATE OK -> 1514166963 FTMO-Demo equity 99430.84
  bar-vs-tick gap 2s (diagnostic only; freshness is decided by clock_state after exits and reconciliation)
PREFLIGHT OK -- account, clock, data, state, ledgers all verified
  CLOCK FEED_FRESH: feed advancing, age in band, host within tolerance
profit -0.51%  daily headroom 5.00%  total headroom 9.49%  trading days 2

  DESK CLOCK 2026-08-20 01:27 London (broker)
  MARKET EURUSD      STRONG_TREND,EXTENDED,AT_HTF_LEVEL,RISK_ON
  MARKET US100.cash  TRANSITION,COMPRESSION,AT_HTF_LEVEL,RISK_ON
  MARKET US500.cash  WEAK_TREND,COMPRESSION,AT_HTF_LEVEL,RISK_ON
  MARKET XAUUSD      STRONG_TREND,EXTENDED,AT_HTF_LEVEL,RISK_ON
  BOT_A_gold_0630_breakout: no trade -- outside window: 01:27 London, opens 06:30 closes 16:00
  BOT_B_nas100_usopen_breakout: NOT ELIGIBLE -- regime TRANSITION is structurally wrong for this bot
  BOT_C_sp500_london_breakout: no trade -- outside window: 01:27 London, opens 08:00 closes 16:30
  BOT_D_gold_ny_breakout: no trade -- outside window: 01:27 London, opens 14:30 closes 20:00
  BOT_E_eurusd_london_breakout: no trade -- outside window: 01:27 London, opens 08:00 closes 17:00
  BOT_F_nas100_vwap_reversion: NOT ELIGIBLE -- regime TRANSITION is structurally wrong for this bot
  BOT_G_nas100_h4_pullback: NOT ELIGIBLE -- regime TRANSITION is structurally wrong for this bot
  BOT_H_gold_sweep_reclaim: NOT ELIGIBLE -- regime STRONG_TREND is structurally wrong for this bot

  CIO: 0 candidate(s); 0 funded, 0.000% total risk

===== cycle 2026-08-20 00:28:01 UTC (host local 2026-08-19 17:28:01) =====
DEMO GATE OK -> 1514166963 FTMO-Demo equity 99430.84
  bar-vs-tick gap 2s (diagnostic only; freshness is decided by clock_state after exits and reconciliation)
PREFLIGHT OK -- account, clock, data, state, ledgers all verified
  CLOCK FEED_FRESH: feed advancing, age in band, host within tolerance
profit -0.51%  daily headroom 5.00%  total headroom 9.49%  trading days 2

  DESK CLOCK 2026-08-20 01:28 London (broker)
  MARKET EURUSD      STRONG_TREND,EXTENDED,AT_HTF_LEVEL,RISK_ON
  MARKET US100.cash  TRANSITION,COMPRESSION,AT_HTF_LEVEL,RISK_ON
  MARKET US500.cash  WEAK_TREND,COMPRESSION,AT_HTF_LEVEL,RISK_ON
  MARKET XAUUSD      STRONG_TREND,EXTENDED,AT_HTF_LEVEL,RISK_ON
  BOT_A_gold_0630_breakout: no trade -- outside window: 01:28 London, opens 06:30 closes 16:00
  BOT_B_nas100_usopen_breakout: NOT ELIGIBLE -- regime TRANSITION is structurally wrong for this bot
  BOT_C_sp500_london_breakout: no trade -- outside window: 01:28 London, opens 08:00 closes 16:30
  BOT_D_gold_ny_breakout: no trade -- outside window: 01:28 London, opens 14:30 closes 20:00
  BOT_E_eurusd_london_breakout: no trade -- outside window: 01:28 London, opens 08:00 closes 17:00
  BOT_F_nas100_vwap_reversion: NOT ELIGIBLE -- regime TRANSITION is structurally wrong for this bot
  BOT_G_nas100_h4_pullback: NOT ELIGIBLE -- regime TRANSITION is structurally wrong for this bot
  BOT_H_gold_sweep_reclaim: NOT ELIGIBLE -- regime STRONG_TREND is structurally wrong for this bot

  CIO: 0 candidate(s); 0 funded, 0.000% total risk

===== cycle 2026-08-20 00:29:02 UTC (host local 2026-08-19 17:29:02) =====
DEMO GATE OK -> 1514166963 FTMO-Demo equity 99430.84
  bar-vs-tick gap 2s (diagnostic only; freshness is decided by clock_state after exits and reconciliation)
PREFLIGHT OK -- account, clock, data, state, ledgers all verified
  CLOCK FEED_FRESH: feed advancing, age in band, host within tolerance
profit -0.51%  daily headroom 5.00%  total headroom 9.49%  trading days 2

  DESK CLOCK 2026-08-20 01:29 London (broker)
  MARKET EURUSD      STRONG_TREND,EXTENDED,AT_HTF_LEVEL,RISK_ON
  MARKET US100.cash  TRANSITION,COMPRESSION,AT_HTF_LEVEL,RISK_ON
  MARKET US500.cash  WEAK_TREND,COMPRESSION,AT_HTF_LEVEL,RISK_ON
  MARKET XAUUSD      STRONG_TREND,EXTENDED,AT_HTF_LEVEL,RISK_ON
  BOT_A_gold_0630_breakout: no trade -- outside window: 01:29 London, opens 06:30 closes 16:00
  BOT_B_nas100_usopen_breakout: NOT ELIGIBLE -- regime TRANSITION is structurally wrong for this bot
  BOT_C_sp500_london_breakout: no trade -- outside window: 01:29 London, opens 08:00 closes 16:30
  BOT_D_gold_ny_breakout: no trade -- outside window: 01:29 London, opens 14:30 closes 20:00
  BOT_E_eurusd_london_breakout: no trade -- outside window: 01:29 London, opens 08:00 closes 17:00
  BOT_F_nas100_vwap_reversion: NOT ELIGIBLE -- regime TRANSITION is structurally wrong for this bot
  BOT_G_nas100_h4_pullback: NOT ELIGIBLE -- regime TRANSITION is structurally wrong for this bot
  BOT_H_gold_sweep_reclaim: NOT ELIGIBLE -- regime STRONG_TREND is structurally wrong for this bot

  CIO: 0 candidate(s); 0 funded, 0.000% total risk

===== cycle 2026-08-20 00:30:01 UTC (host local 2026-08-19 17:30:01) =====
DEMO GATE OK -> 1514166963 FTMO-Demo equity 99430.84
  bar-vs-tick gap 2s (diagnostic only; freshness is decided by clock_state after exits and reconciliation)
PREFLIGHT OK -- account, clock, data, state, ledgers all verified
  CLOCK FEED_FRESH: feed advancing, age in band, host within tolerance
profit -0.51%  daily headroom 5.00%  total headroom 9.49%  trading days 2

  DESK CLOCK 2026-08-20 01:30 London (broker)
  MARKET EURUSD      STRONG_TREND,EXTENDED,AT_HTF_LEVEL,RISK_ON
  MARKET US100.cash  TRANSITION,COMPRESSION,AT_HTF_LEVEL,RISK_ON
  MARKET US500.cash  WEAK_TREND,COMPRESSION,AT_HTF_LEVEL,RISK_ON
  MARKET XAUUSD      STRONG_TREND,EXTENDED,AT_HTF_LEVEL,RISK_ON
  BOT_A_gold_0630_breakout: no trade -- outside window: 01:30 London, opens 06:30 closes 16:00
  BOT_B_nas100_usopen_breakout: NOT ELIGIBLE -- regime TRANSITION is structurally wrong for this bot
  BOT_C_sp500_london_breakout: no trade -- outside window: 01:30 London, opens 08:00 closes 16:30
  BOT_D_gold_ny_breakout: no trade -- outside window: 01:30 London, opens 14:30 closes 20:00
  BOT_E_eurusd_london_breakout: no trade -- outside window: 01:30 London, opens 08:00 closes 17:00
  BOT_F_nas100_vwap_reversion: NOT ELIGIBLE -- regime TRANSITION is structurally wrong for this bot
  BOT_G_nas100_h4_pullback: NOT ELIGIBLE -- regime TRANSITION is structurally wrong for this bot
  BOT_H_gold_sweep_reclaim: NOT ELIGIBLE -- regime STRONG_TREND is structurally wrong for this bot

  CIO: 0 candidate(s); 0 funded, 0.000% total risk
