
===== cycle 2026-09-04 00:00:01 UTC (host local 2026-09-03 17:00:01) =====
DEMO GATE OK -> 1514487471 FTMO-Demo equity 99953.66
  bar-vs-tick gap 3s (diagnostic only; freshness is decided by clock_state after exits and reconciliation)
PREFLIGHT OK -- account, clock, data, state, ledgers all verified
  CLOCK FEED_FRESH: feed advancing, age in band, host within tolerance
profit +0.01%  daily headroom 5.00%  total headroom 10.01%  trading days 3

  DESK CLOCK 2026-09-04 01:00 London (broker)
  MARKET EURUSD      WEAK_TREND,AT_HTF_LEVEL,RISK_ON
  MARKET US100.cash  TRANSITION,AT_HTF_LEVEL,RISK_ON
  MARKET US500.cash  WEAK_TREND,EXPANSION,AT_HTF_LEVEL,RISK_OFF
  MARKET XAUUSD      WEAK_TREND,EXPANSION,AT_HTF_LEVEL,RISK_ON
  BOT_A_gold_0630_breakout: no trade -- outside window: 01:00 London, opens 06:30 closes 16:00
  BOT_B_nas100_usopen_breakout: NOT ELIGIBLE -- regime TRANSITION is structurally wrong for this bot
  BOT_C_sp500_london_breakout: no trade -- outside window: 01:00 London, opens 08:00 closes 16:30
  BOT_D_gold_ny_breakout: no trade -- outside window: 01:00 London, opens 14:30 closes 20:00
  BOT_E_eurusd_london_breakout: no trade -- outside window: 01:00 London, opens 08:00 closes 17:00
  BOT_F_nas100_vwap_reversion: NOT ELIGIBLE -- regime TRANSITION is structurally wrong for this bot
  BOT_G_nas100_h4_pullback: NOT ELIGIBLE -- regime TRANSITION is structurally wrong for this bot
  BOT_H_gold_sweep_reclaim: no trade -- outside window: 01:00 London

  CIO: 0 candidate(s); 0 funded, 0.000% total risk

===== cycle 2026-09-04 00:00:42 UTC (host local 2026-09-03 17:00:42) =====
DEMO GATE OK -> 1514487471 FTMO-Demo equity 99953.66
  bar-vs-tick gap 43s (diagnostic only; freshness is decided by clock_state after exits and reconciliation)
PREFLIGHT OK -- account, clock, data, state, ledgers all verified
  CLOCK FEED_FRESH: feed advancing, age in band, host within tolerance
profit +0.01%  daily headroom 5.00%  total headroom 10.01%  trading days 3

  DESK CLOCK 2026-09-04 01:00 London (broker)
  MARKET EURUSD      WEAK_TREND,AT_HTF_LEVEL,RISK_ON
  MARKET US100.cash  TRANSITION,AT_HTF_LEVEL,RISK_ON
  MARKET US500.cash  WEAK_TREND,EXPANSION,AT_HTF_LEVEL,RISK_OFF
  MARKET XAUUSD      WEAK_TREND,EXPANSION,AT_HTF_LEVEL,RISK_ON
  BOT_A_gold_0630_breakout: no trade -- outside window: 01:00 London, opens 06:30 closes 16:00
  BOT_B_nas100_usopen_breakout: NOT ELIGIBLE -- regime TRANSITION is structurally wrong for this bot
  BOT_C_sp500_london_breakout: no trade -- outside window: 01:00 London, opens 08:00 closes 16:30
  BOT_D_gold_ny_breakout: no trade -- outside window: 01:00 London, opens 14:30 closes 20:00
  BOT_E_eurusd_london_breakout: no trade -- outside window: 01:00 London, opens 08:00 closes 17:00
  BOT_F_nas100_vwap_reversion: NOT ELIGIBLE -- regime TRANSITION is structurally wrong for this bot
  BOT_G_nas100_h4_pullback: NOT ELIGIBLE -- regime TRANSITION is structurally wrong for this bot
  BOT_H_gold_sweep_reclaim: no trade -- outside window: 01:00 London

  CIO: 0 candidate(s); 0 funded, 0.000% total risk

===== cycle 2026-09-04 00:01:01 UTC (host local 2026-09-03 17:01:01) =====
DEMO GATE OK -> 1514487471 FTMO-Demo equity 99953.66
  bar-vs-tick gap 2s (diagnostic only; freshness is decided by clock_state after exits and reconciliation)
PREFLIGHT OK -- account, clock, data, state, ledgers all verified
  CLOCK FEED_FRESH: feed advancing, age in band, host within tolerance
profit +0.01%  daily headroom 5.00%  total headroom 10.01%  trading days 3

  DESK CLOCK 2026-09-04 01:01 London (broker)
  MARKET EURUSD      WEAK_TREND,AT_HTF_LEVEL,RISK_ON
  MARKET US100.cash  TRANSITION,AT_HTF_LEVEL,RISK_ON
  MARKET US500.cash  WEAK_TREND,EXPANSION,AT_HTF_LEVEL,RISK_OFF
  MARKET XAUUSD      WEAK_TREND,EXPANSION,AT_HTF_LEVEL,RISK_ON
  BOT_A_gold_0630_breakout: no trade -- outside window: 01:01 London, opens 06:30 closes 16:00
  BOT_B_nas100_usopen_breakout: NOT ELIGIBLE -- regime TRANSITION is structurally wrong for this bot
  BOT_C_sp500_london_breakout: no trade -- outside window: 01:01 London, opens 08:00 closes 16:30
  BOT_D_gold_ny_breakout: no trade -- outside window: 01:01 London, opens 14:30 closes 20:00
  BOT_E_eurusd_london_breakout: no trade -- outside window: 01:01 London, opens 08:00 closes 17:00
  BOT_F_nas100_vwap_reversion: NOT ELIGIBLE -- regime TRANSITION is structurally wrong for this bot
  BOT_G_nas100_h4_pullback: NOT ELIGIBLE -- regime TRANSITION is structurally wrong for this bot
  BOT_H_gold_sweep_reclaim: no trade -- outside window: 01:01 London

  CIO: 0 candidate(s); 0 funded, 0.000% total risk

===== cycle 2026-09-04 00:01:43 UTC (host local 2026-09-03 17:01:43) =====
DEMO GATE OK -> 1514487471 FTMO-Demo equity 99953.66
  bar-vs-tick gap 44s (diagnostic only; freshness is decided by clock_state after exits and reconciliation)
PREFLIGHT OK -- account, clock, data, state, ledgers all verified
  CLOCK FEED_FRESH: feed advancing, age in band, host within tolerance
profit +0.01%  daily headroom 5.00%  total headroom 10.01%  trading days 3

  DESK CLOCK 2026-09-04 01:01 London (broker)
  MARKET EURUSD      WEAK_TREND,AT_HTF_LEVEL,RISK_ON
  MARKET US100.cash  TRANSITION,AT_HTF_LEVEL,RISK_ON
  MARKET US500.cash  WEAK_TREND,EXPANSION,AT_HTF_LEVEL,RISK_OFF
  MARKET XAUUSD      WEAK_TREND,EXPANSION,AT_HTF_LEVEL,RISK_ON
  BOT_A_gold_0630_breakout: no trade -- outside window: 01:01 London, opens 06:30 closes 16:00
  BOT_B_nas100_usopen_breakout: NOT ELIGIBLE -- regime TRANSITION is structurally wrong for this bot
  BOT_C_sp500_london_breakout: no trade -- outside window: 01:01 London, opens 08:00 closes 16:30
  BOT_D_gold_ny_breakout: no trade -- outside window: 01:01 London, opens 14:30 closes 20:00
  BOT_E_eurusd_london_breakout: no trade -- outside window: 01:01 London, opens 08:00 closes 17:00
  BOT_F_nas100_vwap_reversion: NOT ELIGIBLE -- regime TRANSITION is structurally wrong for this bot
  BOT_G_nas100_h4_pullback: NOT ELIGIBLE -- regime TRANSITION is structurally wrong for this bot
  BOT_H_gold_sweep_reclaim: no trade -- outside window: 01:01 London

  CIO: 0 candidate(s); 0 funded, 0.000% total risk

===== cycle 2026-09-04 00:02:01 UTC (host local 2026-09-03 17:02:01) =====
DEMO GATE OK -> 1514487471 FTMO-Demo equity 99953.66
  bar-vs-tick gap 2s (diagnostic only; freshness is decided by clock_state after exits and reconciliation)
PREFLIGHT OK -- account, clock, data, state, ledgers all verified
  CLOCK FEED_FRESH: feed advancing, age in band, host within tolerance
profit +0.01%  daily headroom 5.00%  total headroom 10.01%  trading days 3

  DESK CLOCK 2026-09-04 01:02 London (broker)
  MARKET EURUSD      WEAK_TREND,AT_HTF_LEVEL,RISK_ON
  MARKET US100.cash  TRANSITION,AT_HTF_LEVEL,RISK_ON
  MARKET US500.cash  WEAK_TREND,EXPANSION,AT_HTF_LEVEL,RISK_OFF
  MARKET XAUUSD      WEAK_TREND,EXPANSION,AT_HTF_LEVEL,RISK_ON
  BOT_A_gold_0630_breakout: no trade -- outside window: 01:02 London, opens 06:30 closes 16:00
  BOT_B_nas100_usopen_breakout: NOT ELIGIBLE -- regime TRANSITION is structurally wrong for this bot
  BOT_C_sp500_london_breakout: no trade -- outside window: 01:02 London, opens 08:00 closes 16:30
  BOT_D_gold_ny_breakout: no trade -- outside window: 01:02 London, opens 14:30 closes 20:00
  BOT_E_eurusd_london_breakout: no trade -- outside window: 01:02 London, opens 08:00 closes 17:00
  BOT_F_nas100_vwap_reversion: NOT ELIGIBLE -- regime TRANSITION is structurally wrong for this bot
  BOT_G_nas100_h4_pullback: NOT ELIGIBLE -- regime TRANSITION is structurally wrong for this bot
  BOT_H_gold_sweep_reclaim: no trade -- outside window: 01:02 London

  CIO: 0 candidate(s); 0 funded, 0.000% total risk

===== cycle 2026-09-04 00:02:44 UTC (host local 2026-09-03 17:02:44) =====
DEMO GATE OK -> 1514487471 FTMO-Demo equity 99953.66
  bar-vs-tick gap 45s (diagnostic only; freshness is decided by clock_state after exits and reconciliation)
PREFLIGHT OK -- account, clock, data, state, ledgers all verified
  CLOCK FEED_FRESH: feed advancing, age in band, host within tolerance
profit +0.01%  daily headroom 5.00%  total headroom 10.01%  trading days 3

  DESK CLOCK 2026-09-04 01:02 London (broker)
  MARKET EURUSD      WEAK_TREND,AT_HTF_LEVEL,RISK_ON
  MARKET US100.cash  TRANSITION,AT_HTF_LEVEL,RISK_ON
  MARKET US500.cash  WEAK_TREND,EXPANSION,AT_HTF_LEVEL,RISK_OFF
  MARKET XAUUSD      WEAK_TREND,EXPANSION,AT_HTF_LEVEL,RISK_ON
  BOT_A_gold_0630_breakout: no trade -- outside window: 01:02 London, opens 06:30 closes 16:00
  BOT_B_nas100_usopen_breakout: NOT ELIGIBLE -- regime TRANSITION is structurally wrong for this bot
  BOT_C_sp500_london_breakout: no trade -- outside window: 01:02 London, opens 08:00 closes 16:30
  BOT_D_gold_ny_breakout: no trade -- outside window: 01:02 London, opens 14:30 closes 20:00
  BOT_E_eurusd_london_breakout: no trade -- outside window: 01:02 London, opens 08:00 closes 17:00
  BOT_F_nas100_vwap_reversion: NOT ELIGIBLE -- regime TRANSITION is structurally wrong for this bot
  BOT_G_nas100_h4_pullback: NOT ELIGIBLE -- regime TRANSITION is structurally wrong for this bot
  BOT_H_gold_sweep_reclaim: no trade -- outside window: 01:02 London

  CIO: 0 candidate(s); 0 funded, 0.000% total risk

===== cycle 2026-09-04 00:03:01 UTC (host local 2026-09-03 17:03:01) =====
DEMO GATE OK -> 1514487471 FTMO-Demo equity 99953.66
  bar-vs-tick gap 2s (diagnostic only; freshness is decided by clock_state after exits and reconciliation)
PREFLIGHT OK -- account, clock, data, state, ledgers all verified
  CLOCK FEED_FRESH: feed advancing, age in band, host within tolerance
profit +0.01%  daily headroom 5.00%  total headroom 10.01%  trading days 3

  DESK CLOCK 2026-09-04 01:03 London (broker)
  MARKET EURUSD      WEAK_TREND,AT_HTF_LEVEL,RISK_ON
  MARKET US100.cash  TRANSITION,AT_HTF_LEVEL,RISK_ON
  MARKET US500.cash  WEAK_TREND,EXPANSION,AT_HTF_LEVEL,RISK_OFF
  MARKET XAUUSD      WEAK_TREND,EXPANSION,AT_HTF_LEVEL,RISK_OFF
  BOT_A_gold_0630_breakout: no trade -- outside window: 01:03 London, opens 06:30 closes 16:00
  BOT_B_nas100_usopen_breakout: NOT ELIGIBLE -- regime TRANSITION is structurally wrong for this bot
  BOT_C_sp500_london_breakout: no trade -- outside window: 01:03 London, opens 08:00 closes 16:30
  BOT_D_gold_ny_breakout: no trade -- outside window: 01:03 London, opens 14:30 closes 20:00
  BOT_E_eurusd_london_breakout: no trade -- outside window: 01:03 London, opens 08:00 closes 17:00
  BOT_F_nas100_vwap_reversion: NOT ELIGIBLE -- regime TRANSITION is structurally wrong for this bot
  BOT_G_nas100_h4_pullback: NOT ELIGIBLE -- regime TRANSITION is structurally wrong for this bot
  BOT_H_gold_sweep_reclaim: no trade -- outside window: 01:03 London

  CIO: 0 candidate(s); 0 funded, 0.000% total risk

===== cycle 2026-09-04 00:03:45 UTC (host local 2026-09-03 17:03:45) =====
DEMO GATE OK -> 1514487471 FTMO-Demo equity 99953.66
  bar-vs-tick gap 46s (diagnostic only; freshness is decided by clock_state after exits and reconciliation)
PREFLIGHT OK -- account, clock, data, state, ledgers all verified
  CLOCK FEED_FRESH: feed advancing, age in band, host within tolerance
profit +0.01%  daily headroom 5.00%  total headroom 10.01%  trading days 3

  DESK CLOCK 2026-09-04 01:03 London (broker)
  MARKET EURUSD      WEAK_TREND,AT_HTF_LEVEL,RISK_ON
  MARKET US100.cash  TRANSITION,AT_HTF_LEVEL,RISK_ON
  MARKET US500.cash  WEAK_TREND,EXPANSION,AT_HTF_LEVEL,RISK_OFF
  MARKET XAUUSD      WEAK_TREND,EXPANSION,AT_HTF_LEVEL,RISK_OFF
  BOT_A_gold_0630_breakout: no trade -- outside window: 01:03 London, opens 06:30 closes 16:00
  BOT_B_nas100_usopen_breakout: NOT ELIGIBLE -- regime TRANSITION is structurally wrong for this bot
  BOT_C_sp500_london_breakout: no trade -- outside window: 01:03 London, opens 08:00 closes 16:30
  BOT_D_gold_ny_breakout: no trade -- outside window: 01:03 London, opens 14:30 closes 20:00
  BOT_E_eurusd_london_breakout: no trade -- outside window: 01:03 London, opens 08:00 closes 17:00
  BOT_F_nas100_vwap_reversion: NOT ELIGIBLE -- regime TRANSITION is structurally wrong for this bot
  BOT_G_nas100_h4_pullback: NOT ELIGIBLE -- regime TRANSITION is structurally wrong for this bot
  BOT_H_gold_sweep_reclaim: no trade -- outside window: 01:03 London

  CIO: 0 candidate(s); 0 funded, 0.000% total risk

===== cycle 2026-09-04 00:04:01 UTC (host local 2026-09-03 17:04:01) =====
DEMO GATE OK -> 1514487471 FTMO-Demo equity 99953.66
  bar-vs-tick gap 2s (diagnostic only; freshness is decided by clock_state after exits and reconciliation)
PREFLIGHT OK -- account, clock, data, state, ledgers all verified
  CLOCK FEED_FRESH: feed advancing, age in band, host within tolerance
profit +0.01%  daily headroom 5.00%  total headroom 10.01%  trading days 3

  DESK CLOCK 2026-09-04 01:04 London (broker)
  MARKET EURUSD      WEAK_TREND,AT_HTF_LEVEL,RISK_ON
  MARKET US100.cash  TRANSITION,AT_HTF_LEVEL,RISK_ON
  MARKET US500.cash  WEAK_TREND,EXPANSION,AT_HTF_LEVEL,RISK_OFF
  MARKET XAUUSD      WEAK_TREND,EXPANSION,AT_HTF_LEVEL,RISK_OFF
  BOT_A_gold_0630_breakout: no trade -- outside window: 01:04 London, opens 06:30 closes 16:00
  BOT_B_nas100_usopen_breakout: NOT ELIGIBLE -- regime TRANSITION is structurally wrong for this bot
  BOT_C_sp500_london_breakout: no trade -- outside window: 01:04 London, opens 08:00 closes 16:30
  BOT_D_gold_ny_breakout: no trade -- outside window: 01:04 London, opens 14:30 closes 20:00
  BOT_E_eurusd_london_breakout: no trade -- outside window: 01:04 London, opens 08:00 closes 17:00
  BOT_F_nas100_vwap_reversion: NOT ELIGIBLE -- regime TRANSITION is structurally wrong for this bot
  BOT_G_nas100_h4_pullback: NOT ELIGIBLE -- regime TRANSITION is structurally wrong for this bot
  BOT_H_gold_sweep_reclaim: no trade -- outside window: 01:04 London

  CIO: 0 candidate(s); 0 funded, 0.000% total risk

===== cycle 2026-09-04 00:04:47 UTC (host local 2026-09-03 17:04:47) =====
DEMO GATE OK -> 1514487471 FTMO-Demo equity 99953.66
  bar-vs-tick gap 47s (diagnostic only; freshness is decided by clock_state after exits and reconciliation)
PREFLIGHT OK -- account, clock, data, state, ledgers all verified
  CLOCK FEED_FRESH: feed advancing, age in band, host within tolerance
profit +0.01%  daily headroom 5.00%  total headroom 10.01%  trading days 3

  DESK CLOCK 2026-09-04 01:04 London (broker)
  MARKET EURUSD      WEAK_TREND,AT_HTF_LEVEL,RISK_ON
  MARKET US100.cash  TRANSITION,AT_HTF_LEVEL,RISK_ON
  MARKET US500.cash  WEAK_TREND,EXPANSION,AT_HTF_LEVEL,RISK_OFF
  MARKET XAUUSD      WEAK_TREND,EXPANSION,AT_HTF_LEVEL,RISK_ON
  BOT_A_gold_0630_breakout: no trade -- outside window: 01:04 London, opens 06:30 closes 16:00
  BOT_B_nas100_usopen_breakout: NOT ELIGIBLE -- regime TRANSITION is structurally wrong for this bot
  BOT_C_sp500_london_breakout: no trade -- outside window: 01:04 London, opens 08:00 closes 16:30
  BOT_D_gold_ny_breakout: no trade -- outside window: 01:04 London, opens 14:30 closes 20:00
  BOT_E_eurusd_london_breakout: no trade -- outside window: 01:04 London, opens 08:00 closes 17:00
  BOT_F_nas100_vwap_reversion: NOT ELIGIBLE -- regime TRANSITION is structurally wrong for this bot
  BOT_G_nas100_h4_pullback: NOT ELIGIBLE -- regime TRANSITION is structurally wrong for this bot
  BOT_H_gold_sweep_reclaim: no trade -- outside window: 01:04 London

  CIO: 0 candidate(s); 0 funded, 0.000% total risk

===== cycle 2026-09-04 00:05:01 UTC (host local 2026-09-03 17:05:01) =====
DEMO GATE OK -> 1514487471 FTMO-Demo equity 99953.66
  bar-vs-tick gap 2s (diagnostic only; freshness is decided by clock_state after exits and reconciliation)
PREFLIGHT OK -- account, clock, data, state, ledgers all verified
  CLOCK FEED_FRESH: feed advancing, age in band, host within tolerance
profit +0.01%  daily headroom 5.00%  total headroom 10.01%  trading days 3

  DESK CLOCK 2026-09-04 01:05 London (broker)
  MARKET EURUSD      WEAK_TREND,AT_HTF_LEVEL,RISK_ON
  MARKET US100.cash  TRANSITION,AT_HTF_LEVEL,RISK_ON
  MARKET US500.cash  WEAK_TREND,EXPANSION,AT_HTF_LEVEL,RISK_ON
  MARKET XAUUSD      WEAK_TREND,EXPANSION,AT_HTF_LEVEL,RISK_ON
  BOT_A_gold_0630_breakout: no trade -- outside window: 01:05 London, opens 06:30 closes 16:00
  BOT_B_nas100_usopen_breakout: NOT ELIGIBLE -- regime TRANSITION is structurally wrong for this bot
  BOT_C_sp500_london_breakout: no trade -- outside window: 01:05 London, opens 08:00 closes 16:30
  BOT_D_gold_ny_breakout: no trade -- outside window: 01:05 London, opens 14:30 closes 20:00
  BOT_E_eurusd_london_breakout: no trade -- outside window: 01:05 London, opens 08:00 closes 17:00
  BOT_F_nas100_vwap_reversion: NOT ELIGIBLE -- regime TRANSITION is structurally wrong for this bot
  BOT_G_nas100_h4_pullback: NOT ELIGIBLE -- regime TRANSITION is structurally wrong for this bot
  BOT_H_gold_sweep_reclaim: no trade -- outside window: 01:05 London

  CIO: 0 candidate(s); 0 funded, 0.000% total risk

===== cycle 2026-09-04 00:05:48 UTC (host local 2026-09-03 17:05:48) =====
DEMO GATE OK -> 1514487471 FTMO-Demo equity 99953.66
  bar-vs-tick gap 49s (diagnostic only; freshness is decided by clock_state after exits and reconciliation)
PREFLIGHT OK -- account, clock, data, state, ledgers all verified
  CLOCK FEED_FRESH: feed advancing, age in band, host within tolerance
profit +0.01%  daily headroom 5.00%  total headroom 10.01%  trading days 3

  DESK CLOCK 2026-09-04 01:05 London (broker)
  MARKET EURUSD      WEAK_TREND,AT_HTF_LEVEL,RISK_ON
  MARKET US100.cash  TRANSITION,AT_HTF_LEVEL,RISK_ON
  MARKET US500.cash  WEAK_TREND,EXPANSION,AT_HTF_LEVEL,RISK_OFF
  MARKET XAUUSD      WEAK_TREND,EXPANSION,AT_HTF_LEVEL,RISK_ON
  BOT_A_gold_0630_breakout: no trade -- outside window: 01:05 London, opens 06:30 closes 16:00
  BOT_B_nas100_usopen_breakout: NOT ELIGIBLE -- regime TRANSITION is structurally wrong for this bot
  BOT_C_sp500_london_breakout: no trade -- outside window: 01:05 London, opens 08:00 closes 16:30
  BOT_D_gold_ny_breakout: no trade -- outside window: 01:05 London, opens 14:30 closes 20:00
  BOT_E_eurusd_london_breakout: no trade -- outside window: 01:05 London, opens 08:00 closes 17:00
  BOT_F_nas100_vwap_reversion: NOT ELIGIBLE -- regime TRANSITION is structurally wrong for this bot
  BOT_G_nas100_h4_pullback: NOT ELIGIBLE -- regime TRANSITION is structurally wrong for this bot
  BOT_H_gold_sweep_reclaim: no trade -- outside window: 01:05 London

  CIO: 0 candidate(s); 0 funded, 0.000% total risk

===== cycle 2026-09-04 00:06:01 UTC (host local 2026-09-03 17:06:01) =====
DEMO GATE OK -> 1514487471 FTMO-Demo equity 99953.66
  bar-vs-tick gap 2s (diagnostic only; freshness is decided by clock_state after exits and reconciliation)
PREFLIGHT OK -- account, clock, data, state, ledgers all verified
  CLOCK FEED_FRESH: feed advancing, age in band, host within tolerance
profit +0.01%  daily headroom 5.00%  total headroom 10.01%  trading days 3

  DESK CLOCK 2026-09-04 01:06 London (broker)
  MARKET EURUSD      WEAK_TREND,AT_HTF_LEVEL,RISK_ON
  MARKET US100.cash  TRANSITION,AT_HTF_LEVEL,RISK_ON
  MARKET US500.cash  WEAK_TREND,EXPANSION,AT_HTF_LEVEL,RISK_OFF
  MARKET XAUUSD      WEAK_TREND,EXPANSION,AT_HTF_LEVEL,RISK_ON
  BOT_A_gold_0630_breakout: no trade -- outside window: 01:06 London, opens 06:30 closes 16:00
  BOT_B_nas100_usopen_breakout: NOT ELIGIBLE -- regime TRANSITION is structurally wrong for this bot
  BOT_C_sp500_london_breakout: no trade -- outside window: 01:06 London, opens 08:00 closes 16:30
  BOT_D_gold_ny_breakout: no trade -- outside window: 01:06 London, opens 14:30 closes 20:00
  BOT_E_eurusd_london_breakout: no trade -- outside window: 01:06 London, opens 08:00 closes 17:00
  BOT_F_nas100_vwap_reversion: NOT ELIGIBLE -- regime TRANSITION is structurally wrong for this bot
  BOT_G_nas100_h4_pullback: NOT ELIGIBLE -- regime TRANSITION is structurally wrong for this bot
  BOT_H_gold_sweep_reclaim: no trade -- outside window: 01:06 London

  CIO: 0 candidate(s); 0 funded, 0.000% total risk

===== cycle 2026-09-04 00:06:49 UTC (host local 2026-09-03 17:06:49) =====
DEMO GATE OK -> 1514487471 FTMO-Demo equity 99953.66
  bar-vs-tick gap 50s (diagnostic only; freshness is decided by clock_state after exits and reconciliation)
PREFLIGHT OK -- account, clock, data, state, ledgers all verified
  CLOCK FEED_FRESH: feed advancing, age in band, host within tolerance
profit +0.01%  daily headroom 5.00%  total headroom 10.01%  trading days 3

  DESK CLOCK 2026-09-04 01:06 London (broker)
  MARKET EURUSD      WEAK_TREND,AT_HTF_LEVEL,RISK_ON
  MARKET US100.cash  TRANSITION,AT_HTF_LEVEL,RISK_ON
  MARKET US500.cash  WEAK_TREND,EXPANSION,AT_HTF_LEVEL,RISK_ON
  MARKET XAUUSD      WEAK_TREND,EXPANSION,AT_HTF_LEVEL,RISK_ON
  BOT_A_gold_0630_breakout: no trade -- outside window: 01:06 London, opens 06:30 closes 16:00
  BOT_B_nas100_usopen_breakout: NOT ELIGIBLE -- regime TRANSITION is structurally wrong for this bot
  BOT_C_sp500_london_breakout: no trade -- outside window: 01:06 London, opens 08:00 closes 16:30
  BOT_D_gold_ny_breakout: no trade -- outside window: 01:06 London, opens 14:30 closes 20:00
  BOT_E_eurusd_london_breakout: no trade -- outside window: 01:06 London, opens 08:00 closes 17:00
  BOT_F_nas100_vwap_reversion: NOT ELIGIBLE -- regime TRANSITION is structurally wrong for this bot
  BOT_G_nas100_h4_pullback: NOT ELIGIBLE -- regime TRANSITION is structurally wrong for this bot
  BOT_H_gold_sweep_reclaim: no trade -- outside window: 01:06 London

  CIO: 0 candidate(s); 0 funded, 0.000% total risk

===== cycle 2026-09-04 00:07:01 UTC (host local 2026-09-03 17:07:01) =====
DEMO GATE OK -> 1514487471 FTMO-Demo equity 99953.66
  bar-vs-tick gap 2s (diagnostic only; freshness is decided by clock_state after exits and reconciliation)
PREFLIGHT OK -- account, clock, data, state, ledgers all verified
  CLOCK FEED_FRESH: feed advancing, age in band, host within tolerance
profit +0.01%  daily headroom 5.00%  total headroom 10.01%  trading days 3

  DESK CLOCK 2026-09-04 01:07 London (broker)
  MARKET EURUSD      WEAK_TREND,AT_HTF_LEVEL,RISK_ON
  MARKET US100.cash  TRANSITION,AT_HTF_LEVEL,RISK_ON
  MARKET US500.cash  WEAK_TREND,EXPANSION,AT_HTF_LEVEL,RISK_ON
  MARKET XAUUSD      WEAK_TREND,EXPANSION,AT_HTF_LEVEL,RISK_ON
  BOT_A_gold_0630_breakout: no trade -- outside window: 01:07 London, opens 06:30 closes 16:00
  BOT_B_nas100_usopen_breakout: NOT ELIGIBLE -- regime TRANSITION is structurally wrong for this bot
  BOT_C_sp500_london_breakout: no trade -- outside window: 01:07 London, opens 08:00 closes 16:30
  BOT_D_gold_ny_breakout: no trade -- outside window: 01:07 London, opens 14:30 closes 20:00
  BOT_E_eurusd_london_breakout: no trade -- outside window: 01:07 London, opens 08:00 closes 17:00
  BOT_F_nas100_vwap_reversion: NOT ELIGIBLE -- regime TRANSITION is structurally wrong for this bot
  BOT_G_nas100_h4_pullback: NOT ELIGIBLE -- regime TRANSITION is structurally wrong for this bot
  BOT_H_gold_sweep_reclaim: no trade -- outside window: 01:07 London

  CIO: 0 candidate(s); 0 funded, 0.000% total risk

===== cycle 2026-09-04 00:07:50 UTC (host local 2026-09-03 17:07:50) =====
DEMO GATE OK -> 1514487471 FTMO-Demo equity 99953.66
  bar-vs-tick gap 51s (diagnostic only; freshness is decided by clock_state after exits and reconciliation)
PREFLIGHT OK -- account, clock, data, state, ledgers all verified
  CLOCK FEED_FRESH: feed advancing, age in band, host within tolerance
profit +0.01%  daily headroom 5.00%  total headroom 10.01%  trading days 3

  DESK CLOCK 2026-09-04 01:07 London (broker)
  MARKET EURUSD      WEAK_TREND,AT_HTF_LEVEL,RISK_ON
  MARKET US100.cash  TRANSITION,AT_HTF_LEVEL,RISK_ON
  MARKET US500.cash  WEAK_TREND,EXPANSION,AT_HTF_LEVEL,RISK_ON
  MARKET XAUUSD      WEAK_TREND,EXPANSION,AT_HTF_LEVEL,RISK_ON
  BOT_A_gold_0630_breakout: no trade -- outside window: 01:07 London, opens 06:30 closes 16:00
  BOT_B_nas100_usopen_breakout: NOT ELIGIBLE -- regime TRANSITION is structurally wrong for this bot
  BOT_C_sp500_london_breakout: no trade -- outside window: 01:07 London, opens 08:00 closes 16:30
  BOT_D_gold_ny_breakout: no trade -- outside window: 01:07 London, opens 14:30 closes 20:00
  BOT_E_eurusd_london_breakout: no trade -- outside window: 01:07 London, opens 08:00 closes 17:00
  BOT_F_nas100_vwap_reversion: NOT ELIGIBLE -- regime TRANSITION is structurally wrong for this bot
  BOT_G_nas100_h4_pullback: NOT ELIGIBLE -- regime TRANSITION is structurally wrong for this bot
  BOT_H_gold_sweep_reclaim: no trade -- outside window: 01:07 London

  CIO: 0 candidate(s); 0 funded, 0.000% total risk

===== cycle 2026-09-04 00:08:01 UTC (host local 2026-09-03 17:08:01) =====
DEMO GATE OK -> 1514487471 FTMO-Demo equity 99953.66
  bar-vs-tick gap 2s (diagnostic only; freshness is decided by clock_state after exits and reconciliation)
PREFLIGHT OK -- account, clock, data, state, ledgers all verified
  CLOCK FEED_FRESH: feed advancing, age in band, host within tolerance
profit +0.01%  daily headroom 5.00%  total headroom 10.01%  trading days 3

  DESK CLOCK 2026-09-04 01:08 London (broker)
  MARKET EURUSD      WEAK_TREND,AT_HTF_LEVEL,RISK_ON
  MARKET US100.cash  TRANSITION,AT_HTF_LEVEL,RISK_ON
  MARKET US500.cash  WEAK_TREND,EXPANSION,AT_HTF_LEVEL,RISK_ON
  MARKET XAUUSD      WEAK_TREND,EXPANSION,AT_HTF_LEVEL,RISK_ON
  BOT_A_gold_0630_breakout: no trade -- outside window: 01:08 London, opens 06:30 closes 16:00
  BOT_B_nas100_usopen_breakout: NOT ELIGIBLE -- regime TRANSITION is structurally wrong for this bot
  BOT_C_sp500_london_breakout: no trade -- outside window: 01:08 London, opens 08:00 closes 16:30
  BOT_D_gold_ny_breakout: no trade -- outside window: 01:08 London, opens 14:30 closes 20:00
  BOT_E_eurusd_london_breakout: no trade -- outside window: 01:08 London, opens 08:00 closes 17:00
  BOT_F_nas100_vwap_reversion: NOT ELIGIBLE -- regime TRANSITION is structurally wrong for this bot
  BOT_G_nas100_h4_pullback: NOT ELIGIBLE -- regime TRANSITION is structurally wrong for this bot
  BOT_H_gold_sweep_reclaim: no trade -- outside window: 01:08 London

  CIO: 0 candidate(s); 0 funded, 0.000% total risk

===== cycle 2026-09-04 00:08:52 UTC (host local 2026-09-03 17:08:52) =====
DEMO GATE OK -> 1514487471 FTMO-Demo equity 99953.66
  bar-vs-tick gap 52s (diagnostic only; freshness is decided by clock_state after exits and reconciliation)
PREFLIGHT OK -- account, clock, data, state, ledgers all verified
  CLOCK FEED_FRESH: feed advancing, age in band, host within tolerance
profit +0.01%  daily headroom 5.00%  total headroom 10.01%  trading days 3

  DESK CLOCK 2026-09-04 01:08 London (broker)
  MARKET EURUSD      WEAK_TREND,AT_HTF_LEVEL,RISK_ON
  MARKET US100.cash  TRANSITION,AT_HTF_LEVEL,RISK_ON
  MARKET US500.cash  WEAK_TREND,EXPANSION,AT_HTF_LEVEL,RISK_ON
  MARKET XAUUSD      WEAK_TREND,EXPANSION,AT_HTF_LEVEL,RISK_ON
  BOT_A_gold_0630_breakout: no trade -- outside window: 01:08 London, opens 06:30 closes 16:00
  BOT_B_nas100_usopen_breakout: NOT ELIGIBLE -- regime TRANSITION is structurally wrong for this bot
  BOT_C_sp500_london_breakout: no trade -- outside window: 01:08 London, opens 08:00 closes 16:30
  BOT_D_gold_ny_breakout: no trade -- outside window: 01:08 London, opens 14:30 closes 20:00
  BOT_E_eurusd_london_breakout: no trade -- outside window: 01:08 London, opens 08:00 closes 17:00
  BOT_F_nas100_vwap_reversion: NOT ELIGIBLE -- regime TRANSITION is structurally wrong for this bot
  BOT_G_nas100_h4_pullback: NOT ELIGIBLE -- regime TRANSITION is structurally wrong for this bot
  BOT_H_gold_sweep_reclaim: no trade -- outside window: 01:08 London

  CIO: 0 candidate(s); 0 funded, 0.000% total risk

===== cycle 2026-09-04 00:09:01 UTC (host local 2026-09-03 17:09:01) =====
DEMO GATE OK -> 1514487471 FTMO-Demo equity 99953.66
  bar-vs-tick gap 2s (diagnostic only; freshness is decided by clock_state after exits and reconciliation)
PREFLIGHT OK -- account, clock, data, state, ledgers all verified
  CLOCK FEED_FRESH: feed advancing, age in band, host within tolerance
profit +0.01%  daily headroom 5.00%  total headroom 10.01%  trading days 3

  DESK CLOCK 2026-09-04 01:09 London (broker)
  MARKET EURUSD      WEAK_TREND,AT_HTF_LEVEL,RISK_ON
  MARKET US100.cash  TRANSITION,AT_HTF_LEVEL,RISK_ON
  MARKET US500.cash  WEAK_TREND,EXPANSION,AT_HTF_LEVEL,RISK_ON
  MARKET XAUUSD      WEAK_TREND,EXPANSION,AT_HTF_LEVEL,RISK_ON
  BOT_A_gold_0630_breakout: no trade -- outside window: 01:09 London, opens 06:30 closes 16:00
  BOT_B_nas100_usopen_breakout: NOT ELIGIBLE -- regime TRANSITION is structurally wrong for this bot
  BOT_C_sp500_london_breakout: no trade -- outside window: 01:09 London, opens 08:00 closes 16:30
  BOT_D_gold_ny_breakout: no trade -- outside window: 01:09 London, opens 14:30 closes 20:00
  BOT_E_eurusd_london_breakout: no trade -- outside window: 01:09 London, opens 08:00 closes 17:00
  BOT_F_nas100_vwap_reversion: NOT ELIGIBLE -- regime TRANSITION is structurally wrong for this bot
  BOT_G_nas100_h4_pullback: NOT ELIGIBLE -- regime TRANSITION is structurally wrong for this bot
  BOT_H_gold_sweep_reclaim: no trade -- outside window: 01:09 London

  CIO: 0 candidate(s); 0 funded, 0.000% total risk

===== cycle 2026-09-04 00:09:53 UTC (host local 2026-09-03 17:09:53) =====
DEMO GATE OK -> 1514487471 FTMO-Demo equity 99953.66
  bar-vs-tick gap 53s (diagnostic only; freshness is decided by clock_state after exits and reconciliation)
PREFLIGHT OK -- account, clock, data, state, ledgers all verified
  CLOCK FEED_FRESH: feed advancing, age in band, host within tolerance
profit +0.01%  daily headroom 5.00%  total headroom 10.01%  trading days 3

  DESK CLOCK 2026-09-04 01:09 London (broker)
  MARKET EURUSD      WEAK_TREND,AT_HTF_LEVEL,RISK_ON
  MARKET US100.cash  TRANSITION,AT_HTF_LEVEL,RISK_ON
  MARKET US500.cash  WEAK_TREND,EXPANSION,AT_HTF_LEVEL,RISK_ON
  MARKET XAUUSD      WEAK_TREND,EXPANSION,AT_HTF_LEVEL,RISK_ON
  BOT_A_gold_0630_breakout: no trade -- outside window: 01:09 London, opens 06:30 closes 16:00
  BOT_B_nas100_usopen_breakout: NOT ELIGIBLE -- regime TRANSITION is structurally wrong for this bot
  BOT_C_sp500_london_breakout: no trade -- outside window: 01:09 London, opens 08:00 closes 16:30
  BOT_D_gold_ny_breakout: no trade -- outside window: 01:09 London, opens 14:30 closes 20:00
  BOT_E_eurusd_london_breakout: no trade -- outside window: 01:09 London, opens 08:00 closes 17:00
  BOT_F_nas100_vwap_reversion: NOT ELIGIBLE -- regime TRANSITION is structurally wrong for this bot
  BOT_G_nas100_h4_pullback: NOT ELIGIBLE -- regime TRANSITION is structurally wrong for this bot
  BOT_H_gold_sweep_reclaim: no trade -- outside window: 01:09 London

  CIO: 0 candidate(s); 0 funded, 0.000% total risk

===== cycle 2026-09-04 00:10:01 UTC (host local 2026-09-03 17:10:01) =====
DEMO GATE OK -> 1514487471 FTMO-Demo equity 99953.66
  bar-vs-tick gap 2s (diagnostic only; freshness is decided by clock_state after exits and reconciliation)
PREFLIGHT OK -- account, clock, data, state, ledgers all verified
  CLOCK FEED_FRESH: feed advancing, age in band, host within tolerance
profit +0.01%  daily headroom 5.00%  total headroom 10.01%  trading days 3

  DESK CLOCK 2026-09-04 01:10 London (broker)
  MARKET EURUSD      WEAK_TREND,AT_HTF_LEVEL,RISK_ON
  MARKET US100.cash  TRANSITION,AT_HTF_LEVEL,RISK_ON
  MARKET US500.cash  WEAK_TREND,EXPANSION,AT_HTF_LEVEL,RISK_ON
  MARKET XAUUSD      WEAK_TREND,EXPANSION,AT_HTF_LEVEL,RISK_ON
  BOT_A_gold_0630_breakout: no trade -- outside window: 01:10 London, opens 06:30 closes 16:00
  BOT_B_nas100_usopen_breakout: NOT ELIGIBLE -- regime TRANSITION is structurally wrong for this bot
  BOT_C_sp500_london_breakout: no trade -- outside window: 01:10 London, opens 08:00 closes 16:30
  BOT_D_gold_ny_breakout: no trade -- outside window: 01:10 London, opens 14:30 closes 20:00
  BOT_E_eurusd_london_breakout: no trade -- outside window: 01:10 London, opens 08:00 closes 17:00
  BOT_F_nas100_vwap_reversion: NOT ELIGIBLE -- regime TRANSITION is structurally wrong for this bot
  BOT_G_nas100_h4_pullback: NOT ELIGIBLE -- regime TRANSITION is structurally wrong for this bot
  BOT_H_gold_sweep_reclaim: no trade -- outside window: 01:10 London

  CIO: 0 candidate(s); 0 funded, 0.000% total risk

===== cycle 2026-09-04 00:10:54 UTC (host local 2026-09-03 17:10:54) =====
DEMO GATE OK -> 1514487471 FTMO-Demo equity 99953.66
  bar-vs-tick gap 54s (diagnostic only; freshness is decided by clock_state after exits and reconciliation)
PREFLIGHT OK -- account, clock, data, state, ledgers all verified
  CLOCK FEED_FRESH: feed advancing, age in band, host within tolerance
profit +0.01%  daily headroom 5.00%  total headroom 10.01%  trading days 3

  DESK CLOCK 2026-09-04 01:10 London (broker)
  MARKET EURUSD      WEAK_TREND,AT_HTF_LEVEL,RISK_ON
  MARKET US100.cash  TRANSITION,AT_HTF_LEVEL,RISK_ON
  MARKET US500.cash  WEAK_TREND,EXPANSION,AT_HTF_LEVEL,RISK_ON
  MARKET XAUUSD      WEAK_TREND,EXPANSION,AT_HTF_LEVEL,RISK_ON
  BOT_A_gold_0630_breakout: no trade -- outside window: 01:10 London, opens 06:30 closes 16:00
  BOT_B_nas100_usopen_breakout: NOT ELIGIBLE -- regime TRANSITION is structurally wrong for this bot
  BOT_C_sp500_london_breakout: no trade -- outside window: 01:10 London, opens 08:00 closes 16:30
  BOT_D_gold_ny_breakout: no trade -- outside window: 01:10 London, opens 14:30 closes 20:00
  BOT_E_eurusd_london_breakout: no trade -- outside window: 01:10 London, opens 08:00 closes 17:00
  BOT_F_nas100_vwap_reversion: NOT ELIGIBLE -- regime TRANSITION is structurally wrong for this bot
  BOT_G_nas100_h4_pullback: NOT ELIGIBLE -- regime TRANSITION is structurally wrong for this bot
  BOT_H_gold_sweep_reclaim: no trade -- outside window: 01:10 London

  CIO: 0 candidate(s); 0 funded, 0.000% total risk

===== cycle 2026-09-04 00:11:01 UTC (host local 2026-09-03 17:11:01) =====
DEMO GATE OK -> 1514487471 FTMO-Demo equity 99953.66
  bar-vs-tick gap 2s (diagnostic only; freshness is decided by clock_state after exits and reconciliation)
PREFLIGHT OK -- account, clock, data, state, ledgers all verified
  CLOCK FEED_FRESH: feed advancing, age in band, host within tolerance
profit +0.01%  daily headroom 5.00%  total headroom 10.01%  trading days 3

  DESK CLOCK 2026-09-04 01:11 London (broker)
  MARKET EURUSD      WEAK_TREND,AT_HTF_LEVEL,RISK_ON
  MARKET US100.cash  TRANSITION,AT_HTF_LEVEL,RISK_ON
  MARKET US500.cash  WEAK_TREND,EXPANSION,AT_HTF_LEVEL,RISK_OFF
  MARKET XAUUSD      WEAK_TREND,EXPANSION,AT_HTF_LEVEL,RISK_ON
  BOT_A_gold_0630_breakout: no trade -- outside window: 01:11 London, opens 06:30 closes 16:00
  BOT_B_nas100_usopen_breakout: NOT ELIGIBLE -- regime TRANSITION is structurally wrong for this bot
  BOT_C_sp500_london_breakout: no trade -- outside window: 01:11 London, opens 08:00 closes 16:30
  BOT_D_gold_ny_breakout: no trade -- outside window: 01:11 London, opens 14:30 closes 20:00
  BOT_E_eurusd_london_breakout: no trade -- outside window: 01:11 London, opens 08:00 closes 17:00
  BOT_F_nas100_vwap_reversion: NOT ELIGIBLE -- regime TRANSITION is structurally wrong for this bot
  BOT_G_nas100_h4_pullback: NOT ELIGIBLE -- regime TRANSITION is structurally wrong for this bot
  BOT_H_gold_sweep_reclaim: no trade -- outside window: 01:11 London

  CIO: 0 candidate(s); 0 funded, 0.000% total risk

===== cycle 2026-09-04 00:11:55 UTC (host local 2026-09-03 17:11:55) =====
DEMO GATE OK -> 1514487471 FTMO-Demo equity 99953.66
  bar-vs-tick gap 56s (diagnostic only; freshness is decided by clock_state after exits and reconciliation)
PREFLIGHT OK -- account, clock, data, state, ledgers all verified
  CLOCK FEED_FRESH: feed advancing, age in band, host within tolerance
profit +0.01%  daily headroom 5.00%  total headroom 10.01%  trading days 3

  DESK CLOCK 2026-09-04 01:11 London (broker)
  MARKET EURUSD      WEAK_TREND,AT_HTF_LEVEL,RISK_ON
  MARKET US100.cash  TRANSITION,AT_HTF_LEVEL,RISK_ON
  MARKET US500.cash  WEAK_TREND,EXPANSION,AT_HTF_LEVEL,RISK_ON
  MARKET XAUUSD      WEAK_TREND,EXPANSION,AT_HTF_LEVEL,RISK_ON
  BOT_A_gold_0630_breakout: no trade -- outside window: 01:11 London, opens 06:30 closes 16:00
  BOT_B_nas100_usopen_breakout: NOT ELIGIBLE -- regime TRANSITION is structurally wrong for this bot
  BOT_C_sp500_london_breakout: no trade -- outside window: 01:11 London, opens 08:00 closes 16:30
  BOT_D_gold_ny_breakout: no trade -- outside window: 01:11 London, opens 14:30 closes 20:00
  BOT_E_eurusd_london_breakout: no trade -- outside window: 01:11 London, opens 08:00 closes 17:00
  BOT_F_nas100_vwap_reversion: NOT ELIGIBLE -- regime TRANSITION is structurally wrong for this bot
  BOT_G_nas100_h4_pullback: NOT ELIGIBLE -- regime TRANSITION is structurally wrong for this bot
  BOT_H_gold_sweep_reclaim: no trade -- outside window: 01:11 London

  CIO: 0 candidate(s); 0 funded, 0.000% total risk

===== cycle 2026-09-04 00:12:01 UTC (host local 2026-09-03 17:12:01) =====
DEMO GATE OK -> 1514487471 FTMO-Demo equity 99953.66
  bar-vs-tick gap 2s (diagnostic only; freshness is decided by clock_state after exits and reconciliation)
PREFLIGHT OK -- account, clock, data, state, ledgers all verified
  CLOCK FEED_FRESH: feed advancing, age in band, host within tolerance
profit +0.01%  daily headroom 5.00%  total headroom 10.01%  trading days 3

  DESK CLOCK 2026-09-04 01:12 London (broker)
  MARKET EURUSD      WEAK_TREND,AT_HTF_LEVEL,RISK_ON
  MARKET US100.cash  TRANSITION,AT_HTF_LEVEL,RISK_ON
  MARKET US500.cash  WEAK_TREND,EXPANSION,AT_HTF_LEVEL,RISK_ON
  MARKET XAUUSD      WEAK_TREND,EXPANSION,AT_HTF_LEVEL,RISK_ON
  BOT_A_gold_0630_breakout: no trade -- outside window: 01:12 London, opens 06:30 closes 16:00
  BOT_B_nas100_usopen_breakout: NOT ELIGIBLE -- regime TRANSITION is structurally wrong for this bot
  BOT_C_sp500_london_breakout: no trade -- outside window: 01:12 London, opens 08:00 closes 16:30
  BOT_D_gold_ny_breakout: no trade -- outside window: 01:12 London, opens 14:30 closes 20:00
  BOT_E_eurusd_london_breakout: no trade -- outside window: 01:12 London, opens 08:00 closes 17:00
  BOT_F_nas100_vwap_reversion: NOT ELIGIBLE -- regime TRANSITION is structurally wrong for this bot
  BOT_G_nas100_h4_pullback: NOT ELIGIBLE -- regime TRANSITION is structurally wrong for this bot
  BOT_H_gold_sweep_reclaim: no trade -- outside window: 01:12 London

  CIO: 0 candidate(s); 0 funded, 0.000% total risk

===== cycle 2026-09-04 00:12:56 UTC (host local 2026-09-03 17:12:56) =====
DEMO GATE OK -> 1514487471 FTMO-Demo equity 99953.66
  bar-vs-tick gap 57s (diagnostic only; freshness is decided by clock_state after exits and reconciliation)
PREFLIGHT OK -- account, clock, data, state, ledgers all verified
  CLOCK FEED_FRESH: feed advancing, age in band, host within tolerance
profit +0.01%  daily headroom 5.00%  total headroom 10.01%  trading days 3

  DESK CLOCK 2026-09-04 01:12 London (broker)
  MARKET EURUSD      WEAK_TREND,AT_HTF_LEVEL,RISK_ON
  MARKET US100.cash  TRANSITION,AT_HTF_LEVEL,RISK_ON
  MARKET US500.cash  WEAK_TREND,EXPANSION,AT_HTF_LEVEL,RISK_ON
  MARKET XAUUSD      WEAK_TREND,EXPANSION,AT_HTF_LEVEL,RISK_ON
  BOT_A_gold_0630_breakout: no trade -- outside window: 01:12 London, opens 06:30 closes 16:00
  BOT_B_nas100_usopen_breakout: NOT ELIGIBLE -- regime TRANSITION is structurally wrong for this bot
  BOT_C_sp500_london_breakout: no trade -- outside window: 01:12 London, opens 08:00 closes 16:30
  BOT_D_gold_ny_breakout: no trade -- outside window: 01:12 London, opens 14:30 closes 20:00
  BOT_E_eurusd_london_breakout: no trade -- outside window: 01:12 London, opens 08:00 closes 17:00
  BOT_F_nas100_vwap_reversion: NOT ELIGIBLE -- regime TRANSITION is structurally wrong for this bot
  BOT_G_nas100_h4_pullback: NOT ELIGIBLE -- regime TRANSITION is structurally wrong for this bot
  BOT_H_gold_sweep_reclaim: no trade -- outside window: 01:12 London

  CIO: 0 candidate(s); 0 funded, 0.000% total risk

===== cycle 2026-09-04 00:13:01 UTC (host local 2026-09-03 17:13:01) =====
DEMO GATE OK -> 1514487471 FTMO-Demo equity 99953.66
  bar-vs-tick gap 2s (diagnostic only; freshness is decided by clock_state after exits and reconciliation)
PREFLIGHT OK -- account, clock, data, state, ledgers all verified
  CLOCK FEED_FRESH: feed advancing, age in band, host within tolerance
profit +0.01%  daily headroom 5.00%  total headroom 10.01%  trading days 3

  DESK CLOCK 2026-09-04 01:13 London (broker)
  MARKET EURUSD      WEAK_TREND,AT_HTF_LEVEL,RISK_ON
  MARKET US100.cash  TRANSITION,AT_HTF_LEVEL,RISK_ON
  MARKET US500.cash  WEAK_TREND,EXPANSION,AT_HTF_LEVEL,RISK_ON
  MARKET XAUUSD      WEAK_TREND,EXPANSION,AT_HTF_LEVEL,RISK_ON
  BOT_A_gold_0630_breakout: no trade -- outside window: 01:13 London, opens 06:30 closes 16:00
  BOT_B_nas100_usopen_breakout: NOT ELIGIBLE -- regime TRANSITION is structurally wrong for this bot
  BOT_C_sp500_london_breakout: no trade -- outside window: 01:13 London, opens 08:00 closes 16:30
  BOT_D_gold_ny_breakout: no trade -- outside window: 01:13 London, opens 14:30 closes 20:00
  BOT_E_eurusd_london_breakout: no trade -- outside window: 01:13 London, opens 08:00 closes 17:00
  BOT_F_nas100_vwap_reversion: NOT ELIGIBLE -- regime TRANSITION is structurally wrong for this bot
  BOT_G_nas100_h4_pullback: NOT ELIGIBLE -- regime TRANSITION is structurally wrong for this bot
  BOT_H_gold_sweep_reclaim: no trade -- outside window: 01:13 London

  CIO: 0 candidate(s); 0 funded, 0.000% total risk

===== cycle 2026-09-04 00:13:58 UTC (host local 2026-09-03 17:13:58) =====
DEMO GATE OK -> 1514487471 FTMO-Demo equity 99953.66
  bar-vs-tick gap 58s (diagnostic only; freshness is decided by clock_state after exits and reconciliation)
PREFLIGHT OK -- account, clock, data, state, ledgers all verified
  CLOCK FEED_FRESH: feed advancing, age in band, host within tolerance
profit +0.01%  daily headroom 5.00%  total headroom 10.01%  trading days 3

  DESK CLOCK 2026-09-04 01:13 London (broker)
  MARKET EURUSD      WEAK_TREND,AT_HTF_LEVEL,RISK_ON
  MARKET US100.cash  TRANSITION,AT_HTF_LEVEL,RISK_ON
  MARKET US500.cash  WEAK_TREND,EXPANSION,AT_HTF_LEVEL,RISK_OFF
  MARKET XAUUSD      WEAK_TREND,EXPANSION,AT_HTF_LEVEL,RISK_ON
  BOT_A_gold_0630_breakout: no trade -- outside window: 01:13 London, opens 06:30 closes 16:00
  BOT_B_nas100_usopen_breakout: NOT ELIGIBLE -- regime TRANSITION is structurally wrong for this bot
  BOT_C_sp500_london_breakout: no trade -- outside window: 01:13 London, opens 08:00 closes 16:30
  BOT_D_gold_ny_breakout: no trade -- outside window: 01:13 London, opens 14:30 closes 20:00
  BOT_E_eurusd_london_breakout: no trade -- outside window: 01:13 London, opens 08:00 closes 17:00
  BOT_F_nas100_vwap_reversion: NOT ELIGIBLE -- regime TRANSITION is structurally wrong for this bot
  BOT_G_nas100_h4_pullback: NOT ELIGIBLE -- regime TRANSITION is structurally wrong for this bot
  BOT_H_gold_sweep_reclaim: no trade -- outside window: 01:13 London

  CIO: 0 candidate(s); 0 funded, 0.000% total risk

===== cycle 2026-09-04 00:14:01 UTC (host local 2026-09-03 17:14:01) =====
DEMO GATE OK -> 1514487471 FTMO-Demo equity 99953.66
  bar-vs-tick gap 2s (diagnostic only; freshness is decided by clock_state after exits and reconciliation)
PREFLIGHT OK -- account, clock, data, state, ledgers all verified
  CLOCK FEED_FRESH: feed advancing, age in band, host within tolerance
profit +0.01%  daily headroom 5.00%  total headroom 10.01%  trading days 3

  DESK CLOCK 2026-09-04 01:14 London (broker)
  MARKET EURUSD      WEAK_TREND,AT_HTF_LEVEL,RISK_ON
  MARKET US100.cash  TRANSITION,AT_HTF_LEVEL,RISK_ON
  MARKET US500.cash  WEAK_TREND,EXPANSION,AT_HTF_LEVEL,RISK_OFF
  MARKET XAUUSD      WEAK_TREND,EXPANSION,AT_HTF_LEVEL,RISK_ON
  BOT_A_gold_0630_breakout: no trade -- outside window: 01:14 London, opens 06:30 closes 16:00
  BOT_B_nas100_usopen_breakout: NOT ELIGIBLE -- regime TRANSITION is structurally wrong for this bot
  BOT_C_sp500_london_breakout: no trade -- outside window: 01:14 London, opens 08:00 closes 16:30
  BOT_D_gold_ny_breakout: no trade -- outside window: 01:14 London, opens 14:30 closes 20:00
  BOT_E_eurusd_london_breakout: no trade -- outside window: 01:14 London, opens 08:00 closes 17:00
  BOT_F_nas100_vwap_reversion: NOT ELIGIBLE -- regime TRANSITION is structurally wrong for this bot
  BOT_G_nas100_h4_pullback: NOT ELIGIBLE -- regime TRANSITION is structurally wrong for this bot
  BOT_H_gold_sweep_reclaim: no trade -- outside window: 01:14 London

  CIO: 0 candidate(s); 0 funded, 0.000% total risk

===== cycle 2026-09-04 00:14:59 UTC (host local 2026-09-03 17:14:59) =====
DEMO GATE OK -> 1514487471 FTMO-Demo equity 99953.66
  bar-vs-tick gap 59s (diagnostic only; freshness is decided by clock_state after exits and reconciliation)
PREFLIGHT OK -- account, clock, data, state, ledgers all verified
  CLOCK FEED_FRESH: feed advancing, age in band, host within tolerance
profit +0.01%  daily headroom 5.00%  total headroom 10.01%  trading days 3

  DESK CLOCK 2026-09-04 01:14 London (broker)
  MARKET EURUSD      WEAK_TREND,AT_HTF_LEVEL,RISK_ON
  MARKET US100.cash  TRANSITION,AT_HTF_LEVEL,RISK_ON
  MARKET US500.cash  WEAK_TREND,EXPANSION,AT_HTF_LEVEL,RISK_OFF
  MARKET XAUUSD      WEAK_TREND,EXPANSION,AT_HTF_LEVEL,RISK_ON
  BOT_A_gold_0630_breakout: no trade -- outside window: 01:14 London, opens 06:30 closes 16:00
  BOT_B_nas100_usopen_breakout: NOT ELIGIBLE -- regime TRANSITION is structurally wrong for this bot
  BOT_C_sp500_london_breakout: no trade -- outside window: 01:14 London, opens 08:00 closes 16:30
  BOT_D_gold_ny_breakout: no trade -- outside window: 01:14 London, opens 14:30 closes 20:00
  BOT_E_eurusd_london_breakout: no trade -- outside window: 01:14 London, opens 08:00 closes 17:00
  BOT_F_nas100_vwap_reversion: NOT ELIGIBLE -- regime TRANSITION is structurally wrong for this bot
  BOT_G_nas100_h4_pullback: NOT ELIGIBLE -- regime TRANSITION is structurally wrong for this bot
  BOT_H_gold_sweep_reclaim: no trade -- outside window: 01:14 London

  CIO: 0 candidate(s); 0 funded, 0.000% total risk

===== cycle 2026-09-04 00:15:01 UTC (host local 2026-09-03 17:15:01) =====
DEMO GATE OK -> 1514487471 FTMO-Demo equity 99953.66
  bar-vs-tick gap 2s (diagnostic only; freshness is decided by clock_state after exits and reconciliation)
PREFLIGHT OK -- account, clock, data, state, ledgers all verified
  CLOCK FEED_FRESH: feed advancing, age in band, host within tolerance
profit +0.01%  daily headroom 5.00%  total headroom 10.01%  trading days 3

  DESK CLOCK 2026-09-04 01:15 London (broker)
  MARKET EURUSD      WEAK_TREND,AT_HTF_LEVEL,RISK_ON
  MARKET US100.cash  TRANSITION,AT_HTF_LEVEL,RISK_ON
  MARKET US500.cash  WEAK_TREND,EXPANSION,AT_HTF_LEVEL,RISK_OFF
  MARKET XAUUSD      WEAK_TREND,EXPANSION,AT_HTF_LEVEL,RISK_ON
  BOT_A_gold_0630_breakout: no trade -- outside window: 01:15 London, opens 06:30 closes 16:00
  BOT_B_nas100_usopen_breakout: NOT ELIGIBLE -- regime TRANSITION is structurally wrong for this bot
  BOT_C_sp500_london_breakout: no trade -- outside window: 01:15 London, opens 08:00 closes 16:30
  BOT_D_gold_ny_breakout: no trade -- outside window: 01:15 London, opens 14:30 closes 20:00
  BOT_E_eurusd_london_breakout: no trade -- outside window: 01:15 London, opens 08:00 closes 17:00
  BOT_F_nas100_vwap_reversion: NOT ELIGIBLE -- regime TRANSITION is structurally wrong for this bot
  BOT_G_nas100_h4_pullback: NOT ELIGIBLE -- regime TRANSITION is structurally wrong for this bot
  BOT_H_gold_sweep_reclaim: no trade -- outside window: 01:15 London

  CIO: 0 candidate(s); 0 funded, 0.000% total risk
