
===== cycle 2026-09-02 00:00:01 UTC (host local 2026-09-01 17:00:01) =====
DEMO GATE OK -> 1514487471 FTMO-Demo equity 100000.00
  bar-vs-tick gap 2s (diagnostic only; freshness is decided by clock_state after exits and reconciliation)
PREFLIGHT OK -- account, clock, data, state, ledgers all verified
  CLOCK FEED_FRESH: feed advancing, age in band, host within tolerance
profit +0.06%  daily headroom 5.00%  total headroom 10.06%  trading days 2

  DESK CLOCK 2026-09-02 01:00 London (broker)
  MARKET EURUSD      TRANSITION,AT_HTF_LEVEL,RISK_ON
  MARKET US100.cash  TRANSITION,AT_HTF_LEVEL,RISK_ON
  MARKET US500.cash  TRANSITION,AT_HTF_LEVEL,RISK_OFF
  MARKET XAUUSD      TRANSITION,AT_HTF_LEVEL,RISK_OFF
  BOT_A_gold_0630_breakout: no trade -- outside window: 01:00 London, opens 06:30 closes 16:00
  BOT_B_nas100_usopen_breakout: NOT ELIGIBLE -- regime TRANSITION is structurally wrong for this bot
  BOT_C_sp500_london_breakout: no trade -- outside window: 01:00 London, opens 08:00 closes 16:30
  BOT_D_gold_ny_breakout: no trade -- outside window: 01:00 London, opens 14:30 closes 20:00
  BOT_E_eurusd_london_breakout: no trade -- outside window: 01:00 London, opens 08:00 closes 17:00
  BOT_F_nas100_vwap_reversion: NOT ELIGIBLE -- regime TRANSITION is structurally wrong for this bot
  BOT_G_nas100_h4_pullback: NOT ELIGIBLE -- regime TRANSITION is structurally wrong for this bot
  BOT_H_gold_sweep_reclaim: no trade -- outside window: 01:00 London

  CIO: 0 candidate(s); 0 funded, 0.000% total risk
