
===== cycle 2026-09-06 00:00:01 UTC (host local 2026-09-05 17:00:01) =====
DEMO GATE OK -> 1514487471 FTMO-Demo equity 99995.90
  bar-vs-tick gap 359s (diagnostic only; freshness is decided by clock_state after exits and reconciliation)
  ! HOST CLOCK is 1445.1 min from the broker's. Session windows are UNAFFECTED (offset is hour-rounded), but fix it: the hypervisor time provider usually needs disabling before w32time will hold.
PREFLIGHT OK -- account, clock, data, state, ledgers all verified
  CLOCK BOOTSTRAPPING: awaiting advancement proof
  NO NEW ENTRIES THIS CYCLE -- a trustworthy current market clock could not be established. Open positions keep their broker stops; exits and reconciliation have already run.

===== cycle 2026-09-06 00:00:29 UTC (host local 2026-09-05 17:00:29) =====
DEMO GATE OK -> 1514487471 FTMO-Demo equity 99995.90
  bar-vs-tick gap 359s (diagnostic only; freshness is decided by clock_state after exits and reconciliation)
  ! HOST CLOCK is 1445.5 min from the broker's. Session windows are UNAFFECTED (offset is hour-rounded), but fix it: the hypervisor time provider usually needs disabling before w32time will hold.
PREFLIGHT OK -- account, clock, data, state, ledgers all verified
  CLOCK BOOTSTRAPPING: awaiting advancement proof
  NO NEW ENTRIES THIS CYCLE -- a trustworthy current market clock could not be established. Open positions keep their broker stops; exits and reconciliation have already run.

===== cycle 2026-09-06 00:01:01 UTC (host local 2026-09-05 17:01:01) =====
DEMO GATE OK -> 1514487471 FTMO-Demo equity 99995.90
  bar-vs-tick gap 359s (diagnostic only; freshness is decided by clock_state after exits and reconciliation)
  ! HOST CLOCK is 1446.1 min from the broker's. Session windows are UNAFFECTED (offset is hour-rounded), but fix it: the hypervisor time provider usually needs disabling before w32time will hold.
PREFLIGHT OK -- account, clock, data, state, ledgers all verified
  CLOCK BOOTSTRAPPING: awaiting advancement proof
  NO NEW ENTRIES THIS CYCLE -- a trustworthy current market clock could not be established. Open positions keep their broker stops; exits and reconciliation have already run.

===== cycle 2026-09-06 00:01:30 UTC (host local 2026-09-05 17:01:30) =====
DEMO GATE OK -> 1514487471 FTMO-Demo equity 99995.90
  bar-vs-tick gap 359s (diagnostic only; freshness is decided by clock_state after exits and reconciliation)
  ! HOST CLOCK is 1446.5 min from the broker's. Session windows are UNAFFECTED (offset is hour-rounded), but fix it: the hypervisor time provider usually needs disabling before w32time will hold.
PREFLIGHT OK -- account, clock, data, state, ledgers all verified
  CLOCK BOOTSTRAPPING: awaiting advancement proof
  NO NEW ENTRIES THIS CYCLE -- a trustworthy current market clock could not be established. Open positions keep their broker stops; exits and reconciliation have already run.

===== cycle 2026-09-06 00:02:01 UTC (host local 2026-09-05 17:02:01) =====
DEMO GATE OK -> 1514487471 FTMO-Demo equity 99995.90
  bar-vs-tick gap 359s (diagnostic only; freshness is decided by clock_state after exits and reconciliation)
  ! HOST CLOCK is 1447.1 min from the broker's. Session windows are UNAFFECTED (offset is hour-rounded), but fix it: the hypervisor time provider usually needs disabling before w32time will hold.
PREFLIGHT OK -- account, clock, data, state, ledgers all verified
  CLOCK BOOTSTRAPPING: awaiting advancement proof
  NO NEW ENTRIES THIS CYCLE -- a trustworthy current market clock could not be established. Open positions keep their broker stops; exits and reconciliation have already run.

===== cycle 2026-09-06 00:02:31 UTC (host local 2026-09-05 17:02:31) =====
DEMO GATE OK -> 1514487471 FTMO-Demo equity 99995.90
  bar-vs-tick gap 359s (diagnostic only; freshness is decided by clock_state after exits and reconciliation)
  ! HOST CLOCK is 1447.6 min from the broker's. Session windows are UNAFFECTED (offset is hour-rounded), but fix it: the hypervisor time provider usually needs disabling before w32time will hold.
PREFLIGHT OK -- account, clock, data, state, ledgers all verified
  CLOCK BOOTSTRAPPING: awaiting advancement proof
  NO NEW ENTRIES THIS CYCLE -- a trustworthy current market clock could not be established. Open positions keep their broker stops; exits and reconciliation have already run.

===== cycle 2026-09-06 00:03:01 UTC (host local 2026-09-05 17:03:01) =====
DEMO GATE OK -> 1514487471 FTMO-Demo equity 99995.90
  bar-vs-tick gap 359s (diagnostic only; freshness is decided by clock_state after exits and reconciliation)
  ! HOST CLOCK is 1448.1 min from the broker's. Session windows are UNAFFECTED (offset is hour-rounded), but fix it: the hypervisor time provider usually needs disabling before w32time will hold.
PREFLIGHT OK -- account, clock, data, state, ledgers all verified
  CLOCK BOOTSTRAPPING: awaiting advancement proof
  NO NEW ENTRIES THIS CYCLE -- a trustworthy current market clock could not be established. Open positions keep their broker stops; exits and reconciliation have already run.

===== cycle 2026-09-06 00:03:32 UTC (host local 2026-09-05 17:03:32) =====
DEMO GATE OK -> 1514487471 FTMO-Demo equity 99995.90
  bar-vs-tick gap 359s (diagnostic only; freshness is decided by clock_state after exits and reconciliation)
  ! HOST CLOCK is 1448.6 min from the broker's. Session windows are UNAFFECTED (offset is hour-rounded), but fix it: the hypervisor time provider usually needs disabling before w32time will hold.
PREFLIGHT OK -- account, clock, data, state, ledgers all verified
  CLOCK BOOTSTRAPPING: awaiting advancement proof
  NO NEW ENTRIES THIS CYCLE -- a trustworthy current market clock could not be established. Open positions keep their broker stops; exits and reconciliation have already run.

===== cycle 2026-09-06 00:04:01 UTC (host local 2026-09-05 17:04:01) =====
DEMO GATE OK -> 1514487471 FTMO-Demo equity 99995.90
  bar-vs-tick gap 359s (diagnostic only; freshness is decided by clock_state after exits and reconciliation)
  ! HOST CLOCK is 1449.1 min from the broker's. Session windows are UNAFFECTED (offset is hour-rounded), but fix it: the hypervisor time provider usually needs disabling before w32time will hold.
PREFLIGHT OK -- account, clock, data, state, ledgers all verified
  CLOCK BOOTSTRAPPING: awaiting advancement proof
  NO NEW ENTRIES THIS CYCLE -- a trustworthy current market clock could not be established. Open positions keep their broker stops; exits and reconciliation have already run.

===== cycle 2026-09-06 00:04:33 UTC (host local 2026-09-05 17:04:33) =====
DEMO GATE OK -> 1514487471 FTMO-Demo equity 99995.90
  bar-vs-tick gap 359s (diagnostic only; freshness is decided by clock_state after exits and reconciliation)
  ! HOST CLOCK is 1449.6 min from the broker's. Session windows are UNAFFECTED (offset is hour-rounded), but fix it: the hypervisor time provider usually needs disabling before w32time will hold.
PREFLIGHT OK -- account, clock, data, state, ledgers all verified
  CLOCK BOOTSTRAPPING: awaiting advancement proof
  NO NEW ENTRIES THIS CYCLE -- a trustworthy current market clock could not be established. Open positions keep their broker stops; exits and reconciliation have already run.

===== cycle 2026-09-06 00:05:01 UTC (host local 2026-09-05 17:05:01) =====
DEMO GATE OK -> 1514487471 FTMO-Demo equity 99995.90
  bar-vs-tick gap 359s (diagnostic only; freshness is decided by clock_state after exits and reconciliation)
  ! HOST CLOCK is 1450.1 min from the broker's. Session windows are UNAFFECTED (offset is hour-rounded), but fix it: the hypervisor time provider usually needs disabling before w32time will hold.
PREFLIGHT OK -- account, clock, data, state, ledgers all verified
  CLOCK BOOTSTRAPPING: awaiting advancement proof
  NO NEW ENTRIES THIS CYCLE -- a trustworthy current market clock could not be established. Open positions keep their broker stops; exits and reconciliation have already run.

===== cycle 2026-09-06 00:05:34 UTC (host local 2026-09-05 17:05:34) =====
DEMO GATE OK -> 1514487471 FTMO-Demo equity 99995.90
  bar-vs-tick gap 359s (diagnostic only; freshness is decided by clock_state after exits and reconciliation)
  ! HOST CLOCK is 1450.6 min from the broker's. Session windows are UNAFFECTED (offset is hour-rounded), but fix it: the hypervisor time provider usually needs disabling before w32time will hold.
PREFLIGHT OK -- account, clock, data, state, ledgers all verified
  CLOCK BOOTSTRAPPING: awaiting advancement proof
  NO NEW ENTRIES THIS CYCLE -- a trustworthy current market clock could not be established. Open positions keep their broker stops; exits and reconciliation have already run.

===== cycle 2026-09-06 00:06:01 UTC (host local 2026-09-05 17:06:01) =====
DEMO GATE OK -> 1514487471 FTMO-Demo equity 99995.90
  bar-vs-tick gap 359s (diagnostic only; freshness is decided by clock_state after exits and reconciliation)
  ! HOST CLOCK is 1451.1 min from the broker's. Session windows are UNAFFECTED (offset is hour-rounded), but fix it: the hypervisor time provider usually needs disabling before w32time will hold.
PREFLIGHT OK -- account, clock, data, state, ledgers all verified
  CLOCK BOOTSTRAPPING: awaiting advancement proof
  NO NEW ENTRIES THIS CYCLE -- a trustworthy current market clock could not be established. Open positions keep their broker stops; exits and reconciliation have already run.

===== cycle 2026-09-06 00:06:35 UTC (host local 2026-09-05 17:06:35) =====
DEMO GATE OK -> 1514487471 FTMO-Demo equity 99995.90
  bar-vs-tick gap 359s (diagnostic only; freshness is decided by clock_state after exits and reconciliation)
  ! HOST CLOCK is 1451.6 min from the broker's. Session windows are UNAFFECTED (offset is hour-rounded), but fix it: the hypervisor time provider usually needs disabling before w32time will hold.
PREFLIGHT OK -- account, clock, data, state, ledgers all verified
  CLOCK BOOTSTRAPPING: awaiting advancement proof
  NO NEW ENTRIES THIS CYCLE -- a trustworthy current market clock could not be established. Open positions keep their broker stops; exits and reconciliation have already run.

===== cycle 2026-09-06 00:07:01 UTC (host local 2026-09-05 17:07:01) =====
DEMO GATE OK -> 1514487471 FTMO-Demo equity 99995.90
  bar-vs-tick gap 359s (diagnostic only; freshness is decided by clock_state after exits and reconciliation)
  ! HOST CLOCK is 1452.1 min from the broker's. Session windows are UNAFFECTED (offset is hour-rounded), but fix it: the hypervisor time provider usually needs disabling before w32time will hold.
PREFLIGHT OK -- account, clock, data, state, ledgers all verified
  CLOCK BOOTSTRAPPING: awaiting advancement proof
  NO NEW ENTRIES THIS CYCLE -- a trustworthy current market clock could not be established. Open positions keep their broker stops; exits and reconciliation have already run.

===== cycle 2026-09-06 00:07:36 UTC (host local 2026-09-05 17:07:36) =====
DEMO GATE OK -> 1514487471 FTMO-Demo equity 99995.90
  bar-vs-tick gap 359s (diagnostic only; freshness is decided by clock_state after exits and reconciliation)
  ! HOST CLOCK is 1452.6 min from the broker's. Session windows are UNAFFECTED (offset is hour-rounded), but fix it: the hypervisor time provider usually needs disabling before w32time will hold.
PREFLIGHT OK -- account, clock, data, state, ledgers all verified
  CLOCK BOOTSTRAPPING: awaiting advancement proof
  NO NEW ENTRIES THIS CYCLE -- a trustworthy current market clock could not be established. Open positions keep their broker stops; exits and reconciliation have already run.

===== cycle 2026-09-06 00:08:01 UTC (host local 2026-09-05 17:08:01) =====
DEMO GATE OK -> 1514487471 FTMO-Demo equity 99995.90
  bar-vs-tick gap 359s (diagnostic only; freshness is decided by clock_state after exits and reconciliation)
  ! HOST CLOCK is 1453.1 min from the broker's. Session windows are UNAFFECTED (offset is hour-rounded), but fix it: the hypervisor time provider usually needs disabling before w32time will hold.
PREFLIGHT OK -- account, clock, data, state, ledgers all verified
  CLOCK BOOTSTRAPPING: awaiting advancement proof
  NO NEW ENTRIES THIS CYCLE -- a trustworthy current market clock could not be established. Open positions keep their broker stops; exits and reconciliation have already run.

===== cycle 2026-09-06 00:08:37 UTC (host local 2026-09-05 17:08:37) =====
DEMO GATE OK -> 1514487471 FTMO-Demo equity 99995.90
  bar-vs-tick gap 359s (diagnostic only; freshness is decided by clock_state after exits and reconciliation)
  ! HOST CLOCK is 1453.7 min from the broker's. Session windows are UNAFFECTED (offset is hour-rounded), but fix it: the hypervisor time provider usually needs disabling before w32time will hold.
PREFLIGHT OK -- account, clock, data, state, ledgers all verified
  CLOCK BOOTSTRAPPING: awaiting advancement proof
  NO NEW ENTRIES THIS CYCLE -- a trustworthy current market clock could not be established. Open positions keep their broker stops; exits and reconciliation have already run.

===== cycle 2026-09-06 00:09:01 UTC (host local 2026-09-05 17:09:01) =====
DEMO GATE OK -> 1514487471 FTMO-Demo equity 99995.90
  bar-vs-tick gap 359s (diagnostic only; freshness is decided by clock_state after exits and reconciliation)
  ! HOST CLOCK is 1454.1 min from the broker's. Session windows are UNAFFECTED (offset is hour-rounded), but fix it: the hypervisor time provider usually needs disabling before w32time will hold.
PREFLIGHT OK -- account, clock, data, state, ledgers all verified
  CLOCK BOOTSTRAPPING: awaiting advancement proof
  NO NEW ENTRIES THIS CYCLE -- a trustworthy current market clock could not be established. Open positions keep their broker stops; exits and reconciliation have already run.

===== cycle 2026-09-06 00:09:38 UTC (host local 2026-09-05 17:09:38) =====
DEMO GATE OK -> 1514487471 FTMO-Demo equity 99995.90
  bar-vs-tick gap 359s (diagnostic only; freshness is decided by clock_state after exits and reconciliation)
  ! HOST CLOCK is 1454.7 min from the broker's. Session windows are UNAFFECTED (offset is hour-rounded), but fix it: the hypervisor time provider usually needs disabling before w32time will hold.
PREFLIGHT OK -- account, clock, data, state, ledgers all verified
  CLOCK BOOTSTRAPPING: awaiting advancement proof
  NO NEW ENTRIES THIS CYCLE -- a trustworthy current market clock could not be established. Open positions keep their broker stops; exits and reconciliation have already run.

===== cycle 2026-09-06 00:10:01 UTC (host local 2026-09-05 17:10:01) =====
DEMO GATE OK -> 1514487471 FTMO-Demo equity 99995.90
  bar-vs-tick gap 359s (diagnostic only; freshness is decided by clock_state after exits and reconciliation)
  ! HOST CLOCK is 1455.1 min from the broker's. Session windows are UNAFFECTED (offset is hour-rounded), but fix it: the hypervisor time provider usually needs disabling before w32time will hold.
PREFLIGHT OK -- account, clock, data, state, ledgers all verified
  CLOCK BOOTSTRAPPING: awaiting advancement proof
  NO NEW ENTRIES THIS CYCLE -- a trustworthy current market clock could not be established. Open positions keep their broker stops; exits and reconciliation have already run.

===== cycle 2026-09-06 00:10:39 UTC (host local 2026-09-05 17:10:39) =====
DEMO GATE OK -> 1514487471 FTMO-Demo equity 99995.90
  bar-vs-tick gap 359s (diagnostic only; freshness is decided by clock_state after exits and reconciliation)
  ! HOST CLOCK is 1455.7 min from the broker's. Session windows are UNAFFECTED (offset is hour-rounded), but fix it: the hypervisor time provider usually needs disabling before w32time will hold.
PREFLIGHT OK -- account, clock, data, state, ledgers all verified
  CLOCK BOOTSTRAPPING: awaiting advancement proof
  NO NEW ENTRIES THIS CYCLE -- a trustworthy current market clock could not be established. Open positions keep their broker stops; exits and reconciliation have already run.

===== cycle 2026-09-06 00:11:01 UTC (host local 2026-09-05 17:11:01) =====
DEMO GATE OK -> 1514487471 FTMO-Demo equity 99995.90
  bar-vs-tick gap 359s (diagnostic only; freshness is decided by clock_state after exits and reconciliation)
  ! HOST CLOCK is 1456.1 min from the broker's. Session windows are UNAFFECTED (offset is hour-rounded), but fix it: the hypervisor time provider usually needs disabling before w32time will hold.
PREFLIGHT OK -- account, clock, data, state, ledgers all verified
  CLOCK BOOTSTRAPPING: awaiting advancement proof
  NO NEW ENTRIES THIS CYCLE -- a trustworthy current market clock could not be established. Open positions keep their broker stops; exits and reconciliation have already run.

===== cycle 2026-09-06 00:11:40 UTC (host local 2026-09-05 17:11:40) =====
DEMO GATE OK -> 1514487471 FTMO-Demo equity 99995.90
  bar-vs-tick gap 359s (diagnostic only; freshness is decided by clock_state after exits and reconciliation)
  ! HOST CLOCK is 1456.7 min from the broker's. Session windows are UNAFFECTED (offset is hour-rounded), but fix it: the hypervisor time provider usually needs disabling before w32time will hold.
PREFLIGHT OK -- account, clock, data, state, ledgers all verified
  CLOCK BOOTSTRAPPING: awaiting advancement proof
  NO NEW ENTRIES THIS CYCLE -- a trustworthy current market clock could not be established. Open positions keep their broker stops; exits and reconciliation have already run.

===== cycle 2026-09-06 00:12:01 UTC (host local 2026-09-05 17:12:01) =====
DEMO GATE OK -> 1514487471 FTMO-Demo equity 99995.90
  bar-vs-tick gap 359s (diagnostic only; freshness is decided by clock_state after exits and reconciliation)
  ! HOST CLOCK is 1457.1 min from the broker's. Session windows are UNAFFECTED (offset is hour-rounded), but fix it: the hypervisor time provider usually needs disabling before w32time will hold.
PREFLIGHT OK -- account, clock, data, state, ledgers all verified
  CLOCK BOOTSTRAPPING: awaiting advancement proof
  NO NEW ENTRIES THIS CYCLE -- a trustworthy current market clock could not be established. Open positions keep their broker stops; exits and reconciliation have already run.

===== cycle 2026-09-06 00:12:41 UTC (host local 2026-09-05 17:12:41) =====
DEMO GATE OK -> 1514487471 FTMO-Demo equity 99995.90
  bar-vs-tick gap 359s (diagnostic only; freshness is decided by clock_state after exits and reconciliation)
  ! HOST CLOCK is 1457.7 min from the broker's. Session windows are UNAFFECTED (offset is hour-rounded), but fix it: the hypervisor time provider usually needs disabling before w32time will hold.
PREFLIGHT OK -- account, clock, data, state, ledgers all verified
  CLOCK BOOTSTRAPPING: awaiting advancement proof
  NO NEW ENTRIES THIS CYCLE -- a trustworthy current market clock could not be established. Open positions keep their broker stops; exits and reconciliation have already run.

===== cycle 2026-09-06 00:13:01 UTC (host local 2026-09-05 17:13:01) =====
DEMO GATE OK -> 1514487471 FTMO-Demo equity 99995.90
  bar-vs-tick gap 359s (diagnostic only; freshness is decided by clock_state after exits and reconciliation)
  ! HOST CLOCK is 1458.1 min from the broker's. Session windows are UNAFFECTED (offset is hour-rounded), but fix it: the hypervisor time provider usually needs disabling before w32time will hold.
PREFLIGHT OK -- account, clock, data, state, ledgers all verified
  CLOCK BOOTSTRAPPING: awaiting advancement proof
  NO NEW ENTRIES THIS CYCLE -- a trustworthy current market clock could not be established. Open positions keep their broker stops; exits and reconciliation have already run.

===== cycle 2026-09-06 00:13:42 UTC (host local 2026-09-05 17:13:42) =====
DEMO GATE OK -> 1514487471 FTMO-Demo equity 99995.90
  bar-vs-tick gap 359s (diagnostic only; freshness is decided by clock_state after exits and reconciliation)
  ! HOST CLOCK is 1458.7 min from the broker's. Session windows are UNAFFECTED (offset is hour-rounded), but fix it: the hypervisor time provider usually needs disabling before w32time will hold.
PREFLIGHT OK -- account, clock, data, state, ledgers all verified
  CLOCK BOOTSTRAPPING: awaiting advancement proof
  NO NEW ENTRIES THIS CYCLE -- a trustworthy current market clock could not be established. Open positions keep their broker stops; exits and reconciliation have already run.

===== cycle 2026-09-06 00:14:01 UTC (host local 2026-09-05 17:14:01) =====
DEMO GATE OK -> 1514487471 FTMO-Demo equity 99995.90
  bar-vs-tick gap 359s (diagnostic only; freshness is decided by clock_state after exits and reconciliation)
  ! HOST CLOCK is 1459.1 min from the broker's. Session windows are UNAFFECTED (offset is hour-rounded), but fix it: the hypervisor time provider usually needs disabling before w32time will hold.
PREFLIGHT OK -- account, clock, data, state, ledgers all verified
  CLOCK BOOTSTRAPPING: awaiting advancement proof
  NO NEW ENTRIES THIS CYCLE -- a trustworthy current market clock could not be established. Open positions keep their broker stops; exits and reconciliation have already run.

===== cycle 2026-09-06 00:14:43 UTC (host local 2026-09-05 17:14:43) =====
DEMO GATE OK -> 1514487471 FTMO-Demo equity 99995.90
  bar-vs-tick gap 359s (diagnostic only; freshness is decided by clock_state after exits and reconciliation)
  ! HOST CLOCK is 1459.8 min from the broker's. Session windows are UNAFFECTED (offset is hour-rounded), but fix it: the hypervisor time provider usually needs disabling before w32time will hold.
PREFLIGHT OK -- account, clock, data, state, ledgers all verified
  CLOCK BOOTSTRAPPING: awaiting advancement proof
  NO NEW ENTRIES THIS CYCLE -- a trustworthy current market clock could not be established. Open positions keep their broker stops; exits and reconciliation have already run.

===== cycle 2026-09-06 00:15:01 UTC (host local 2026-09-05 17:15:01) =====
DEMO GATE OK -> 1514487471 FTMO-Demo equity 99995.90
  bar-vs-tick gap 359s (diagnostic only; freshness is decided by clock_state after exits and reconciliation)
  ! HOST CLOCK is 1460.1 min from the broker's. Session windows are UNAFFECTED (offset is hour-rounded), but fix it: the hypervisor time provider usually needs disabling before w32time will hold.
PREFLIGHT OK -- account, clock, data, state, ledgers all verified
  CLOCK BOOTSTRAPPING: awaiting advancement proof
  NO NEW ENTRIES THIS CYCLE -- a trustworthy current market clock could not be established. Open positions keep their broker stops; exits and reconciliation have already run.

===== cycle 2026-09-06 00:15:44 UTC (host local 2026-09-05 17:15:44) =====
DEMO GATE OK -> 1514487471 FTMO-Demo equity 99995.90
  bar-vs-tick gap 359s (diagnostic only; freshness is decided by clock_state after exits and reconciliation)
  ! HOST CLOCK is 1460.8 min from the broker's. Session windows are UNAFFECTED (offset is hour-rounded), but fix it: the hypervisor time provider usually needs disabling before w32time will hold.
PREFLIGHT OK -- account, clock, data, state, ledgers all verified
  CLOCK BOOTSTRAPPING: awaiting advancement proof
  NO NEW ENTRIES THIS CYCLE -- a trustworthy current market clock could not be established. Open positions keep their broker stops; exits and reconciliation have already run.

===== cycle 2026-09-06 00:16:01 UTC (host local 2026-09-05 17:16:01) =====
DEMO GATE OK -> 1514487471 FTMO-Demo equity 99995.90
  bar-vs-tick gap 359s (diagnostic only; freshness is decided by clock_state after exits and reconciliation)
  ! HOST CLOCK is 1461.1 min from the broker's. Session windows are UNAFFECTED (offset is hour-rounded), but fix it: the hypervisor time provider usually needs disabling before w32time will hold.
PREFLIGHT OK -- account, clock, data, state, ledgers all verified
  CLOCK BOOTSTRAPPING: awaiting advancement proof
  NO NEW ENTRIES THIS CYCLE -- a trustworthy current market clock could not be established. Open positions keep their broker stops; exits and reconciliation have already run.

===== cycle 2026-09-06 00:16:46 UTC (host local 2026-09-05 17:16:46) =====
DEMO GATE OK -> 1514487471 FTMO-Demo equity 99995.90
  bar-vs-tick gap 359s (diagnostic only; freshness is decided by clock_state after exits and reconciliation)
  ! HOST CLOCK is 1461.8 min from the broker's. Session windows are UNAFFECTED (offset is hour-rounded), but fix it: the hypervisor time provider usually needs disabling before w32time will hold.
PREFLIGHT OK -- account, clock, data, state, ledgers all verified
  CLOCK BOOTSTRAPPING: awaiting advancement proof
  NO NEW ENTRIES THIS CYCLE -- a trustworthy current market clock could not be established. Open positions keep their broker stops; exits and reconciliation have already run.

===== cycle 2026-09-06 00:17:01 UTC (host local 2026-09-05 17:17:01) =====
DEMO GATE OK -> 1514487471 FTMO-Demo equity 99995.90
  bar-vs-tick gap 359s (diagnostic only; freshness is decided by clock_state after exits and reconciliation)
  ! HOST CLOCK is 1462.1 min from the broker's. Session windows are UNAFFECTED (offset is hour-rounded), but fix it: the hypervisor time provider usually needs disabling before w32time will hold.
PREFLIGHT OK -- account, clock, data, state, ledgers all verified
  CLOCK BOOTSTRAPPING: awaiting advancement proof
  NO NEW ENTRIES THIS CYCLE -- a trustworthy current market clock could not be established. Open positions keep their broker stops; exits and reconciliation have already run.

===== cycle 2026-09-06 00:17:47 UTC (host local 2026-09-05 17:17:47) =====
DEMO GATE OK -> 1514487471 FTMO-Demo equity 99995.90
  bar-vs-tick gap 359s (diagnostic only; freshness is decided by clock_state after exits and reconciliation)
  ! HOST CLOCK is 1462.8 min from the broker's. Session windows are UNAFFECTED (offset is hour-rounded), but fix it: the hypervisor time provider usually needs disabling before w32time will hold.
PREFLIGHT OK -- account, clock, data, state, ledgers all verified
  CLOCK BOOTSTRAPPING: awaiting advancement proof
  NO NEW ENTRIES THIS CYCLE -- a trustworthy current market clock could not be established. Open positions keep their broker stops; exits and reconciliation have already run.

===== cycle 2026-09-06 00:18:01 UTC (host local 2026-09-05 17:18:01) =====
DEMO GATE OK -> 1514487471 FTMO-Demo equity 99995.90
  bar-vs-tick gap 359s (diagnostic only; freshness is decided by clock_state after exits and reconciliation)
  ! HOST CLOCK is 1463.1 min from the broker's. Session windows are UNAFFECTED (offset is hour-rounded), but fix it: the hypervisor time provider usually needs disabling before w32time will hold.
PREFLIGHT OK -- account, clock, data, state, ledgers all verified
  CLOCK BOOTSTRAPPING: awaiting advancement proof
  NO NEW ENTRIES THIS CYCLE -- a trustworthy current market clock could not be established. Open positions keep their broker stops; exits and reconciliation have already run.

===== cycle 2026-09-06 00:18:48 UTC (host local 2026-09-05 17:18:48) =====
DEMO GATE OK -> 1514487471 FTMO-Demo equity 99995.90
  bar-vs-tick gap 359s (diagnostic only; freshness is decided by clock_state after exits and reconciliation)
  ! HOST CLOCK is 1463.8 min from the broker's. Session windows are UNAFFECTED (offset is hour-rounded), but fix it: the hypervisor time provider usually needs disabling before w32time will hold.
PREFLIGHT OK -- account, clock, data, state, ledgers all verified
  CLOCK BOOTSTRAPPING: awaiting advancement proof
  NO NEW ENTRIES THIS CYCLE -- a trustworthy current market clock could not be established. Open positions keep their broker stops; exits and reconciliation have already run.

===== cycle 2026-09-06 00:19:01 UTC (host local 2026-09-05 17:19:01) =====
DEMO GATE OK -> 1514487471 FTMO-Demo equity 99995.90
  bar-vs-tick gap 359s (diagnostic only; freshness is decided by clock_state after exits and reconciliation)
  ! HOST CLOCK is 1464.1 min from the broker's. Session windows are UNAFFECTED (offset is hour-rounded), but fix it: the hypervisor time provider usually needs disabling before w32time will hold.
PREFLIGHT OK -- account, clock, data, state, ledgers all verified
  CLOCK BOOTSTRAPPING: awaiting advancement proof
  NO NEW ENTRIES THIS CYCLE -- a trustworthy current market clock could not be established. Open positions keep their broker stops; exits and reconciliation have already run.

===== cycle 2026-09-06 00:19:49 UTC (host local 2026-09-05 17:19:49) =====
DEMO GATE OK -> 1514487471 FTMO-Demo equity 99995.90
  bar-vs-tick gap 359s (diagnostic only; freshness is decided by clock_state after exits and reconciliation)
  ! HOST CLOCK is 1464.9 min from the broker's. Session windows are UNAFFECTED (offset is hour-rounded), but fix it: the hypervisor time provider usually needs disabling before w32time will hold.
PREFLIGHT OK -- account, clock, data, state, ledgers all verified
  CLOCK BOOTSTRAPPING: awaiting advancement proof
  NO NEW ENTRIES THIS CYCLE -- a trustworthy current market clock could not be established. Open positions keep their broker stops; exits and reconciliation have already run.

===== cycle 2026-09-06 00:20:01 UTC (host local 2026-09-05 17:20:01) =====
DEMO GATE OK -> 1514487471 FTMO-Demo equity 99995.90
  bar-vs-tick gap 359s (diagnostic only; freshness is decided by clock_state after exits and reconciliation)
  ! HOST CLOCK is 1465.1 min from the broker's. Session windows are UNAFFECTED (offset is hour-rounded), but fix it: the hypervisor time provider usually needs disabling before w32time will hold.
PREFLIGHT OK -- account, clock, data, state, ledgers all verified
  CLOCK BOOTSTRAPPING: awaiting advancement proof
  NO NEW ENTRIES THIS CYCLE -- a trustworthy current market clock could not be established. Open positions keep their broker stops; exits and reconciliation have already run.

===== cycle 2026-09-06 00:20:50 UTC (host local 2026-09-05 17:20:50) =====
DEMO GATE OK -> 1514487471 FTMO-Demo equity 99995.90
  bar-vs-tick gap 359s (diagnostic only; freshness is decided by clock_state after exits and reconciliation)
  ! HOST CLOCK is 1465.9 min from the broker's. Session windows are UNAFFECTED (offset is hour-rounded), but fix it: the hypervisor time provider usually needs disabling before w32time will hold.
PREFLIGHT OK -- account, clock, data, state, ledgers all verified
  CLOCK BOOTSTRAPPING: awaiting advancement proof
  NO NEW ENTRIES THIS CYCLE -- a trustworthy current market clock could not be established. Open positions keep their broker stops; exits and reconciliation have already run.

===== cycle 2026-09-06 00:21:01 UTC (host local 2026-09-05 17:21:01) =====
DEMO GATE OK -> 1514487471 FTMO-Demo equity 99995.90
  bar-vs-tick gap 359s (diagnostic only; freshness is decided by clock_state after exits and reconciliation)
  ! HOST CLOCK is 1466.1 min from the broker's. Session windows are UNAFFECTED (offset is hour-rounded), but fix it: the hypervisor time provider usually needs disabling before w32time will hold.
PREFLIGHT OK -- account, clock, data, state, ledgers all verified
  CLOCK BOOTSTRAPPING: awaiting advancement proof
  NO NEW ENTRIES THIS CYCLE -- a trustworthy current market clock could not be established. Open positions keep their broker stops; exits and reconciliation have already run.

===== cycle 2026-09-06 00:21:51 UTC (host local 2026-09-05 17:21:51) =====
DEMO GATE OK -> 1514487471 FTMO-Demo equity 99995.90
  bar-vs-tick gap 359s (diagnostic only; freshness is decided by clock_state after exits and reconciliation)
  ! HOST CLOCK is 1466.9 min from the broker's. Session windows are UNAFFECTED (offset is hour-rounded), but fix it: the hypervisor time provider usually needs disabling before w32time will hold.
PREFLIGHT OK -- account, clock, data, state, ledgers all verified
  CLOCK BOOTSTRAPPING: awaiting advancement proof
  NO NEW ENTRIES THIS CYCLE -- a trustworthy current market clock could not be established. Open positions keep their broker stops; exits and reconciliation have already run.

===== cycle 2026-09-06 00:22:01 UTC (host local 2026-09-05 17:22:01) =====
DEMO GATE OK -> 1514487471 FTMO-Demo equity 99995.90
  bar-vs-tick gap 359s (diagnostic only; freshness is decided by clock_state after exits and reconciliation)
  ! HOST CLOCK is 1467.1 min from the broker's. Session windows are UNAFFECTED (offset is hour-rounded), but fix it: the hypervisor time provider usually needs disabling before w32time will hold.
PREFLIGHT OK -- account, clock, data, state, ledgers all verified
  CLOCK BOOTSTRAPPING: awaiting advancement proof
  NO NEW ENTRIES THIS CYCLE -- a trustworthy current market clock could not be established. Open positions keep their broker stops; exits and reconciliation have already run.

===== cycle 2026-09-06 00:22:52 UTC (host local 2026-09-05 17:22:52) =====
DEMO GATE OK -> 1514487471 FTMO-Demo equity 99995.90
  bar-vs-tick gap 359s (diagnostic only; freshness is decided by clock_state after exits and reconciliation)
  ! HOST CLOCK is 1467.9 min from the broker's. Session windows are UNAFFECTED (offset is hour-rounded), but fix it: the hypervisor time provider usually needs disabling before w32time will hold.
PREFLIGHT OK -- account, clock, data, state, ledgers all verified
  CLOCK BOOTSTRAPPING: awaiting advancement proof
  NO NEW ENTRIES THIS CYCLE -- a trustworthy current market clock could not be established. Open positions keep their broker stops; exits and reconciliation have already run.

===== cycle 2026-09-06 00:23:01 UTC (host local 2026-09-05 17:23:01) =====
DEMO GATE OK -> 1514487471 FTMO-Demo equity 99995.90
  bar-vs-tick gap 359s (diagnostic only; freshness is decided by clock_state after exits and reconciliation)
  ! HOST CLOCK is 1468.1 min from the broker's. Session windows are UNAFFECTED (offset is hour-rounded), but fix it: the hypervisor time provider usually needs disabling before w32time will hold.
PREFLIGHT OK -- account, clock, data, state, ledgers all verified
  CLOCK BOOTSTRAPPING: awaiting advancement proof
  NO NEW ENTRIES THIS CYCLE -- a trustworthy current market clock could not be established. Open positions keep their broker stops; exits and reconciliation have already run.

===== cycle 2026-09-06 00:23:53 UTC (host local 2026-09-05 17:23:53) =====
DEMO GATE OK -> 1514487471 FTMO-Demo equity 99995.90
  bar-vs-tick gap 359s (diagnostic only; freshness is decided by clock_state after exits and reconciliation)
  ! HOST CLOCK is 1468.9 min from the broker's. Session windows are UNAFFECTED (offset is hour-rounded), but fix it: the hypervisor time provider usually needs disabling before w32time will hold.
PREFLIGHT OK -- account, clock, data, state, ledgers all verified
  CLOCK BOOTSTRAPPING: awaiting advancement proof
  NO NEW ENTRIES THIS CYCLE -- a trustworthy current market clock could not be established. Open positions keep their broker stops; exits and reconciliation have already run.

===== cycle 2026-09-06 00:24:01 UTC (host local 2026-09-05 17:24:01) =====
DEMO GATE OK -> 1514487471 FTMO-Demo equity 99995.90
  bar-vs-tick gap 359s (diagnostic only; freshness is decided by clock_state after exits and reconciliation)
  ! HOST CLOCK is 1469.1 min from the broker's. Session windows are UNAFFECTED (offset is hour-rounded), but fix it: the hypervisor time provider usually needs disabling before w32time will hold.
PREFLIGHT OK -- account, clock, data, state, ledgers all verified
  CLOCK BOOTSTRAPPING: awaiting advancement proof
  NO NEW ENTRIES THIS CYCLE -- a trustworthy current market clock could not be established. Open positions keep their broker stops; exits and reconciliation have already run.

===== cycle 2026-09-06 00:24:54 UTC (host local 2026-09-05 17:24:54) =====
DEMO GATE OK -> 1514487471 FTMO-Demo equity 99995.90
  bar-vs-tick gap 359s (diagnostic only; freshness is decided by clock_state after exits and reconciliation)
  ! HOST CLOCK is 1469.9 min from the broker's. Session windows are UNAFFECTED (offset is hour-rounded), but fix it: the hypervisor time provider usually needs disabling before w32time will hold.
PREFLIGHT OK -- account, clock, data, state, ledgers all verified
  CLOCK BOOTSTRAPPING: awaiting advancement proof
  NO NEW ENTRIES THIS CYCLE -- a trustworthy current market clock could not be established. Open positions keep their broker stops; exits and reconciliation have already run.

===== cycle 2026-09-06 00:25:01 UTC (host local 2026-09-05 17:25:01) =====
DEMO GATE OK -> 1514487471 FTMO-Demo equity 99995.90
  bar-vs-tick gap 359s (diagnostic only; freshness is decided by clock_state after exits and reconciliation)
  ! HOST CLOCK is 1470.1 min from the broker's. Session windows are UNAFFECTED (offset is hour-rounded), but fix it: the hypervisor time provider usually needs disabling before w32time will hold.
PREFLIGHT OK -- account, clock, data, state, ledgers all verified
  CLOCK BOOTSTRAPPING: awaiting advancement proof
  NO NEW ENTRIES THIS CYCLE -- a trustworthy current market clock could not be established. Open positions keep their broker stops; exits and reconciliation have already run.

===== cycle 2026-09-06 00:25:56 UTC (host local 2026-09-05 17:25:56) =====
DEMO GATE OK -> 1514487471 FTMO-Demo equity 99995.90
  bar-vs-tick gap 359s (diagnostic only; freshness is decided by clock_state after exits and reconciliation)
  ! HOST CLOCK is 1471.0 min from the broker's. Session windows are UNAFFECTED (offset is hour-rounded), but fix it: the hypervisor time provider usually needs disabling before w32time will hold.
PREFLIGHT OK -- account, clock, data, state, ledgers all verified
  CLOCK BOOTSTRAPPING: awaiting advancement proof
  NO NEW ENTRIES THIS CYCLE -- a trustworthy current market clock could not be established. Open positions keep their broker stops; exits and reconciliation have already run.

===== cycle 2026-09-06 00:26:01 UTC (host local 2026-09-05 17:26:01) =====
DEMO GATE OK -> 1514487471 FTMO-Demo equity 99995.90
  bar-vs-tick gap 359s (diagnostic only; freshness is decided by clock_state after exits and reconciliation)
  ! HOST CLOCK is 1471.1 min from the broker's. Session windows are UNAFFECTED (offset is hour-rounded), but fix it: the hypervisor time provider usually needs disabling before w32time will hold.
PREFLIGHT OK -- account, clock, data, state, ledgers all verified
  CLOCK BOOTSTRAPPING: awaiting advancement proof
  NO NEW ENTRIES THIS CYCLE -- a trustworthy current market clock could not be established. Open positions keep their broker stops; exits and reconciliation have already run.

===== cycle 2026-09-06 00:26:57 UTC (host local 2026-09-05 17:26:57) =====
DEMO GATE OK -> 1514487471 FTMO-Demo equity 99995.90
  bar-vs-tick gap 359s (diagnostic only; freshness is decided by clock_state after exits and reconciliation)
  ! HOST CLOCK is 1472.0 min from the broker's. Session windows are UNAFFECTED (offset is hour-rounded), but fix it: the hypervisor time provider usually needs disabling before w32time will hold.
PREFLIGHT OK -- account, clock, data, state, ledgers all verified
  CLOCK BOOTSTRAPPING: awaiting advancement proof
  NO NEW ENTRIES THIS CYCLE -- a trustworthy current market clock could not be established. Open positions keep their broker stops; exits and reconciliation have already run.

===== cycle 2026-09-06 00:27:01 UTC (host local 2026-09-05 17:27:01) =====
DEMO GATE OK -> 1514487471 FTMO-Demo equity 99995.90
  bar-vs-tick gap 359s (diagnostic only; freshness is decided by clock_state after exits and reconciliation)
  ! HOST CLOCK is 1472.1 min from the broker's. Session windows are UNAFFECTED (offset is hour-rounded), but fix it: the hypervisor time provider usually needs disabling before w32time will hold.
PREFLIGHT OK -- account, clock, data, state, ledgers all verified
  CLOCK BOOTSTRAPPING: awaiting advancement proof
  NO NEW ENTRIES THIS CYCLE -- a trustworthy current market clock could not be established. Open positions keep their broker stops; exits and reconciliation have already run.

===== cycle 2026-09-06 00:27:58 UTC (host local 2026-09-05 17:27:58) =====
DEMO GATE OK -> 1514487471 FTMO-Demo equity 99995.90
  bar-vs-tick gap 359s (diagnostic only; freshness is decided by clock_state after exits and reconciliation)
  ! HOST CLOCK is 1473.0 min from the broker's. Session windows are UNAFFECTED (offset is hour-rounded), but fix it: the hypervisor time provider usually needs disabling before w32time will hold.
PREFLIGHT OK -- account, clock, data, state, ledgers all verified
  CLOCK BOOTSTRAPPING: awaiting advancement proof
  NO NEW ENTRIES THIS CYCLE -- a trustworthy current market clock could not be established. Open positions keep their broker stops; exits and reconciliation have already run.

===== cycle 2026-09-06 00:28:01 UTC (host local 2026-09-05 17:28:01) =====
DEMO GATE OK -> 1514487471 FTMO-Demo equity 99995.90
  bar-vs-tick gap 359s (diagnostic only; freshness is decided by clock_state after exits and reconciliation)
  ! HOST CLOCK is 1473.1 min from the broker's. Session windows are UNAFFECTED (offset is hour-rounded), but fix it: the hypervisor time provider usually needs disabling before w32time will hold.
PREFLIGHT OK -- account, clock, data, state, ledgers all verified
  CLOCK BOOTSTRAPPING: awaiting advancement proof
  NO NEW ENTRIES THIS CYCLE -- a trustworthy current market clock could not be established. Open positions keep their broker stops; exits and reconciliation have already run.

===== cycle 2026-09-06 00:28:59 UTC (host local 2026-09-05 17:28:59) =====
DEMO GATE OK -> 1514487471 FTMO-Demo equity 99995.90
  bar-vs-tick gap 359s (diagnostic only; freshness is decided by clock_state after exits and reconciliation)
  ! HOST CLOCK is 1474.0 min from the broker's. Session windows are UNAFFECTED (offset is hour-rounded), but fix it: the hypervisor time provider usually needs disabling before w32time will hold.
PREFLIGHT OK -- account, clock, data, state, ledgers all verified
  CLOCK BOOTSTRAPPING: awaiting advancement proof
  NO NEW ENTRIES THIS CYCLE -- a trustworthy current market clock could not be established. Open positions keep their broker stops; exits and reconciliation have already run.

===== cycle 2026-09-06 00:29:01 UTC (host local 2026-09-05 17:29:01) =====
DEMO GATE OK -> 1514487471 FTMO-Demo equity 99995.90
  bar-vs-tick gap 359s (diagnostic only; freshness is decided by clock_state after exits and reconciliation)
  ! HOST CLOCK is 1474.1 min from the broker's. Session windows are UNAFFECTED (offset is hour-rounded), but fix it: the hypervisor time provider usually needs disabling before w32time will hold.
PREFLIGHT OK -- account, clock, data, state, ledgers all verified
  CLOCK BOOTSTRAPPING: awaiting advancement proof
  NO NEW ENTRIES THIS CYCLE -- a trustworthy current market clock could not be established. Open positions keep their broker stops; exits and reconciliation have already run.

===== cycle 2026-09-06 00:30:00 UTC (host local 2026-09-05 17:30:00) =====
DEMO GATE OK -> 1514487471 FTMO-Demo equity 99995.90
  bar-vs-tick gap 359s (diagnostic only; freshness is decided by clock_state after exits and reconciliation)
  ! HOST CLOCK is 1475.0 min from the broker's. Session windows are UNAFFECTED (offset is hour-rounded), but fix it: the hypervisor time provider usually needs disabling before w32time will hold.
PREFLIGHT OK -- account, clock, data, state, ledgers all verified
  CLOCK BOOTSTRAPPING: awaiting advancement proof
  NO NEW ENTRIES THIS CYCLE -- a trustworthy current market clock could not be established. Open positions keep their broker stops; exits and reconciliation have already run.

===== cycle 2026-09-06 00:30:01 UTC (host local 2026-09-05 17:30:01) =====
DEMO GATE OK -> 1514487471 FTMO-Demo equity 99995.90
  bar-vs-tick gap 359s (diagnostic only; freshness is decided by clock_state after exits and reconciliation)
  ! HOST CLOCK is 1475.1 min from the broker's. Session windows are UNAFFECTED (offset is hour-rounded), but fix it: the hypervisor time provider usually needs disabling before w32time will hold.
PREFLIGHT OK -- account, clock, data, state, ledgers all verified
  CLOCK BOOTSTRAPPING: awaiting advancement proof
  NO NEW ENTRIES THIS CYCLE -- a trustworthy current market clock could not be established. Open positions keep their broker stops; exits and reconciliation have already run.
